Component: ARM Compiler 5.06 update 7 (build 960) Tool: armlink [4d3601]

==============================================================================

Section Cross References

    startup_stm32f413xx.o(STACK) refers (Special) to heapauxi.o(.text) for __use_two_region_memory
    startup_stm32f413xx.o(HEAP) refers (Special) to heapauxi.o(.text) for __use_two_region_memory
    startup_stm32f413xx.o(RESET) refers (Special) to heapauxi.o(.text) for __use_two_region_memory
    startup_stm32f413xx.o(RESET) refers to startup_stm32f413xx.o(STACK) for __initial_sp
    startup_stm32f413xx.o(RESET) refers to startup_stm32f413xx.o(.text) for Reset_Handler
    startup_stm32f413xx.o(RESET) refers to stm32f4xx_it.o(i.NMI_Handler) for NMI_Handler
    startup_stm32f413xx.o(RESET) refers to stm32f4xx_it.o(i.HardFault_Handler) for HardFault_Handler
    startup_stm32f413xx.o(RESET) refers to stm32f4xx_it.o(i.MemManage_Handler) for MemManage_Handler
    startup_stm32f413xx.o(RESET) refers to stm32f4xx_it.o(i.BusFault_Handler) for BusFault_Handler
    startup_stm32f413xx.o(RESET) refers to stm32f4xx_it.o(i.UsageFault_Handler) for UsageFault_Handler
    startup_stm32f413xx.o(RESET) refers to stm32f4xx_it.o(i.SVC_Handler) for SVC_Handler
    startup_stm32f413xx.o(RESET) refers to stm32f4xx_it.o(i.DebugMon_Handler) for DebugMon_Handler
    startup_stm32f413xx.o(RESET) refers to stm32f4xx_it.o(i.PendSV_Handler) for PendSV_Handler
    startup_stm32f413xx.o(RESET) refers to stm32f4xx_it.o(i.SysTick_Handler) for SysTick_Handler
    startup_stm32f413xx.o(RESET) refers to stm32f4xx_it.o(i.EXTI4_IRQHandler) for EXTI4_IRQHandler
    startup_stm32f413xx.o(RESET) refers to stm32f4xx_it.o(i.DMA1_Stream1_IRQHandler) for DMA1_Stream1_IRQHandler
    startup_stm32f413xx.o(RESET) refers to stm32f4xx_it.o(i.DMA1_Stream3_IRQHandler) for DMA1_Stream3_IRQHandler
    startup_stm32f413xx.o(RESET) refers to stm32f4xx_it.o(i.DMA1_Stream4_IRQHandler) for DMA1_Stream4_IRQHandler
    startup_stm32f413xx.o(RESET) refers to stm32f4xx_it.o(i.EXTI9_5_IRQHandler) for EXTI9_5_IRQHandler
    startup_stm32f413xx.o(RESET) refers to stm32f4xx_it.o(i.TIM1_UP_TIM10_IRQHandler) for TIM1_UP_TIM10_IRQHandler
    startup_stm32f413xx.o(RESET) refers to stm32f4xx_it.o(i.SPI2_IRQHandler) for SPI2_IRQHandler
    startup_stm32f413xx.o(RESET) refers to stm32f4xx_it.o(i.SDIO_IRQHandler) for SDIO_IRQHandler
    startup_stm32f413xx.o(RESET) refers to stm32f4xx_it.o(i.TIM6_DAC_IRQHandler) for TIM6_DAC_IRQHandler
    startup_stm32f413xx.o(RESET) refers to stm32f4xx_it.o(i.TIM7_IRQHandler) for TIM7_IRQHandler
    startup_stm32f413xx.o(RESET) refers to stm32f4xx_it.o(i.DMA2_Stream0_IRQHandler) for DMA2_Stream0_IRQHandler
    startup_stm32f413xx.o(RESET) refers to stm32f4xx_it.o(i.DMA2_Stream1_IRQHandler) for DMA2_Stream1_IRQHandler
    startup_stm32f413xx.o(RESET) refers to stm32f4xx_it.o(i.DMA2_Stream3_IRQHandler) for DMA2_Stream3_IRQHandler
    startup_stm32f413xx.o(RESET) refers to stm32f4xx_it.o(i.DMA2_Stream4_IRQHandler) for DMA2_Stream4_IRQHandler
    startup_stm32f413xx.o(RESET) refers to stm32f4xx_it.o(i.DMA2_Stream6_IRQHandler) for DMA2_Stream6_IRQHandler
    startup_stm32f413xx.o(RESET) refers to stm32f4xx_it.o(i.UART7_IRQHandler) for UART7_IRQHandler
    startup_stm32f413xx.o(RESET) refers to stm32f4xx_it.o(i.SPI4_IRQHandler) for SPI4_IRQHandler
    startup_stm32f413xx.o(RESET) refers to stm32f4xx_it.o(i.SPI5_IRQHandler) for SPI5_IRQHandler
    startup_stm32f413xx.o(.text) refers (Special) to heapauxi.o(.text) for __use_two_region_memory
    startup_stm32f413xx.o(.text) refers to system_stm32f4xx.o(i.SystemInit) for SystemInit
    startup_stm32f413xx.o(.text) refers to __main.o(!!!main) for __main
    startup_stm32f413xx.o(.text) refers to startup_stm32f413xx.o(HEAP) for Heap_Mem
    startup_stm32f413xx.o(.text) refers to startup_stm32f413xx.o(STACK) for Stack_Mem
    max86171.o(i.MAX86171_adjust_clock) refers to _printf_percent.o(.ARM.Collect$$_printf_percent$$00000000) for _printf_percent
    max86171.o(i.MAX86171_adjust_clock) refers to _printf_d.o(.ARM.Collect$$_printf_percent$$00000009) for _printf_d
    max86171.o(i.MAX86171_adjust_clock) refers to _printf_dec.o(.text) for _printf_int_dec
    max86171.o(i.MAX86171_adjust_clock) refers to max86171.o(i.MAX86171_writeReg) for MAX86171_writeReg
    max86171.o(i.MAX86171_adjust_clock) refers to noretval__2printf.o(.text) for __2printf
    max86171.o(i.MAX86171_init) refers to max86171.o(i.MAX86171_init_setup) for MAX86171_init_setup
    max86171.o(i.MAX86171_init) refers to max86171.o(i.MAX86171_read_status_1) for MAX86171_read_status_1
    max86171.o(i.MAX86171_init) refers to stm32f4xx_hal.o(i.HAL_Delay) for HAL_Delay
    max86171.o(i.MAX86171_init) refers to max86171.o(i.MAX86171_read_status_2) for MAX86171_read_status_2
    max86171.o(i.MAX86171_init) refers to max86171.o(i.MAX86171_read_status_3) for MAX86171_read_status_3
    max86171.o(i.MAX86171_init) refers to max86171.o(i.MAX86171_readReg) for MAX86171_readReg
[...]
    Font_24x35                               0x2000001c   Data           8  fonts.o(.data)
    Font_32x44                               0x20000024   Data           8  fonts.o(.data)
    Font_32x86                               0x2000002c   Data           8  fonts.o(.data)
    res                                      0x20000038   Data           1  main.o(.data)
    max30003_RxData                          0x20000039   Data           4  main.o(.data)
    max30003_step                            0x2000003d   Data           1  main.o(.data)
    max86171_step                            0x2000003e   Data           2  main.o(.data)
    max86171_stat                            0x20000040   Data           1  main.o(.data)
    Rx_indx                                  0x20000041   Data           1  main.o(.data)
    Rx_data                                  0x20000042   Data           2  main.o(.data)
    BT_rx_flag                               0x20000044   Data           1  main.o(.data)
    sw_flag                                  0x20000045   Data           1  main.o(.data)
    sw_L_flag                                0x20000046   Data           1  main.o(.data)
    sw_R_flag                                0x20000047   Data           1  main.o(.data)
    sw_C_flag                                0x20000048   Data           1  main.o(.data)
    battery_value                            0x20000049   Data           1  main.o(.data)
    LSM6DSM_IMUSetting                       0x2000004a   Data          16  main.o(.data)
    I2C_RxData                               0x2000005a   Data           3  main.o(.data)
    I2C_Stat                                 0x2000005e   Data           2  main.o(.data)
    I2C_polling_data                         0x20000060   Data           2  main.o(.data)
    file_count                               0x20000062   Data           1  main.o(.data)
    folder_count                             0x20000063   Data           1  main.o(.data)
    spk_switch                               0x20000064   Data           1  main.o(.data)
    time_flag2                               0x20000066   Data           2  main.o(.data)
    error_code                               0x20000068   Data           2  main.o(.data)
    AF_shannon                               0x20000070   Data           8  main.o(.data)
    AF_sample                                0x20000078   Data           8  main.o(.data)
    AF_rmssd                                 0x20000080   Data           8  main.o(.data)
    AF_rri                                   0x20000088   Data           1  main.o(.data)
    ble_cnt                                  0x20000089   Data           1  main.o(.data)
    bat_cnt                                  0x2000008a   Data           1  main.o(.data)
    sd_cnt                                   0x2000008b   Data           1  main.o(.data)
    file_init                                0x2000008c   Data           1  main.o(.data)
    left_btn                                 0x2000008d   Data           1  main.o(.data)
    right_btn                                0x2000008e   Data           1  main.o(.data)
    ok_btn                                   0x2000008f   Data           1  main.o(.data)
    btn_flag                                 0x20000090   Data           1  main.o(.data)
    pull_btn_time                            0x20000092   Data           2  main.o(.data)
    btn_pressing                             0x20000094   Data           2  main.o(.data)
    screen_status                            0x20000096   Data           1  main.o(.data)
    menu_btn_count                           0x20000097   Data           1  main.o(.data)
    server_btn_count                         0x20000098   Data           1  main.o(.data)
    server_layout                            0x20000099   Data           1  main.o(.data)
    screen_dot                               0x2000009a   Data           2  main.o(.data)
    AF_layout                                0x2000009c   Data           1  main.o(.data)
    screen_flag                              0x2000009d   Data           1  main.o(.data)
    line_x                                   0x2000009e   Data           1  main.o(.data)
    line_y1                                  0x200000a0   Data           4  main.o(.data)
    line_y2                                  0x200000a4   Data           4  main.o(.data)
    base_line_y                              0x200000a8   Data           4  main.o(.data)
    max_line_y                               0x200000ac   Data           4  main.o(.data)
    min_line_y                               0x200000b0   Data           4  main.o(.data)
    Filter_Idx                               0x200000b4   Data           2  main.o(.data)
    fir_threshold                            0x200000b6   Data           2  main.o(.data)
    retSD                                    0x200000c4   Data           1  fatfs.o(.data)
    SDPath                                   0x200000c5   Data           4  fatfs.o(.data)
    uwTick                                   0x200000cc   Data           4  stm32f4xx_hal.o(.data)
    uwTickPrio                               0x200000d0   Data           4  stm32f4xx_hal.o(.data)
    uwTickFreq                               0x200000d4   Data           1  stm32f4xx_hal.o(.data)
    SystemCoreClock                          0x200000d8   Data           4  system_stm32f4xx.o(.data)
    __aeabi_stdin                            0x200000e8   Data           4  stdio_streams.o(.data)
    __aeabi_stdout                           0x200000ec   Data           4  stdio_streams.o(.data)
    __aeabi_stderr                           0x200000f0   Data           4  stdio_streams.o(.data)
    hi2c1                                    0x200000f4   Data          84  main.o(.bss)
    hiwdg                                    0x20000148   Data          12  main.o(.bss)
    hsd                                      0x20000154   Data         132  main.o(.bss)
    hdma_sdio_rx                             0x200001d8   Data          96  main.o(.bss)
    hdma_sdio_tx                             0x20000238   Data          96  main.o(.bss)
    hspi2                                    0x20000298   Data          88  main.o(.bss)
    hspi4                                    0x200002f0   Data          88  main.o(.bss)
    hspi5                                    0x20000348   Data          88  main.o(.bss)
    hdma_spi2_rx                             0x200003a0   Data          96  main.o(.bss)
    hdma_spi2_tx                             0x20000400   Data          96  main.o(.bss)
    hdma_spi4_rx                             0x20000460   Data          96  main.o(.bss)
    hdma_spi4_tx                             0x200004c0   Data          96  main.o(.bss)
    hdma_spi5_tx                             0x20000520   Data          96  main.o(.bss)
    htim3                                    0x20000580   Data          64  main.o(.bss)
    htim6                                    0x200005c0   Data          64  main.o(.bss)
    htim7                                    0x20000600   Data          64  main.o(.bss)
    htim9                                    0x20000640   Data          64  main.o(.bss)
    huart7                                   0x20000680   Data          64  main.o(.bss)
    hdma_uart7_tx                            0x200006c0   Data          96  main.o(.bss)
    SDFatFs                                  0x20000720   Data        4152  main.o(.bss)
    ECG_fp                                   0x20001758   Data        4144  main.o(.bss)
    PPG_fp                                   0x20002788   Data        4144  main.o(.bss)
    IMU_fp                                   0x200037b8   Data        4144  main.o(.bss)
    dir                                      0x200047e8   Data          56  main.o(.bss)
    fno                                      0x20004820   Data         280  main.o(.bss)
    SD_msg                                   0x20004938   Data         100  main.o(.bss)
    max30003_data                            0x2000499c   Data         100  main.o(.bss)
    max86171_data                            0x20004a00   Data         768  main.o(.bss)
    max86171_buffer                          0x20004d00   Data          24  main.o(.bss)
    Rx_Buffer                                0x20004d18   Data          25  main.o(.bss)
    Rx_read_data                             0x20004d31   Data          25  main.o(.bss)
    I2C_BurstData                            0x20004d4a   Data         480  main.o(.bss)
    st7789_PFP                               0x20004f2a   Data       115200  main.o(.bss)
    lcd_str                                  0x2002112a   Data          40  main.o(.bss)
    error_msg                                0x20021152   Data          30  main.o(.bss)
    PPI                                      0x20021170   Data          17  main.o(.bss)
    Peak_Interval                            0x20021181   Data          10  main.o(.bss)
    S                                        0x2002118c   Data          12  main.o(.bss)
    newPpgDataFN                             0x20021964   Data        3200  main.o(.bss)
    fir_LCD_data                             0x200225e4   Data         200  main.o(.bss)
    htim1                                    0x200226ac   Data          64  stm32f4xx_hal_timebase_tim.o(.bss)
    disk                                     0x2002293c   Data          12  ff_gen_drv.o(.bss)
    __stdin                                  0x20022948   Data          84  stdio_streams.o(.bss)
    __stdout                                 0x2002299c   Data          84  stdio_streams.o(.bss)
    __stderr                                 0x200229f0   Data          84  stdio_streams.o(.bss)
    __libspace_start                         0x20022a44   Data          96  libspace.o(.bss)
    __temporary_stack_top$libspace           0x20022aa4   Data           0  libspace.o(.bss)



==============================================================================

Memory Map of the image

  Image Entry point : 0x080001d9

  Load Region LR_IROM1 (Base: 0x08000000, Size: 0x00024a94, Max: 0x00100000, ABSOLUTE)

    Execution Region ER_IROM1 (Exec base: 0x08000000, Load base: 0x08000000, Size: 0x000249a0, Max: 0x00100000, ABSOLUTE)

    Exec Addr    Load Addr    Size         Type   Attr      Idx    E Section Name        Object

    0x08000000   0x08000000   0x000001d8   Data   RO            3    RESET               startup_stm32f413xx.o
    0x080001d8   0x080001d8   0x00000008   Code   RO         6515  * !!!main             c_w.l(__main.o)
    0x080001e0   0x080001e0   0x00000034   Code   RO         6976    !!!scatter          c_w.l(__scatter.o)
    0x08000214   0x08000214   0x0000001a   Code   RO         6978    !!handler_copy      c_w.l(__scatter_copy.o)
    0x0800022e   0x0800022e   0x00000002   PAD
    0x08000230   0x08000230   0x0000001c   Code   RO         6980    !!handler_zi        c_w.l(__scatter_zi.o)
    0x0800024c   0x0800024c   0x00000000   Code   RO         6487    .ARM.Collect$$_printf_percent$$00000000  c_w.l(_printf_percent.o)
    0x0800024c   0x0800024c   0x00000006   Code   RO         6486    .ARM.Collect$$_printf_percent$$00000003  c_w.l(_printf_f.o)
    0x08000252   0x08000252   0x00000006   Code   RO         6485    .ARM.Collect$$_printf_percent$$00000009  c_w.l(_printf_d.o)
    0x08000258   0x08000258   0x00000006   Code   RO         6484    .ARM.Collect$$_printf_percent$$00000014  c_w.l(_printf_s.o)
    0x0800025e   0x0800025e   0x00000004   Code   RO         6647    .ARM.Collect$$_printf_percent$$00000017  c_w.l(_printf_percent_end.o)
    0x08000262   0x08000262   0x00000002   Code   RO         6903    .ARM.Collect$$libinit$$00000000  c_w.l(libinit.o)
    0x08000264   0x08000264   0x00000004   Code   RO         6660    .ARM.Collect$$libinit$$00000001  c_w.l(libinit2.o)
    0x08000268   0x08000268   0x00000000   Code   RO         6663    .ARM.Collect$$libinit$$00000004  c_w.l(libinit2.o)
    0x08000268   0x08000268   0x00000008   Code   RO         6664    .ARM.Collect$$libinit$$00000005  c_w.l(libinit2.o)
    0x08000270   0x08000270   0x00000000   Code   RO         6666    .ARM.Collect$$libinit$$0000000A  c_w.l(libinit2.o)
    0x08000270   0x08000270   0x00000000   Code   RO         6668    .ARM.Collect$$libinit$$0000000C  c_w.l(libinit2.o)
    0x08000270   0x08000270   0x00000000   Code   RO         6670    .ARM.Collect$$libinit$$0000000E  c_w.l(libinit2.o)
    0x08000270   0x08000270   0x00000006   Code   RO         6671    .ARM.Collect$$libinit$$0000000F  c_w.l(libinit2.o)
    0x08000276   0x08000276   0x00000000   Code   RO         6673    .ARM.Collect$$libinit$$00000011  c_w.l(libinit2.o)
    0x08000276   0x08000276   0x00000000   Code   RO         6675    .ARM.Collect$$libinit$$00000013  c_w.l(libinit2.o)
    0x08000276   0x08000276   0x00000000   Code   RO         6677    .ARM.Collect$$libinit$$00000015  c_w.l(libinit2.o)
    0x08000276   0x08000276   0x0000000a   Code   RO         6678    .ARM.Collect$$libinit$$00000016  c_w.l(libinit2.o)
    0x08000280   0x08000280   0x00000000   Code   RO         6679    .ARM.Collect$$libinit$$00000017  c_w.l(libinit2.o)
    0x08000280   0x08000280   0x00000000   Code   RO         6681    .ARM.Collect$$libinit$$00000019  c_w.l(libinit2.o)
    0x08000280   0x08000280   0x00000000   Code   RO         6683    .ARM.Collect$$libinit$$0000001B  c_w.l(libinit2.o)
    0x08000280   0x08000280   0x00000000   Code   RO         6685    .ARM.Collect$$libinit$$0000001D  c_w.l(libinit2.o)
    0x08000280   0x08000280   0x00000000   Code   RO         6687    .ARM.Collect$$libinit$$0000001F  c_w.l(libinit2.o)
    0x08000280   0x08000280   0x00000000   Code   RO         6689    .ARM.Collect$$libinit$$00000021  c_w.l(libinit2.o)
    0x08000280   0x08000280   0x00000000   Code   RO         6691    .ARM.Collect$$libinit$$00000023  c_w.l(libinit2.o)
    0x08000280   0x08000280   0x00000004   Code   RO         6692    .ARM.Collect$$libinit$$00000024  c_w.l(libinit2.o)
    0x08000284   0x08000284   0x00000000   Code   RO         6693    .ARM.Collect$$libinit$$00000025  c_w.l(libinit2.o)
    0x08000284   0x08000284   0x00000000   Code   RO         6697    .ARM.Collect$$libinit$$0000002C  c_w.l(libinit2.o)
    0x08000284   0x08000284   0x00000000   Code   RO         6699    .ARM.Collect$$libinit$$0000002E  c_w.l(libinit2.o)
    0x08000284   0x08000284   0x00000000   Code   RO         6701    .ARM.Collect$$libinit$$00000030  c_w.l(libinit2.o)
    0x08000284   0x08000284   0x00000000   Code   RO         6703    .ARM.Collect$$libinit$$00000032  c_w.l(libinit2.o)
    0x08000284   0x08000284   0x00000002   Code   RO         6704    .ARM.Collect$$libinit$$00000033  c_w.l(libinit2.o)
    0x08000286   0x08000286   0x00000002   Code   RO         6973    .ARM.Collect$$libshutdown$$00000000  c_w.l(libshutdown.o)
    0x08000288   0x08000288   0x00000000   Code   RO         6905    .ARM.Collect$$libshutdown$$00000002  c_w.l(libshutdown2.o)
    0x08000288   0x08000288   0x00000000   Code   RO         6907    .ARM.Collect$$libshutdown$$00000004  c_w.l(libshutdown2.o)
    0x08000288   0x08000288   0x00000004   Code   RO         6908    .ARM.Collect$$libshutdown$$00000005  c_w.l(libshutdown2.o)
    0x0800028c   0x0800028c   0x00000000   Code   RO         6909    .ARM.Collect$$libshutdown$$00000006  c_w.l(libshutdown2.o)
    0x0800028c   0x0800028c   0x00000000   Code   RO         6912    .ARM.Collect$$libshutdown$$00000009  c_w.l(libshutdown2.o)
    0x0800028c   0x0800028c   0x00000000   Code   RO         6915    .ARM.Collect$$libshutdown$$0000000C  c_w.l(libshutdown2.o)
    0x0800028c   0x0800028c   0x00000000   Code   RO         6917    .ARM.Collect$$libshutdown$$0000000E  c_w.l(libshutdown2.o)
    0x0800028c   0x0800028c   0x00000000   Code   RO         6920    .ARM.Collect$$libshutdown$$00000011  c_w.l(libshutdown2.o)
    0x0800028c   0x0800028c   0x00000002   Code   RO         6921    .ARM.Collect$$libshutdown$$00000012  c_w.l(libshutdown2.o)
    0x0800028e   0x0800028e   0x00000000   Code   RO         6603    .ARM.Collect$$rtentry$$00000000  c_w.l(__rtentry.o)
    0x0800028e   0x0800028e   0x00000000   Code   RO         6763    .ARM.Collect$$rtentry$$00000002  c_w.l(__rtentry2.o)
    0x0800028e   0x0800028e   0x00000006   Code   RO         6775    .ARM.Collect$$rtentry$$00000004  c_w.l(__rtentry4.o)
    0x08000294   0x08000294   0x00000000   Code   RO         6765    .ARM.Collect$$rtentry$$00000009  c_w.l(__rtentry2.o)
    0x08000294   0x08000294   0x00000004   Code   RO         6766    .ARM.Collect$$rtentry$$0000000A  c_w.l(__rtentry2.o)
    0x08000298   0x08000298   0x00000000   Code   RO         6768    .ARM.Collect$$rtentry$$0000000C  c_w.l(__rtentry2.o)
    0x08000298   0x08000298   0x00000008   Code   RO         6769    .ARM.Collect$$rtentry$$0000000D  c_w.l(__rtentry2.o)
    0x080002a0   0x080002a0   0x00000002   Code   RO         6926    .ARM.Collect$$rtexit$$00000000  c_w.l(rtexit.o)
    0x080002a2   0x080002a2   0x00000000   Code   RO         6949    .ARM.Collect$$rtexit$$00000002  c_w.l(rtexit2.o)
    0x080002a2   0x080002a2   0x00000004   Code   RO         6950    .ARM.Collect$$rtexit$$00000003  c_w.l(rtexit2.o)
    0x080002a6   0x080002a6   0x00000006   Code   RO         6951    .ARM.Collect$$rtexit$$00000004  c_w.l(rtexit2.o)
    0x080002ac   0x080002ac   0x00000000   Code   RO         6791    .emb_text           c_w.l(maybetermalloc1.o)
    0x080002ac   0x080002ac   0x00000040   Code   RO            4    .text               startup_stm32f413xx.o
    0x080002ec   0x080002ec   0x0000005e   Code   RO         6388    .text               c_w.l(h1_alloc.o)
    0x0800034a   0x0800034a   0x0000004e   Code   RO         6390    .text               c_w.l(h1_free.o)
    0x08000398   0x08000398   0x000000ee   Code   RO         6446    .text               c_w.l(lludivv7m.o)
    0x08000486   0x08000486   0x00000002   PAD
    0x08000488   0x08000488   0x00000018   Code   RO         6452    .text               c_w.l(noretval__2printf.o)
    0x080004a0   0x080004a0   0x00000028   Code   RO         6454    .text               c_w.l(noretval__2sprintf.o)
    0x080004c8   0x080004c8   0x0000004e   Code   RO         6458    .text               c_w.l(_printf_pad.o)
    0x08000516   0x08000516   0x00000052   Code   RO         6460    .text               c_w.l(_printf_str.o)
    0x08000568   0x08000568   0x00000078   Code   RO         6462    .text               c_w.l(_printf_dec.o)
    0x080005e0   0x080005e0   0x0000010e   Code   RO         6472    .text               c_w.l(__printf_wp.o)
    0x080006ee   0x080006ee   0x00000002   PAD
    0x080006f0   0x080006f0   0x0000000c   Code   RO         6488    .text               c_w.l(strtok.o)
    0x080006fc   0x080006fc   0x00000014   Code   RO         6491    .text               c_w.l(strchr.o)
    0x08000710   0x08000710   0x00000024   Code   RO         6493    .text               c_w.l(strstr.o)
    0x08000734   0x08000734   0x00000048   Code   RO         6495    .text               c_w.l(strcpy.o)
    0x0800077c   0x0800077c   0x0000003e   Code   RO         6497    .text               c_w.l(strlen.o)
    0x080007ba   0x080007ba   0x00000096   Code   RO         6499    .text               c_w.l(strncmp.o)
    0x08000850   0x08000850   0x00000018   Code   RO         6501    .text               c_w.l(strcat.o)
    0x08000868   0x08000868   0x0000008a   Code   RO         6503    .text               c_w.l(rt_memcpy_v6.o)
    0x080008f2   0x080008f2   0x00000044   Code   RO         6505    .text               c_w.l(rt_memclr.o)
    0x08000936   0x08000936   0x0000004e   Code   RO         6507    .text               c_w.l(rt_memclr_w.o)
    0x08000984   0x08000984   0x00000056   Code   RO         6509    .text               c_w.l(strncpy.o)
    0x080009da   0x080009da   0x00000002   PAD
    0x080009dc   0x080009dc   0x00000080   Code   RO         6511    .text               c_w.l(strcmpv7m.o)
    0x08000a5c   0x08000a5c   0x00000006   Code   RO         6513    .text               c_w.l(heapauxi.o)
    0x08000a62   0x08000a62   0x00000002   PAD
    0x08000a64   0x08000a64   0x00000008   Code   RO         6611    .text               c_w.l(rt_heap_descriptor_intlibspace.o)
    0x08000a6c   0x08000a6c   0x00000004   Code   RO         6613    .text               c_w.l(hguard.o)
    0x08000a70   0x08000a70   0x0000008a   Code   RO         6615    .text               c_w.l(init_alloc.o)
    0x08000afa   0x08000afa   0x0000000e   Code   RO         6619    .text               c_w.l(h1_init.o)
    0x08000b08   0x08000b08   0x00000016   Code   RO         6633    .text               c_w.l(_rserrno.o)
    0x08000b1e   0x08000b1e   0x000000b2   Code   RO         6635    .text               c_w.l(_printf_intcommon.o)
    0x08000bd0   0x08000bd0   0x0000041e   Code   RO         6637    .text               c_w.l(_printf_fp_dec.o)
    0x08000fee   0x08000fee   0x00000002   PAD
    0x08000ff0   0x08000ff0   0x00000030   Code   RO         6639    .text               c_w.l(_printf_char_common.o)
    0x08001020   0x08001020   0x0000000a   Code   RO         6641    .text               c_w.l(_sputc.o)
    0x0800102a   0x0800102a   0x0000002c   Code   RO         6643    .text               c_w.l(_printf_char.o)
    0x08001056   0x08001056   0x00000002   PAD
    0x08001058   0x08001058   0x00000024   Code   RO         6645    .text               c_w.l(_printf_char_file.o)
    0x0800107c   0x0800107c   0x00000044   Code   RO         6654    .text               c_w.l(strtok_int.o)
    0x080010c0   0x080010c0   0x00000064   Code   RO         6656    .text               c_w.l(rt_memcpy_w.o)
    0x08001124   0x08001124   0x00000008   Code   RO         6759    .text               c_w.l(libspace.o)
    0x0800112c   0x0800112c   0x00000008   Code   RO         6782    .text               c_w.l(rt_locale_intlibspace.o)
    0x08001134   0x08001134   0x00000008   Code   RO         6787    .text               c_w.l(rt_errno_addr_intlibspace.o)
    0x0800113c   0x0800113c   0x00000034   Code   RO         6793    .text               c_w.l(h1_extend.o)
    0x08001170   0x08001170   0x0000008a   Code   RO         6797    .text               c_w.l(lludiv10.o)
    0x080011fa   0x080011fa   0x00000002   PAD
    0x080011fc   0x080011fc   0x00000080   Code   RO         6799    .text               c_w.l(_printf_fp_infnan.o)
    0x0800127c   0x0800127c   0x000000e4   Code   RO         6803    .text               c_w.l(bigflt0.o)
    0x08001360   0x08001360   0x00000008   Code   RO         6828    .text               c_w.l(ferror.o)
    0x08001368   0x08001368   0x00000138   Code   RO         6830    .text               c_w.l(initio.o)
    0x080014a0   0x080014a0   0x0000000e   Code   RO         6839    .text               c_w.l(defsig_rtmem_outer.o)
    0x080014ae   0x080014ae   0x00000020   Code   RO         6843    .text               c_w.l(strcspn.o)
    0x080014ce   0x080014ce   0x0000001c   Code   RO         6845    .text               c_w.l(strspn.o)
    0x080014ea   0x080014ea   0x00000002   Code   RO         6860    .text               c_w.l(use_no_semi.o)
    0x080014ec   0x080014ec   0x00000000   Code   RO         6862    .text               c_w.l(indicate_semi.o)
    0x080014ec   0x080014ec   0x0000004a   Code   RO         6863    .text               c_w.l(sys_stackheap_outer.o)
    0x08001536   0x08001536   0x00000046   Code   RO         6869    .text               c_w.l(setvbuf.o)
    0x0800157c   0x0800157c   0x000000ec   Code   RO         6872    .text               c_w.l(fopen.o)
    0x08001668   0x08001668   0x0000004c   Code   RO         6874    .text               c_w.l(fclose.o)
    0x080016b4   0x080016b4   0x00000012   Code   RO         6880    .text               c_w.l(exit.o)
    0x080016c6   0x080016c6   0x0000000a   Code   RO         6882    .text               c_w.l(defsig_exit.o)
    0x080016d0   0x080016d0   0x0000000e   Code   RO         6888    .text               c_w.l(defsig_rtred_outer.o)
    0x080016de   0x080016de   0x00000002   PAD
    0x080016e0   0x080016e0   0x00000050   Code   RO         6892    .text               c_w.l(defsig_rtmem_inner.o)
    0x08001730   0x08001730   0x0000000c   Code   RO         6924    .text               c_w.l(sys_exit.o)
    0x0800173c   0x0800173c   0x000000f8   Code   RO         6932    .text               c_w.l(fseek.o)
    0x08001834   0x08001834   0x000000f0   Code   RO         6934    .text               c_w.l(stdio.o)
    0x08001924   0x08001924   0x00000032   Code   RO         6938    .text               c_w.l(defsig_general.o)
    0x08001956   0x08001956   0x00000002   PAD
    0x08001958   0x08001958   0x00000034   Code   RO         6942    .text               c_w.l(defsig_rtred_inner.o)
    0x0800198c   0x0800198c   0x0000000e   Code   RO         6946    .text               c_w.l(sys_wrch.o)
    0x0800199a   0x0800199a   0x00000042   Code   RO         6955    .text               c_w.l(ftell.o)
    0x080019dc   0x080019dc   0x0000003e   Code   RO         6806    CL$$btod_d2e        c_w.l(btod.o)
    0x08001a1a   0x08001a1a   0x00000046   Code   RO         6808    CL$$btod_d2e_denorm_low  c_w.l(btod.o)
    0x08001a60   0x08001a60   0x00000060   Code   RO         6807    CL$$btod_d2e_norm_op1  c_w.l(btod.o)
    0x08001ac0   0x08001ac0   0x00000338   Code   RO         6816    CL$$btod_div_common  c_w.l(btod.o)
    0x08001df8   0x08001df8   0x000000dc   Code   RO         6813    CL$$btod_e2e        c_w.l(btod.o)
    0x08001ed4   0x08001ed4   0x0000002a   Code   RO         6810    CL$$btod_ediv       c_w.l(btod.o)
    0x08001efe   0x08001efe   0x0000002a   Code   RO         6809    CL$$btod_emul       c_w.l(btod.o)
    0x08001f28   0x08001f28   0x00000244   Code   RO         6815    CL$$btod_mult_common  c_w.l(btod.o)
    0x0800216c   0x0800216c   0x0000057c   Code   RO          793    i.AF_Algorithm      main.o
    0x080026e8   0x080026e8   0x000000cc   Code   RO          701    i.AF_Normlaized_RMSSD  af_detect.o
    0x080027b4   0x080027b4   0x00000194   Code   RO          702    i.AF_Peak_detection  af_detect.o
    0x08002948   0x08002948   0x00000280   Code   RO          703    i.AF_Sample_Entropy  af_detect.o
    0x08002bc8   0x08002bc8   0x00000148   Code   RO          704    i.AF_Shannon_Entropy  af_detect.o
    0x08002d10   0x08002d10   0x0000014c   Code   RO          795    i.AF_Show_Data      main.o
    0x08002e5c   0x08002e5c   0x00000018   Code   RO         1715    i.BSP_PlatformIsDetected  fatfs_platform.o
    0x08002e74   0x08002e74   0x00000002   Code   RO         1517    i.BSP_SD_AbortCallback  bsp_driver_sd.o
    0x08002e76   0x08002e76   0x00000002   PAD
    0x08002e78   0x08002e78   0x00000014   Code   RO         1520    i.BSP_SD_GetCardInfo  bsp_driver_sd.o
    0x08002e8c   0x08002e8c   0x00000018   Code   RO         1521    i.BSP_SD_GetCardState  bsp_driver_sd.o
    0x08002ea4   0x08002ea4   0x00000030   Code   RO         1523    i.BSP_SD_Init       bsp_driver_sd.o
    0x08002ed4   0x08002ed4   0x00000016   Code   RO         1524    i.BSP_SD_IsDetected  bsp_driver_sd.o
    0x08002eea   0x08002eea   0x00000002   PAD
    0x08002eec   0x08002eec   0x00000028   Code   RO         1526    i.BSP_SD_ReadBlocks_DMA  bsp_driver_sd.o
    0x08002f14   0x08002f14   0x0000000c   Code   RO         1638    i.BSP_SD_ReadCpltCallback  sd_diskio.o
    0x08002f20   0x08002f20   0x00000028   Code   RO         1529    i.BSP_SD_WriteBlocks_DMA  bsp_driver_sd.o
    0x08002f48   0x08002f48   0x0000000c   Code   RO         1639    i.BSP_SD_WriteCpltCallback  sd_diskio.o
    0x08002f54   0x08002f54   0x000002d4   Code   RO          796    i.Bluetooth_init    main.o
    0x08003228   0x08003228   0x00000004   Code   RO         1191    i.BusFault_Handler  stm32f4xx_it.o
    0x0800322c   0x0800322c   0x000002ac   Code   RO          797    i.DATA_FIFO         main.o
    0x080034d8   0x080034d8   0x00000010   Code   RO         1192    i.DMA1_Stream1_IRQHandler  stm32f4xx_it.o
    0x080034e8   0x080034e8   0x00000010   Code   RO         1193    i.DMA1_Stream3_IRQHandler  stm32f4xx_it.o
    0x080034f8   0x080034f8   0x00000010   Code   RO         1194    i.DMA1_Stream4_IRQHandler  stm32f4xx_it.o
    0x08003508   0x08003508   0x00000010   Code   RO         1195    i.DMA2_Stream0_IRQHandler  stm32f4xx_it.o
    0x08003518   0x08003518   0x00000010   Code   RO         1196    i.DMA2_Stream1_IRQHandler  stm32f4xx_it.o
    0x08003528   0x08003528   0x00000010   Code   RO         1197    i.DMA2_Stream3_IRQHandler  stm32f4xx_it.o
    0x08003538   0x08003538   0x00000010   Code   RO         1198    i.DMA2_Stream4_IRQHandler  stm32f4xx_it.o
    0x08003548   0x08003548   0x00000010   Code   RO         1199    i.DMA2_Stream6_IRQHandler  stm32f4xx_it.o
    0x08003558   0x08003558   0x00000034   Code   RO         2332    i.DMA_CalcBaseAndBitshift  stm32f4xx_hal_dma.o
    0x0800358c   0x0800358c   0x000000aa   Code   RO         2333    i.DMA_CheckFifoParam  stm32f4xx_hal_dma.o
    0x08003636   0x08003636   0x0000002c   Code   RO         2334    i.DMA_SetConfig     stm32f4xx_hal_dma.o
    0x08003662   0x08003662   0x00000002   PAD
    0x08003664   0x08003664   0x00000070   Code   RO          798    i.Data_Send         main.o
    0x080036d4   0x080036d4   0x0000006c   Code   RO          799    i.Data_Update       main.o
    0x08003740   0x08003740   0x00000002   Code   RO         1200    i.DebugMon_Handler  stm32f4xx_it.o
    0x08003742   0x08003742   0x00000002   PAD
    0x08003744   0x08003744   0x000002a4   Code   RO          800    i.Directory_check   main.o
    0x080039e8   0x080039e8   0x00000044   Code   RO          801    i.ECG_PPG_IMU_reset  main.o
    0x08003a2c   0x08003a2c   0x00000060   Code   RO          802    i.ECG_Update        main.o
    0x08003a8c   0x08003a8c   0x0000000a   Code   RO         1201    i.EXTI4_IRQHandler  stm32f4xx_it.o
    0x08003a96   0x08003a96   0x00000010   Code   RO         1202    i.EXTI9_5_IRQHandler  stm32f4xx_it.o
    0x08003aa6   0x08003aa6   0x00000002   PAD
    0x08003aa8   0x08003aa8   0x00000154   Code   RO          803    i.Error_Handler     main.o
    0x08003bfc   0x08003bfc   0x00000012   Code   RO         6184    i.FATFS_LinkDriver  ff_gen_drv.o
    0x08003c0e   0x08003c0e   0x00000002   PAD
    0x08003c10   0x08003c10   0x00000054   Code   RO         6185    i.FATFS_LinkDriverEx  ff_gen_drv.o
    0x08003c64   0x08003c64   0x0000007c   Code   RO          804    i.FIFO_Close        main.o
    0x08003ce0   0x08003ce0   0x00000164   Code   RO          805    i.FIFO_Init_R       main.o
    0x08003e44   0x08003e44   0x00000168   Code   RO          806    i.FIFO_Init_W       main.o
    0x08003fac   0x08003fac   0x000002a4   Code   RO          807    i.Folder_Read_Write  main.o
    0x08004250   0x08004250   0x00000028   Code   RO         2336    i.HAL_DMA_Abort_IT  stm32f4xx_hal_dma.o
    0x08004278   0x08004278   0x00000006   Code   RO         2338    i.HAL_DMA_GetError  stm32f4xx_hal_dma.o
    0x0800427e   0x0800427e   0x00000002   PAD
    0x08004280   0x08004280   0x00000240   Code   RO         2340    i.HAL_DMA_IRQHandler  stm32f4xx_hal_dma.o
    0x080044c0   0x080044c0   0x000000ec   Code   RO         2341    i.HAL_DMA_Init      stm32f4xx_hal_dma.o
    0x080045ac   0x080045ac   0x00000092   Code   RO         2345    i.HAL_DMA_Start_IT  stm32f4xx_hal_dma.o
    0x0800463e   0x0800463e   0x00000002   PAD
    0x08004640   0x08004640   0x00000028   Code   RO         2783    i.HAL_Delay         stm32f4xx_hal.o
    0x08004668   0x08004668   0x0000003c   Code   RO          808    i.HAL_GPIO_EXTI_Callback  main.o
    0x080046a4   0x080046a4   0x0000001c   Code   RO         2227    i.HAL_GPIO_EXTI_IRQHandler  stm32f4xx_hal_gpio.o
    0x080046c0   0x080046c0   0x000001f0   Code   RO         2228    i.HAL_GPIO_Init     stm32f4xx_hal_gpio.o
    0x080048b0   0x080048b0   0x00000010   Code   RO         2230    i.HAL_GPIO_ReadPin  stm32f4xx_hal_gpio.o
    0x080048c0   0x080048c0   0x0000000c   Code   RO         2232    i.HAL_GPIO_WritePin  stm32f4xx_hal_gpio.o
    0x080048cc   0x080048cc   0x0000000c   Code   RO         2789    i.HAL_GetTick       stm32f4xx_hal.o
    0x080048d8   0x080048d8   0x000001d0   Code   RO         3045    i.HAL_I2C_Init      stm32f4xx_hal_i2c.o
    0x08004aa8   0x08004aa8   0x000002f4   Code   RO         3063    i.HAL_I2C_Mem_Read  stm32f4xx_hal_i2c.o
    0x08004d9c   0x08004d9c   0x00000164   Code   RO         3066    i.HAL_I2C_Mem_Write  stm32f4xx_hal_i2c.o
    0x08004f00   0x08004f00   0x00000088   Code   RO         1376    i.HAL_I2C_MspInit   stm32f4xx_hal_msp.o
    0x08004f88   0x08004f88   0x00000050   Code   RO         3531    i.HAL_IWDG_Init     stm32f4xx_hal_iwdg.o
    0x08004fd8   0x08004fd8   0x0000000e   Code   RO         3532    i.HAL_IWDG_Refresh  stm32f4xx_hal_iwdg.o
    0x08004fe6   0x08004fe6   0x00000002   PAD
    0x08004fe8   0x08004fe8   0x00000018   Code   RO         2795    i.HAL_IncTick       stm32f4xx_hal.o
    0x08005000   0x08005000   0x0000003c   Code   RO         2796    i.HAL_Init          stm32f4xx_hal.o
    0x0800503c   0x0800503c   0x0000008c   Code   RO         1478    i.HAL_InitTick      stm32f4xx_hal_timebase_tim.o
    0x080050c8   0x080050c8   0x00000048   Code   RO         1377    i.HAL_MspInit       stm32f4xx_hal_msp.o
    0x08005110   0x08005110   0x00000020   Code   RO         2641    i.HAL_NVIC_EnableIRQ  stm32f4xx_hal_cortex.o
    0x08005130   0x08005130   0x0000007c   Code   RO         2647    i.HAL_NVIC_SetPriority  stm32f4xx_hal_cortex.o
    0x080051ac   0x080051ac   0x00000028   Code   RO         2648    i.HAL_NVIC_SetPriorityGrouping  stm32f4xx_hal_cortex.o
    0x080051d4   0x080051d4   0x00000010   Code   RO         2444    i.HAL_PWR_DisableWakeUpPin  stm32f4xx_hal_pwr.o
    0x080051e4   0x080051e4   0x00000010   Code   RO         2449    i.HAL_PWR_EnableWakeUpPin  stm32f4xx_hal_pwr.o
    0x080051f4   0x080051f4   0x00000028   Code   RO         2451    i.HAL_PWR_EnterSTANDBYMode  stm32f4xx_hal_pwr.o
    0x0800521c   0x0800521c   0x0000044c   Code   RO         1882    i.HAL_RCCEx_PeriphCLKConfig  stm32f4xx_hal_rcc_ex.o
    0x08005668   0x08005668   0x00000184   Code   RO         1777    i.HAL_RCC_ClockConfig  stm32f4xx_hal_rcc.o
    0x080057ec   0x080057ec   0x00000044   Code   RO         1781    i.HAL_RCC_GetClockConfig  stm32f4xx_hal_rcc.o
    0x08005830   0x08005830   0x0000000c   Code   RO         1782    i.HAL_RCC_GetHCLKFreq  stm32f4xx_hal_rcc.o
    0x0800583c   0x0800583c   0x00000020   Code   RO         1784    i.HAL_RCC_GetPCLK1Freq  stm32f4xx_hal_rcc.o
    0x0800585c   0x0800585c   0x00000020   Code   RO         1785    i.HAL_RCC_GetPCLK2Freq  stm32f4xx_hal_rcc.o
    0x0800587c   0x0800587c   0x000000b0   Code   RO         1786    i.HAL_RCC_GetSysClockFreq  stm32f4xx_hal_rcc.o
    0x0800592c   0x0800592c   0x00000448   Code   RO         1886    i.HAL_RCC_OscConfig  stm32f4xx_hal_rcc_ex.o
    0x08005d74   0x08005d74   0x0000000a   Code   RO         1531    i.HAL_SD_AbortCallback  bsp_driver_sd.o
    0x08005d7e   0x08005d7e   0x00000002   PAD
    0x08005d80   0x08005d80   0x000000a8   Code   RO         3840    i.HAL_SD_ConfigWideBusOperation  stm32f4xx_hal_sd.o
    0x08005e28   0x08005e28   0x00000002   Code   RO         3843    i.HAL_SD_ErrorCallback  stm32f4xx_hal_sd.o
    0x08005e2a   0x08005e2a   0x00000002   PAD
    0x08005e2c   0x08005e2c   0x000001c8   Code   RO         3845    i.HAL_SD_GetCardCSD  stm32f4xx_hal_sd.o
    0x08005ff4   0x08005ff4   0x00000026   Code   RO         3846    i.HAL_SD_GetCardInfo  stm32f4xx_hal_sd.o
    0x0800601a   0x0800601a   0x00000024   Code   RO         3847    i.HAL_SD_GetCardState  stm32f4xx_hal_sd.o
    0x0800603e   0x0800603e   0x00000002   PAD
    0x08006040   0x08006040   0x00000204   Code   RO         3851    i.HAL_SD_IRQHandler  stm32f4xx_hal_sd.o
    0x08006244   0x08006244   0x0000003c   Code   RO         3852    i.HAL_SD_Init       stm32f4xx_hal_sd.o
    0x08006280   0x08006280   0x00000084   Code   RO         3853    i.HAL_SD_InitCard   stm32f4xx_hal_sd.o
    0x08006304   0x08006304   0x000001a8   Code   RO         1379    i.HAL_SD_MspInit    stm32f4xx_hal_msp.o
    0x080064ac   0x080064ac   0x00000150   Code   RO         3857    i.HAL_SD_ReadBlocks_DMA  stm32f4xx_hal_sd.o
    0x080065fc   0x080065fc   0x0000000a   Code   RO         1532    i.HAL_SD_RxCpltCallback  bsp_driver_sd.o
    0x08006606   0x08006606   0x0000000a   Code   RO         1533    i.HAL_SD_TxCpltCallback  bsp_driver_sd.o
    0x08006610   0x08006610   0x00000154   Code   RO         3862    i.HAL_SD_WriteBlocks_DMA  stm32f4xx_hal_sd.o
    0x08006764   0x08006764   0x00000002   Code   RO         4099    i.HAL_SPI_ErrorCallback  stm32f4xx_hal_spi.o
    0x08006766   0x08006766   0x00000008   Code   RO         4101    i.HAL_SPI_GetState  stm32f4xx_hal_spi.o
    0x0800676e   0x0800676e   0x00000002   PAD
    0x08006770   0x08006770   0x0000015c   Code   RO         4102    i.HAL_SPI_IRQHandler  stm32f4xx_hal_spi.o
    0x080068cc   0x080068cc   0x0000008c   Code   RO         4103    i.HAL_SPI_Init      stm32f4xx_hal_spi.o
    0x08006958   0x08006958   0x00000384   Code   RO         1381    i.HAL_SPI_MspInit   stm32f4xx_hal_msp.o
    0x08006cdc   0x08006cdc   0x00000002   Code   RO         4109    i.HAL_SPI_RxCpltCallback  stm32f4xx_hal_spi.o
    0x08006cde   0x08006cde   0x00000002   Code   RO         4110    i.HAL_SPI_RxHalfCpltCallback  stm32f4xx_hal_spi.o
    0x08006ce0   0x08006ce0   0x000001a2   Code   RO         4111    i.HAL_SPI_Transmit  stm32f4xx_hal_spi.o
    0x08006e82   0x08006e82   0x0000022a   Code   RO         4112    i.HAL_SPI_TransmitReceive  stm32f4xx_hal_spi.o
    0x080070ac   0x080070ac   0x0000016c   Code   RO         4113    i.HAL_SPI_TransmitReceive_DMA  stm32f4xx_hal_spi.o
    0x08007218   0x08007218   0x000000f0   Code   RO         4115    i.HAL_SPI_Transmit_DMA  stm32f4xx_hal_spi.o
    0x08007308   0x08007308   0x00000002   Code   RO         4117    i.HAL_SPI_TxCpltCallback  stm32f4xx_hal_spi.o
    0x0800730a   0x0800730a   0x00000002   Code   RO         4118    i.HAL_SPI_TxHalfCpltCallback  stm32f4xx_hal_spi.o
    0x0800730c   0x0800730c   0x00000002   Code   RO         4119    i.HAL_SPI_TxRxCpltCallback  stm32f4xx_hal_spi.o
    0x0800730e   0x0800730e   0x00000002   Code   RO         4120    i.HAL_SPI_TxRxHalfCpltCallback  stm32f4xx_hal_spi.o
    0x08007310   0x08007310   0x00000002   Code   RO         5102    i.HAL_TIMEx_BreakCallback  stm32f4xx_hal_tim_ex.o
    0x08007312   0x08007312   0x00000002   Code   RO         5103    i.HAL_TIMEx_CommutCallback  stm32f4xx_hal_tim_ex.o
    0x08007314   0x08007314   0x000000b4   Code   RO         5120    i.HAL_TIMEx_MasterConfigSynchronization  stm32f4xx_hal_tim_ex.o
    0x080073c8   0x080073c8   0x00000034   Code   RO         4416    i.HAL_TIM_Base_Init  stm32f4xx_hal_tim.o
    0x080073fc   0x080073fc   0x00000084   Code   RO         1383    i.HAL_TIM_Base_MspInit  stm32f4xx_hal_msp.o
    0x08007480   0x08007480   0x0000002a   Code   RO         4421    i.HAL_TIM_Base_Start_IT  stm32f4xx_hal_tim.o
    0x080074aa   0x080074aa   0x00000002   Code   RO         4445    i.HAL_TIM_IC_CaptureCallback  stm32f4xx_hal_tim.o
    0x080074ac   0x080074ac   0x00000196   Code   RO         4459    i.HAL_TIM_IRQHandler  stm32f4xx_hal_tim.o
    0x08007642   0x08007642   0x00000002   PAD
    0x08007644   0x08007644   0x000000ac   Code   RO         1384    i.HAL_TIM_MspPostInit  stm32f4xx_hal_msp.o
    0x080076f0   0x080076f0   0x00000002   Code   RO         4462    i.HAL_TIM_OC_DelayElapsedCallback  stm32f4xx_hal_tim.o
    0x080076f2   0x080076f2   0x00000108   Code   RO         4483    i.HAL_TIM_PWM_ConfigChannel  stm32f4xx_hal_tim.o
    0x080077fa   0x080077fa   0x00000034   Code   RO         4486    i.HAL_TIM_PWM_Init  stm32f4xx_hal_tim.o
    0x0800782e   0x0800782e   0x00000002   PAD
    0x08007830   0x08007830   0x00000064   Code   RO         1386    i.HAL_TIM_PWM_MspInit  stm32f4xx_hal_msp.o
    0x08007894   0x08007894   0x00000002   Code   RO         4489    i.HAL_TIM_PWM_PulseFinishedCallback  stm32f4xx_hal_tim.o
    0x08007896   0x08007896   0x00000002   PAD
    0x08007898   0x08007898   0x00000058   Code   RO         4491    i.HAL_TIM_PWM_Start  stm32f4xx_hal_tim.o
    0x080078f0   0x080078f0   0x00000088   Code   RO         4494    i.HAL_TIM_PWM_Stop  stm32f4xx_hal_tim.o
    0x08007978   0x08007978   0x00000058   Code   RO          809    i.HAL_TIM_PeriodElapsedCallback  main.o
    0x080079d0   0x080079d0   0x00000002   Code   RO         4502    i.HAL_TIM_TriggerCallback  stm32f4xx_hal_tim.o
    0x080079d2   0x080079d2   0x00000002   Code   RO         5374    i.HAL_UART_ErrorCallback  stm32f4xx_hal_uart.o
    0x080079d4   0x080079d4   0x00000154   Code   RO         5377    i.HAL_UART_IRQHandler  stm32f4xx_hal_uart.o
    0x08007b28   0x08007b28   0x00000072   Code   RO         5378    i.HAL_UART_Init     stm32f4xx_hal_uart.o
    0x08007b9a   0x08007b9a   0x00000002   PAD
    0x08007b9c   0x08007b9c   0x00000118   Code   RO         1388    i.HAL_UART_MspInit  stm32f4xx_hal_msp.o
    0x08007cb4   0x08007cb4   0x00000070   Code   RO         5383    i.HAL_UART_Receive_IT  stm32f4xx_hal_uart.o
    0x08007d24   0x08007d24   0x00000078   Code   RO          810    i.HAL_UART_RxCpltCallback  main.o
    0x08007d9c   0x08007d9c   0x000000d8   Code   RO         5386    i.HAL_UART_Transmit  stm32f4xx_hal_uart.o
    0x08007e74   0x08007e74   0x00000002   Code   RO         5389    i.HAL_UART_TxCpltCallback  stm32f4xx_hal_uart.o
    0x08007e76   0x08007e76   0x00000004   Code   RO         1203    i.HardFault_Handler  stm32f4xx_it.o
    0x08007e7a   0x08007e7a   0x0000003e   Code   RO         3088    i.I2C_IsAcknowledgeFailed  stm32f4xx_hal_i2c.o
    0x08007eb8   0x08007eb8   0x00000158   Code   RO         3099    i.I2C_RequestMemoryRead  stm32f4xx_hal_i2c.o
    0x08008010   0x08008010   0x000000dc   Code   RO         3100    i.I2C_RequestMemoryWrite  stm32f4xx_hal_i2c.o
    0x080080ec   0x080080ec   0x0000005c   Code   RO         3108    i.I2C_WaitOnBTFFlagUntilTimeout  stm32f4xx_hal_i2c.o
    0x08008148   0x08008148   0x00000086   Code   RO         3109    i.I2C_WaitOnFlagUntilTimeout  stm32f4xx_hal_i2c.o
    0x080081ce   0x080081ce   0x000000c4   Code   RO         3110    i.I2C_WaitOnMasterAddressFlagUntilTimeout  stm32f4xx_hal_i2c.o
    0x08008292   0x08008292   0x00000080   Code   RO         3111    i.I2C_WaitOnRXNEFlagUntilTimeout  stm32f4xx_hal_i2c.o
    0x08008312   0x08008312   0x0000005c   Code   RO         3113    i.I2C_WaitOnTXEFlagUntilTimeout  stm32f4xx_hal_i2c.o
    0x0800836e   0x0800836e   0x00000002   PAD
    0x08008370   0x08008370   0x00000070   Code   RO          811    i.IMU_Update        main.o
    0x080083e0   0x080083e0   0x00000030   Code   RO         6288    i.ITM_SendChar      retarget_io.o
    0x08008410   0x08008410   0x00000390   Code   RO          812    i.LCD_AF_Screen     main.o
    0x080087a0   0x080087a0   0x00000128   Code   RO          813    i.LCD_ECG_Screen    main.o
    0x080088c8   0x080088c8   0x00000084   Code   RO          814    i.LCD_Init          main.o
    0x0800894c   0x0800894c   0x0000034c   Code   RO          815    i.LCD_MAIN_Screen   main.o
    0x08008c98   0x08008c98   0x0000023c   Code   RO          816    i.LCD_MENU_Screen   main.o
    0x08008ed4   0x08008ed4   0x00000230   Code   RO          817    i.LCD_PPG_Screen    main.o
    0x08009104   0x08009104   0x000001b0   Code   RO          818    i.LCD_Reset_Screen  main.o
    0x080092b4   0x080092b4   0x00000230   Code   RO          819    i.LCD_SAVE_Screen   main.o
    0x080094e4   0x080094e4   0x000002f8   Code   RO          820    i.LCD_SERVER_Screen  main.o
    0x080097dc   0x080097dc   0x00000060   Code   RO          273    i.LSM6DS_FIFO_DATA_NUM  lsm6ds.o
    0x0800983c   0x0800983c   0x0000004c   Code   RO          274    i.LSM6DS_FIFO_DATA_OUT  lsm6ds.o
    0x08009888   0x08009888   0x0000042c   Code   RO          278    i.LSM6DS_GetBeing   lsm6ds.o
    0x08009cb4   0x08009cb4   0x00000340   Code   RO          279    i.LSM6DS_GetBeing_polling  lsm6ds.o
    0x08009ff4   0x08009ff4   0x00000040   Code   RO          280    i.LSM6DS_GetGyroDataX  lsm6ds.o
    0x0800a034   0x0800a034   0x00000040   Code   RO          281    i.LSM6DS_GetGyroDataY  lsm6ds.o
    0x0800a074   0x0800a074   0x00000040   Code   RO          282    i.LSM6DS_GetGyroDataZ  lsm6ds.o
    0x0800a0b4   0x0800a0b4   0x00000034   Code   RO          284    i.LSM6DS_Reset      lsm6ds.o
    0x0800a0e8   0x0800a0e8   0x00000040   Code   RO          227    i.MAX17262_GetData  max17262.o
    0x0800a128   0x0800a128   0x00000048   Code   RO          228    i.MAX17262_Get_BatPercent  max17262.o
    0x0800a170   0x0800a170   0x00000074   Code   RO          229    i.MAX17262_SetData  max17262.o
    0x0800a1e4   0x0800a1e4   0x000000c4   Code   RO          230    i.MAX17262_init     max17262.o
    0x0800a2a8   0x0800a2a8   0x00000094   Code   RO          576    i.MAX30003_init     max30003.o
    0x0800a33c   0x0800a33c   0x00000074   Code   RO           13    i.MAX86171_adjust_clock  max86171.o
    0x0800a3b0   0x0800a3b0   0x000000b6   Code   RO           14    i.MAX86171_decode_fifo  max86171.o
    0x0800a466   0x0800a466   0x0000004a   Code   RO           15    i.MAX86171_init     max86171.o
    0x0800a4b0   0x0800a4b0   0x0000017c   Code   RO           16    i.MAX86171_init_setup  max86171.o
    0x0800a62c   0x0800a62c   0x0000006c   Code   RO           17    i.MAX86171_readReg  max86171.o
    0x0800a698   0x0800a698   0x000000a0   Code   RO           18    i.MAX86171_read_fifo  max86171.o
    0x0800a738   0x0800a738   0x0000002c   Code   RO           19    i.MAX86171_read_status_1  max86171.o
    0x0800a764   0x0800a764   0x0000002c   Code   RO           20    i.MAX86171_read_status_2  max86171.o
    0x0800a790   0x0800a790   0x00000018   Code   RO           21    i.MAX86171_read_status_3  max86171.o
    0x0800a7a8   0x0800a7a8   0x00000070   Code   RO           22    i.MAX86171_writeReg  max86171.o
    0x0800a818   0x0800a818   0x000000c8   Code   RO          821    i.MX_DMA_Init       main.o
    0x0800a8e0   0x0800a8e0   0x0000001c   Code   RO         1739    i.MX_FATFS_Init     fatfs.o
    0x0800a8fc   0x0800a8fc   0x0000016c   Code   RO          822    i.MX_GPIO_Init      main.o
    0x0800aa68   0x0800aa68   0x0000003c   Code   RO          823    i.MX_I2C1_Init      main.o
    0x0800aaa4   0x0800aaa4   0x00000028   Code   RO          824    i.MX_IWDG_Init      main.o
    0x0800aacc   0x0800aacc   0x00000024   Code   RO          825    i.MX_SDIO_SD_Init   main.o
    0x0800aaf0   0x0800aaf0   0x00000044   Code   RO          826    i.MX_SPI2_Init      main.o
    0x0800ab34   0x0800ab34   0x00000044   Code   RO          827    i.MX_SPI4_Init      main.o
    0x0800ab78   0x0800ab78   0x00000048   Code   RO          828    i.MX_SPI5_Init      main.o
    0x0800abc0   0x0800abc0   0x00000078   Code   RO          829    i.MX_TIM3_Init      main.o
    0x0800ac38   0x0800ac38   0x0000004c   Code   RO          830    i.MX_TIM6_Init      main.o
    0x0800ac84   0x0800ac84   0x0000004c   Code   RO          831    i.MX_TIM7_Init      main.o
    0x0800acd0   0x0800acd0   0x00000060   Code   RO          832    i.MX_TIM9_Init      main.o
    0x0800ad30   0x0800ad30   0x0000003c   Code   RO          833    i.MX_UART7_Init     main.o
    0x0800ad6c   0x0800ad6c   0x00000004   Code   RO         1204    i.MemManage_Handler  stm32f4xx_it.o
    0x0800ad70   0x0800ad70   0x00000004   Code   RO         1205    i.NMI_Handler       stm32f4xx_it.o
    0x0800ad74   0x0800ad74   0x00000044   Code   RO          834    i.PPG_Update        main.o
    0x0800adb8   0x0800adb8   0x00000002   Code   RO         1206    i.PendSV_Handler    stm32f4xx_it.o
    0x0800adba   0x0800adba   0x0000002c   Code   RO         3561    i.SDIO_ConfigData   stm32f4xx_ll_sdmmc.o
    0x0800ade6   0x0800ade6   0x00000008   Code   RO         3562    i.SDIO_GetCommandResponse  stm32f4xx_ll_sdmmc.o
    0x0800adee   0x0800adee   0x0000000a   Code   RO         3565    i.SDIO_GetPowerState  stm32f4xx_ll_sdmmc.o
    0x0800adf8   0x0800adf8   0x0000000c   Code   RO         3566    i.SDIO_GetResponse  stm32f4xx_ll_sdmmc.o
    0x0800ae04   0x0800ae04   0x00000010   Code   RO         1207    i.SDIO_IRQHandler   stm32f4xx_it.o
    0x0800ae14   0x0800ae14   0x00000034   Code   RO         3567    i.SDIO_Init         stm32f4xx_ll_sdmmc.o
    0x0800ae48   0x0800ae48   0x00000012   Code   RO         3569    i.SDIO_PowerState_ON  stm32f4xx_ll_sdmmc.o
    0x0800ae5a   0x0800ae5a   0x00000008   Code   RO         3570    i.SDIO_ReadFIFO     stm32f4xx_ll_sdmmc.o
    0x0800ae62   0x0800ae62   0x00000028   Code   RO         3571    i.SDIO_SendCommand  stm32f4xx_ll_sdmmc.o
    0x0800ae8a   0x0800ae8a   0x0000000c   Code   RO         3573    i.SDIO_WriteFIFO    stm32f4xx_ll_sdmmc.o
    0x0800ae96   0x0800ae96   0x00000038   Code   RO         3574    i.SDMMC_CmdAppCommand  stm32f4xx_ll_sdmmc.o
    0x0800aece   0x0800aece   0x00000002   PAD
    0x0800aed0   0x0800aed0   0x0000003c   Code   RO         3575    i.SDMMC_CmdAppOperCommand  stm32f4xx_ll_sdmmc.o
    0x0800af0c   0x0800af0c   0x00000038   Code   RO         3576    i.SDMMC_CmdBlockLength  stm32f4xx_ll_sdmmc.o
    0x0800af44   0x0800af44   0x00000038   Code   RO         3577    i.SDMMC_CmdBusWidth  stm32f4xx_ll_sdmmc.o
    0x0800af7c   0x0800af7c   0x0000002c   Code   RO         3581    i.SDMMC_CmdGoIdleState  stm32f4xx_ll_sdmmc.o
    0x0800afa8   0x0800afa8   0x00000034   Code   RO         3583    i.SDMMC_CmdOperCond  stm32f4xx_ll_sdmmc.o
    0x0800afdc   0x0800afdc   0x00000038   Code   RO         3584    i.SDMMC_CmdReadMultiBlock  stm32f4xx_ll_sdmmc.o
    0x0800b014   0x0800b014   0x00000038   Code   RO         3585    i.SDMMC_CmdReadSingleBlock  stm32f4xx_ll_sdmmc.o
    0x0800b04c   0x0800b04c   0x0000003a   Code   RO         3588    i.SDMMC_CmdSelDesel  stm32f4xx_ll_sdmmc.o
    0x0800b086   0x0800b086   0x00000032   Code   RO         3589    i.SDMMC_CmdSendCID  stm32f4xx_ll_sdmmc.o
    0x0800b0b8   0x0800b0b8   0x00000032   Code   RO         3590    i.SDMMC_CmdSendCSD  stm32f4xx_ll_sdmmc.o
    0x0800b0ea   0x0800b0ea   0x00000038   Code   RO         3591    i.SDMMC_CmdSendSCR  stm32f4xx_ll_sdmmc.o
    0x0800b122   0x0800b122   0x00000038   Code   RO         3592    i.SDMMC_CmdSendStatus  stm32f4xx_ll_sdmmc.o
    0x0800b15a   0x0800b15a   0x00000038   Code   RO         3593    i.SDMMC_CmdSetRelAdd  stm32f4xx_ll_sdmmc.o
    0x0800b192   0x0800b192   0x00000002   PAD
    0x0800b194   0x0800b194   0x0000003c   Code   RO         3595    i.SDMMC_CmdStopTransfer  stm32f4xx_ll_sdmmc.o
    0x0800b1d0   0x0800b1d0   0x00000038   Code   RO         3597    i.SDMMC_CmdWriteMultiBlock  stm32f4xx_ll_sdmmc.o
    0x0800b208   0x0800b208   0x00000038   Code   RO         3598    i.SDMMC_CmdWriteSingleBlock  stm32f4xx_ll_sdmmc.o
    0x0800b240   0x0800b240   0x00000040   Code   RO         3599    i.SDMMC_GetCmdError  stm32f4xx_ll_sdmmc.o
    0x0800b280   0x0800b280   0x000001ac   Code   RO         3600    i.SDMMC_GetCmdResp1  stm32f4xx_ll_sdmmc.o
    0x0800b42c   0x0800b42c   0x00000064   Code   RO         3601    i.SDMMC_GetCmdResp2  stm32f4xx_ll_sdmmc.o
    0x0800b490   0x0800b490   0x00000058   Code   RO         3602    i.SDMMC_GetCmdResp3  stm32f4xx_ll_sdmmc.o
    0x0800b4e8   0x0800b4e8   0x000000b8   Code   RO         3603    i.SDMMC_GetCmdResp6  stm32f4xx_ll_sdmmc.o
    0x0800b5a0   0x0800b5a0   0x0000006c   Code   RO         3604    i.SDMMC_GetCmdResp7  stm32f4xx_ll_sdmmc.o
    0x0800b60c   0x0800b60c   0x00000028   Code   RO         1640    i.SD_CheckStatus    sd_diskio.o
    0x0800b634   0x0800b634   0x00000026   Code   RO         1641    i.SD_CheckStatusWithTimeout  sd_diskio.o
    0x0800b65a   0x0800b65a   0x00000002   PAD
    0x0800b65c   0x0800b65c   0x00000074   Code   RO         3864    i.SD_DMAError       stm32f4xx_hal_sd.o
    0x0800b6d0   0x0800b6d0   0x00000048   Code   RO         3865    i.SD_DMAReceiveCplt  stm32f4xx_hal_sd.o
    0x0800b718   0x0800b718   0x00000048   Code   RO         3866    i.SD_DMARxAbort     stm32f4xx_hal_sd.o
    0x0800b760   0x0800b760   0x00000012   Code   RO         3867    i.SD_DMATransmitCplt  stm32f4xx_hal_sd.o
    0x0800b772   0x0800b772   0x00000048   Code   RO         3868    i.SD_DMATxAbort     stm32f4xx_hal_sd.o
    0x0800b7ba   0x0800b7ba   0x00000134   Code   RO         3869    i.SD_FindSCR        stm32f4xx_hal_sd.o
    0x0800b8ee   0x0800b8ee   0x00000002   PAD
    0x0800b8f0   0x0800b8f0   0x00000074   Code   RO          835    i.SD_Init           main.o
    0x0800b964   0x0800b964   0x00000102   Code   RO         3870    i.SD_InitCard       stm32f4xx_hal_sd.o
    0x0800ba66   0x0800ba66   0x00000002   PAD
    0x0800ba68   0x0800ba68   0x000000cc   Code   RO         3872    i.SD_PowerON        stm32f4xx_hal_sd.o
    0x0800bb34   0x0800bb34   0x0000004a   Code   RO         3873    i.SD_Read_IT        stm32f4xx_hal_sd.o
    0x0800bb7e   0x0800bb7e   0x00000030   Code   RO         3875    i.SD_SendStatus     stm32f4xx_hal_sd.o
    0x0800bbae   0x0800bbae   0x00000068   Code   RO         3876    i.SD_WideBus_Disable  stm32f4xx_hal_sd.o
    0x0800bc16   0x0800bc16   0x00000068   Code   RO         3877    i.SD_WideBus_Enable  stm32f4xx_hal_sd.o
    0x0800bc7e   0x0800bc7e   0x00000054   Code   RO         3878    i.SD_Write_IT       stm32f4xx_hal_sd.o
    0x0800bcd2   0x0800bcd2   0x00000002   PAD
    0x0800bcd4   0x0800bcd4   0x00000020   Code   RO         1642    i.SD_initialize     sd_diskio.o
    0x0800bcf4   0x0800bcf4   0x0000006c   Code   RO         1643    i.SD_ioctl          sd_diskio.o
    0x0800bd60   0x0800bd60   0x00000090   Code   RO         1644    i.SD_read           sd_diskio.o
    0x0800bdf0   0x0800bdf0   0x0000000c   Code   RO         1645    i.SD_status         sd_diskio.o
    0x0800bdfc   0x0800bdfc   0x00000090   Code   RO         1646    i.SD_write          sd_diskio.o
    0x0800be8c   0x0800be8c   0x00000010   Code   RO         1208    i.SPI2_IRQHandler   stm32f4xx_it.o
    0x0800be9c   0x0800be9c   0x00000010   Code   RO         1209    i.SPI4_IRQHandler   stm32f4xx_it.o
    0x0800beac   0x0800beac   0x00000010   Code   RO         1210    i.SPI5_IRQHandler   stm32f4xx_it.o
    0x0800bebc   0x0800bebc   0x00000014   Code   RO         4130    i.SPI_DMAAbortOnError  stm32f4xx_hal_spi.o
    0x0800bed0   0x0800bed0   0x00000028   Code   RO         4131    i.SPI_DMAError      stm32f4xx_hal_spi.o
    0x0800bef8   0x0800bef8   0x0000000e   Code   RO         4132    i.SPI_DMAHalfReceiveCplt  stm32f4xx_hal_spi.o
    0x0800bf06   0x0800bf06   0x0000000e   Code   RO         4133    i.SPI_DMAHalfTransmitCplt  stm32f4xx_hal_spi.o
    0x0800bf14   0x0800bf14   0x0000000e   Code   RO         4134    i.SPI_DMAHalfTransmitReceiveCplt  stm32f4xx_hal_spi.o
    0x0800bf22   0x0800bf22   0x0000007c   Code   RO         4135    i.SPI_DMAReceiveCplt  stm32f4xx_hal_spi.o
    0x0800bf9e   0x0800bf9e   0x00000080   Code   RO         4137    i.SPI_DMATransmitCplt  stm32f4xx_hal_spi.o
    0x0800c01e   0x0800c01e   0x00000068   Code   RO         4138    i.SPI_DMATransmitReceiveCplt  stm32f4xx_hal_spi.o
    0x0800c086   0x0800c086   0x00000094   Code   RO         4140    i.SPI_EndRxTransaction  stm32f4xx_hal_spi.o
    0x0800c11a   0x0800c11a   0x00000002   PAD
    0x0800c11c   0x0800c11c   0x0000006c   Code   RO         4141    i.SPI_EndRxTxTransaction  stm32f4xx_hal_spi.o
    0x0800c188   0x0800c188   0x000000a8   Code   RO         4146    i.SPI_WaitFlagStateUntilTimeout  stm32f4xx_hal_spi.o
    0x0800c230   0x0800c230   0x00000060   Code   RO          383    i.ST7789_DrawFilledRectangle2  st7789.o
    0x0800c290   0x0800c290   0x00000054   Code   RO          385    i.ST7789_DrawImage  st7789.o
    0x0800c2e4   0x0800c2e4   0x00000086   Code   RO          386    i.ST7789_DrawImage_Flip  st7789.o
    0x0800c36a   0x0800c36a   0x000000c6   Code   RO          387    i.ST7789_DrawLine   st7789.o
    0x0800c430   0x0800c430   0x0000003e   Code   RO          388    i.ST7789_DrawPixel  st7789.o
    0x0800c46e   0x0800c46e   0x00000002   PAD
    0x0800c470   0x0800c470   0x00000158   Code   RO          394    i.ST7789_Init       st7789.o
    0x0800c5c8   0x0800c5c8   0x00000082   Code   RO          396    i.ST7789_SetAddressWindow  st7789.o
    0x0800c64a   0x0800c64a   0x00000040   Code   RO          397    i.ST7789_SetRotation  st7789.o
    0x0800c68a   0x0800c68a   0x00000002   PAD
    0x0800c68c   0x0800c68c   0x0000002c   Code   RO          402    i.ST7789_WriteCommand  st7789.o
    0x0800c6b8   0x0800c6b8   0x0000004c   Code   RO          403    i.ST7789_WriteData  st7789.o
    0x0800c704   0x0800c704   0x0000002c   Code   RO          404    i.ST7789_WriteSmallData  st7789.o
    0x0800c730   0x0800c730   0x000000f4   Code   RO          406    i.ST7789_WriteString2  st7789.o
    0x0800c824   0x0800c824   0x00000002   Code   RO         1211    i.SVC_Handler       stm32f4xx_it.o
    0x0800c826   0x0800c826   0x00000002   PAD
    0x0800c828   0x0800c828   0x000000a8   Code   RO          836    i.Set_StandbyMod    main.o
    0x0800c8d0   0x0800c8d0   0x00000468   Code   RO          837    i.SwitchFunction    main.o
    0x0800cd38   0x0800cd38   0x00000002   Code   RO         1212    i.SysTick_Handler   stm32f4xx_it.o
    0x0800cd3a   0x0800cd3a   0x00000002   PAD
    0x0800cd3c   0x0800cd3c   0x000000b4   Code   RO          838    i.SystemClock_Config  main.o
    0x0800cdf0   0x0800cdf0   0x00000014   Code   RO         5685    i.SystemInit        system_stm32f4xx.o
    0x0800ce04   0x0800ce04   0x00000010   Code   RO         1213    i.TIM1_UP_TIM10_IRQHandler  stm32f4xx_it.o
    0x0800ce14   0x0800ce14   0x00000010   Code   RO         1214    i.TIM6_DAC_IRQHandler  stm32f4xx_it.o
    0x0800ce24   0x0800ce24   0x00000010   Code   RO         1215    i.TIM7_IRQHandler   stm32f4xx_it.o
    0x0800ce34   0x0800ce34   0x000000d8   Code   RO         4504    i.TIM_Base_SetConfig  stm32f4xx_hal_tim.o
    0x0800cf0c   0x0800cf0c   0x00000022   Code   RO         4505    i.TIM_CCxChannelCmd  stm32f4xx_hal_tim.o
    0x0800cf2e   0x0800cf2e   0x00000002   PAD
    0x0800cf30   0x0800cf30   0x00000070   Code   RO         4517    i.TIM_OC1_SetConfig  stm32f4xx_hal_tim.o
    0x0800cfa0   0x0800cfa0   0x0000007c   Code   RO         4518    i.TIM_OC2_SetConfig  stm32f4xx_hal_tim.o
    0x0800d01c   0x0800d01c   0x00000078   Code   RO         4519    i.TIM_OC3_SetConfig  stm32f4xx_hal_tim.o
    0x0800d094   0x0800d094   0x00000054   Code   RO         4520    i.TIM_OC4_SetConfig  stm32f4xx_hal_tim.o
    0x0800d0e8   0x0800d0e8   0x00000010   Code   RO         1216    i.UART7_IRQHandler  stm32f4xx_it.o
    0x0800d0f8   0x0800d0f8   0x00000014   Code   RO         5391    i.UART_DMAAbortOnError  stm32f4xx_hal_uart.o
    0x0800d10c   0x0800d10c   0x00000020   Code   RO         5401    i.UART_EndRxTransfer  stm32f4xx_hal_uart.o
    0x0800d12c   0x0800d12c   0x00000020   Code   RO         5402    i.UART_EndTransmit_IT  stm32f4xx_hal_uart.o
    0x0800d14c   0x0800d14c   0x000000a6   Code   RO         5404    i.UART_Receive_IT   stm32f4xx_hal_uart.o
    0x0800d1f2   0x0800d1f2   0x00000002   PAD
    0x0800d1f4   0x0800d1f4   0x00000410   Code   RO         5405    i.UART_SetConfig    stm32f4xx_hal_uart.o
    0x0800d604   0x0800d604   0x00000068   Code   RO         5406    i.UART_Transmit_IT  stm32f4xx_hal_uart.o
    0x0800d66c   0x0800d66c   0x0000006c   Code   RO         5407    i.UART_WaitOnFlagUntilTimeout  stm32f4xx_hal_uart.o
    0x0800d6d8   0x0800d6d8   0x0000001c   Code   RO          839    i.UF_speaker_OFF    main.o
    0x0800d6f4   0x0800d6f4   0x00000024   Code   RO          840    i.UF_speaker_ON     main.o
    0x0800d718   0x0800d718   0x00000004   Code   RO         1217    i.UsageFault_Handler  stm32f4xx_it.o
    0x0800d71c   0x0800d71c   0x00000030   Code   RO         6738    i.__ARM_fpclassify  m_wm.l(fpclassify.o)
    0x0800d74c   0x0800d74c   0x00000010   Code   RO         2654    i.__NVIC_GetPriorityGrouping  stm32f4xx_hal_cortex.o
    0x0800d75c   0x0800d75c   0x00000028   Code   RO         2655    i.__NVIC_SetPriority  stm32f4xx_hal_cortex.o
    0x0800d784   0x0800d784   0x00000040   Code   RO          841    i.__NVIC_SystemReset  main.o
    0x0800d7c4   0x0800d7c4   0x00000014   Code   RO         6551    i.__hardfp_fabs     m_wm.l(fabs.o)
    0x0800d7d8   0x0800d7d8   0x0000016c   Code   RO         6557    i.__hardfp_logf     m_wm.l(logf.o)
    0x0800d944   0x0800d944   0x00000004   PAD
    0x0800d948   0x0800d948   0x00000c50   Code   RO         6571    i.__hardfp_pow      m_wm.l(pow.o)
    0x0800e598   0x0800e598   0x000000e0   Code   RO         6585    i.__hardfp_round    m_wm.l(round.o)
    0x0800e678   0x0800e678   0x0000007a   Code   RO         6589    i.__hardfp_sqrt     m_wm.l(sqrt.o)
    0x0800e6f2   0x0800e6f2   0x000000f8   Code   RO         6754    i.__kernel_poly     m_wm.l(poly.o)
    0x0800e7ea   0x0800e7ea   0x00000006   PAD
    0x0800e7f0   0x0800e7f0   0x00000030   Code   RO         6724    i.__mathlib_dbl_divzero  m_wm.l(dunder.o)
    0x0800e820   0x0800e820   0x00000014   Code   RO         6726    i.__mathlib_dbl_infnan2  m_wm.l(dunder.o)
    0x0800e834   0x0800e834   0x00000004   PAD
    0x0800e838   0x0800e838   0x00000020   Code   RO         6727    i.__mathlib_dbl_invalid  m_wm.l(dunder.o)
    0x0800e858   0x0800e858   0x00000020   Code   RO         6728    i.__mathlib_dbl_overflow  m_wm.l(dunder.o)
    0x0800e878   0x0800e878   0x00000020   Code   RO         6730    i.__mathlib_dbl_underflow  m_wm.l(dunder.o)
    0x0800e898   0x0800e898   0x00000014   Code   RO         6740    i.__mathlib_flt_divzero  m_wm.l(funder.o)
    0x0800e8ac   0x0800e8ac   0x00000006   Code   RO         6741    i.__mathlib_flt_infnan  m_wm.l(funder.o)
    0x0800e8b2   0x0800e8b2   0x00000002   PAD
    0x0800e8b4   0x0800e8b4   0x00000010   Code   RO         6743    i.__mathlib_flt_invalid  m_wm.l(funder.o)
    0x0800e8c4   0x0800e8c4   0x0000000e   Code   RO         6474    i._is_digit         c_w.l(__printf_wp.o)
    0x0800e8d2   0x0800e8d2   0x00000026   Code   RO         6289    i._sys_close        retarget_io.o
    0x0800e8f8   0x0800e8f8   0x00000024   Code   RO         6290    i._sys_flen         retarget_io.o
    0x0800e91c   0x0800e91c   0x00000024   Code   RO         6291    i._sys_istty        retarget_io.o
    0x0800e940   0x0800e940   0x00000068   Code   RO         6292    i._sys_open         retarget_io.o
    0x0800e9a8   0x0800e9a8   0x0000002c   Code   RO         6294    i._sys_seek         retarget_io.o
    0x0800e9d4   0x0800e9d4   0x00000058   Code   RO         6295    i._sys_write        retarget_io.o
    0x0800ea2c   0x0800ea2c   0x000000d4   Code   RO          842    i.acc_warning       main.o
    0x0800eb00   0x0800eb00   0x00000714   Code   RO          643    i.arm_fir_f32       arm_fir_f32.o
    0x0800f214   0x0800f214   0x00000028   Code   RO          676    i.arm_fir_init_f32  arm_fir_init_f32.o
    0x0800f23c   0x0800f23c   0x00000034   Code   RO          843    i.btn_flag_reset    main.o
    0x0800f270   0x0800f270   0x0000007c   Code   RO         5776    i.check_fs          ff.o
    0x0800f2ec   0x0800f2ec   0x00000014   Code   RO         5777    i.chk_chr           ff.o
    0x0800f300   0x0800f300   0x0000007c   Code   RO         5778    i.chk_lock          ff.o
    0x0800f37c   0x0800f37c   0x00000028   Code   RO         5779    i.clear_lock        ff.o
    0x0800f3a4   0x0800f3a4   0x00000036   Code   RO         5780    i.clmt_clust        ff.o
    0x0800f3da   0x0800f3da   0x0000001a   Code   RO         5781    i.clust2sect        ff.o
    0x0800f3f4   0x0800f3f4   0x00000098   Code   RO         5782    i.cmp_lfn           ff.o
    0x0800f48c   0x0800f48c   0x000000de   Code   RO         5783    i.create_chain      ff.o
    0x0800f56a   0x0800f56a   0x00000002   PAD
    0x0800f56c   0x0800f56c   0x00000230   Code   RO         5784    i.create_name       ff.o
    0x0800f79c   0x0800f79c   0x00000044   Code   RO         5785    i.dec_lock          ff.o
    0x0800f7e0   0x0800f7e0   0x00000060   Code   RO         5786    i.dir_alloc         ff.o
    0x0800f840   0x0800f840   0x000000fc   Code   RO         5787    i.dir_find          ff.o
    0x0800f93c   0x0800f93c   0x0000011a   Code   RO         5788    i.dir_next          ff.o
    0x0800fa56   0x0800fa56   0x000000d2   Code   RO         5789    i.dir_read          ff.o
    0x0800fb28   0x0800fb28   0x00000142   Code   RO         5790    i.dir_register      ff.o
    0x0800fc6a   0x0800fc6a   0x00000060   Code   RO         5791    i.dir_remove        ff.o
    0x0800fcca   0x0800fcca   0x000000a6   Code   RO         5792    i.dir_sdi           ff.o
    0x0800fd70   0x0800fd70   0x0000002c   Code   RO         5721    i.disk_initialize   diskio.o
    0x0800fd9c   0x0800fd9c   0x00000028   Code   RO         5722    i.disk_ioctl        diskio.o
    0x0800fdc4   0x0800fdc4   0x00000030   Code   RO         5723    i.disk_read         diskio.o
    0x0800fdf4   0x0800fdf4   0x0000001c   Code   RO         5724    i.disk_status       diskio.o
    0x0800fe10   0x0800fe10   0x00000030   Code   RO         5725    i.disk_write        diskio.o
    0x0800fe40   0x0800fe40   0x00000110   Code   RO          844    i.dot_screen_moving  main.o
    0x0800ff50   0x0800ff50   0x00000028   Code   RO         5793    i.enq_lock          ff.o
    0x0800ff78   0x0800ff78   0x0000002c   Code   RO         5794    i.f_close           ff.o
    0x0800ffa4   0x0800ffa4   0x00000026   Code   RO         5795    i.f_closedir        ff.o
    0x0800ffca   0x0800ffca   0x00000036   Code   RO         5797    i.f_findnext        ff.o
    0x08010000   0x08010000   0x00000056   Code   RO         5799    i.f_gets            ff.o
    0x08010056   0x08010056   0x00000162   Code   RO         5801    i.f_mkdir           ff.o
    0x080101b8   0x080101b8   0x00000060   Code   RO         5803    i.f_mount           ff.o
    0x08010218   0x08010218   0x00000242   Code   RO         5804    i.f_open            ff.o
    0x0801045a   0x0801045a   0x0000008e   Code   RO         5805    i.f_opendir         ff.o
    0x080104e8   0x080104e8   0x0000002c   Code   RO         5808    i.f_puts            ff.o
    0x08010514   0x08010514   0x000001de   Code   RO         5809    i.f_read            ff.o
    0x080106f2   0x080106f2   0x0000004e   Code   RO         5810    i.f_readdir         ff.o
    0x08010740   0x08010740   0x0000011c   Code   RO         5811    i.f_rename          ff.o
    0x0801085c   0x0801085c   0x000000a0   Code   RO         5813    i.f_sync            ff.o
    0x080108fc   0x080108fc   0x00000224   Code   RO         5816    i.f_write           ff.o
    0x08010b20   0x08010b20   0x00000018   Code   RO         6553    i.fabs              m_wm.l(fabs.o)
    0x08010b38   0x08010b38   0x0000004c   Code   RO         6258    i.ff_convert        ccsbcs.o
    0x08010b84   0x08010b84   0x000000a4   Code   RO         6259    i.ff_wtoupper       ccsbcs.o
    0x08010c28   0x08010c28   0x00000354   Code   RO         5817    i.find_volume       ff.o
    0x08010f7c   0x08010f7c   0x000000ae   Code   RO         5818    i.follow_path       ff.o
    0x0801102a   0x0801102a   0x00000002   PAD
    0x0801102c   0x0801102c   0x00000028   Code   RO          845    i.fputc             main.o
    0x08011054   0x08011054   0x000000b4   Code   RO         5819    i.gen_numname       ff.o
    0x08011108   0x08011108   0x0000001c   Code   RO          706    i.getMax            af_detect.o
    0x08011124   0x08011124   0x00000038   Code   RO          707    i.getMean           af_detect.o
    0x0801115c   0x0801115c   0x0000001c   Code   RO          709    i.getMin            af_detect.o
    0x08011178   0x08011178   0x0000001c   Code   RO          710    i.getSum            af_detect.o
    0x08011194   0x08011194   0x0000001a   Code   RO          711    i.getSum_u          af_detect.o
    0x080111ae   0x080111ae   0x00000002   PAD
    0x080111b0   0x080111b0   0x0000002c   Code   RO         5820    i.get_achar         ff.o
    0x080111dc   0x080111dc   0x00000132   Code   RO         5821    i.get_fat           ff.o
    0x0801130e   0x0801130e   0x00000004   Code   RO         1740    i.get_fattime       fatfs.o
    0x08011312   0x08011312   0x00000142   Code   RO         5822    i.get_fileinfo      ff.o
    0x08011454   0x08011454   0x00000048   Code   RO         5823    i.get_ldnumber      ff.o
    0x0801149c   0x0801149c   0x000000bc   Code   RO         5824    i.inc_lock          ff.o
    0x08011558   0x08011558   0x00000026   Code   RO         5825    i.ld_clust          ff.o
    0x0801157e   0x0801157e   0x00000018   Code   RO         5826    i.ld_dword          ff.o
    0x08011596   0x08011596   0x0000000c   Code   RO         5827    i.ld_word           ff.o
    0x080115a2   0x080115a2   0x00000002   PAD
    0x080115a4   0x080115a4   0x00000280   Code   RO          846    i.main              main.o
    0x08011824   0x08011824   0x00000060   Code   RO          577    i.max30003_RegRead  max30003.o
    0x08011884   0x08011884   0x00000074   Code   RO          578    i.max30003_RegWrite  max30003.o
    0x080118f8   0x080118f8   0x00000012   Code   RO          579    i.max30003_SwReset  max30003.o
    0x0801190a   0x0801190a   0x0000000c   Code   RO          580    i.max30003_Synch    max30003.o
    0x08011916   0x08011916   0x00000002   PAD
    0x08011918   0x08011918   0x0000017c   Code   RO          582    i.max30003_getEcgSamples_burst  max30003.o
    0x08011a94   0x08011a94   0x00000024   Code   RO         5828    i.mem_cmp           ff.o
    0x08011ab8   0x08011ab8   0x0000001a   Code   RO         5829    i.mem_cpy           ff.o
    0x08011ad2   0x08011ad2   0x00000012   Code   RO         5830    i.mem_set           ff.o
    0x08011ae4   0x08011ae4   0x00000034   Code   RO         5831    i.move_window       ff.o
    0x08011b18   0x08011b18   0x000000c4   Code   RO         5832    i.pattern_matching  ff.o
    0x08011bdc   0x08011bdc   0x00000088   Code   RO         5833    i.pick_lfn          ff.o
    0x08011c64   0x08011c64   0x00000190   Code   RO         5834    i.put_fat           ff.o
    0x08011df4   0x08011df4   0x00000080   Code   RO         5835    i.put_lfn           ff.o
    0x08011e74   0x08011e74   0x0000004e   Code   RO         5836    i.putc_bfd          ff.o
    0x08011ec2   0x08011ec2   0x0000002c   Code   RO         5837    i.putc_flush        ff.o
    0x08011eee   0x08011eee   0x0000000a   Code   RO         5838    i.putc_init         ff.o
    0x08011ef8   0x08011ef8   0x0000009a   Code   RO         5839    i.remove_chain      ff.o
    0x08011f92   0x08011f92   0x0000006e   Code   RO         6591    i.sqrt              m_wm.l(sqrt.o)
    0x08012000   0x08012000   0x00000024   Code   RO         5840    i.st_clust          ff.o
    0x08012024   0x08012024   0x00000018   Code   RO         5841    i.st_dword          ff.o
    0x0801203c   0x0801203c   0x0000000c   Code   RO         5842    i.st_word           ff.o
    0x08012048   0x08012048   0x0000000c   Code   RO         6296    i.stderr_putchar    retarget_io.o
    0x08012054   0x08012054   0x0000000c   Code   RO         6298    i.stdout_putchar    retarget_io.o
    0x08012060   0x08012060   0x00000020   Code   RO         5843    i.sum_sfn           ff.o
    0x08012080   0x08012080   0x00000090   Code   RO         5844    i.sync_fs           ff.o
    0x08012110   0x08012110   0x00000052   Code   RO         5845    i.sync_window       ff.o
    0x08012162   0x08012162   0x0000003c   Code   RO         5846    i.validate          ff.o
    0x0801219e   0x0801219e   0x00000002   PAD
    0x080121a0   0x080121a0   0x0000002c   Code   RO         6837    locale$$code        c_w.l(lc_numeric_c.o)
    0x080121cc   0x080121cc   0x00000018   Code   RO         6705    x$fpl$basic         fz_wm.l(basic.o)
    0x080121e4   0x080121e4   0x00000062   Code   RO         6517    x$fpl$d2f           fz_wm.l(d2f.o)
    0x08012246   0x08012246   0x00000002   PAD
    0x08012248   0x08012248   0x00000150   Code   RO         6519    x$fpl$dadd          fz_wm.l(daddsub_clz.o)
    0x08012398   0x08012398   0x00000010   Code   RO         6852    x$fpl$dcheck1       fz_wm.l(dcheck1.o)
    0x080123a8   0x080123a8   0x00000018   Code   RO         6854    x$fpl$dcmpinf       fz_wm.l(dcmpi.o)
    0x080123c0   0x080123c0   0x000002b0   Code   RO         6526    x$fpl$ddiv          fz_wm.l(ddiv.o)
    0x08012670   0x08012670   0x0000005e   Code   RO         6529    x$fpl$dfix          fz_wm.l(dfix.o)
    0x080126ce   0x080126ce   0x00000002   PAD
    0x080126d0   0x080126d0   0x0000005a   Code   RO         6533    x$fpl$dfixu         fz_wm.l(dfixu.o)
    0x0801272a   0x0801272a   0x0000002e   Code   RO         6538    x$fpl$dflt          fz_wm.l(dflt_clz.o)
    0x08012758   0x08012758   0x00000026   Code   RO         6537    x$fpl$dfltu         fz_wm.l(dflt_clz.o)
    0x0801277e   0x0801277e   0x00000002   PAD
    0x08012780   0x08012780   0x00000078   Code   RO         6707    x$fpl$dleqf         fz_wm.l(dleqf.o)
    0x080127f8   0x080127f8   0x00000154   Code   RO         6543    x$fpl$dmul          fz_wm.l(dmul.o)
    0x0801294c   0x0801294c   0x0000009c   Code   RO         6709    x$fpl$dnaninf       fz_wm.l(dnaninf.o)
    0x080129e8   0x080129e8   0x0000000c   Code   RO         6711    x$fpl$dretinf       fz_wm.l(dretinf.o)
    0x080129f4   0x080129f4   0x0000006c   Code   RO         6545    x$fpl$drleqf        fz_wm.l(drleqf.o)
    0x08012a60   0x08012a60   0x000000b4   Code   RO         6713    x$fpl$drnd          fz_wm.l(drnd.o)
    0x08012b14   0x08012b14   0x00000016   Code   RO         6520    x$fpl$drsb          fz_wm.l(daddsub_clz.o)
    0x08012b2a   0x08012b2a   0x00000002   PAD
    0x08012b2c   0x08012b2c   0x00000198   Code   RO         6715    x$fpl$dsqrt         fz_wm.l(dsqrt_umaal.o)
    0x08012cc4   0x08012cc4   0x000001d4   Code   RO         6521    x$fpl$dsub          fz_wm.l(daddsub_clz.o)
    0x08012e98   0x08012e98   0x00000056   Code   RO         6547    x$fpl$f2d           fz_wm.l(f2d.o)
    0x08012eee   0x08012eee   0x0000008c   Code   RO         6717    x$fpl$fnaninf       fz_wm.l(fnaninf.o)
    0x08012f7a   0x08012f7a   0x0000000a   Code   RO         6856    x$fpl$fpinit        fz_wm.l(fpinit.o)
    0x08012f84   0x08012f84   0x0000000a   Code   RO         6719    x$fpl$fretinf       fz_wm.l(fretinf.o)
    0x08012f8e   0x08012f8e   0x00000004   Code   RO         6549    x$fpl$printf1       fz_wm.l(printf1.o)
    0x08012f92   0x08012f92   0x00000064   Code   RO         6922    x$fpl$retnan        fz_wm.l(retnan.o)
    0x08012ff6   0x08012ff6   0x0000005c   Code   RO         6721    x$fpl$scalbn        fz_wm.l(scalbn.o)
    0x08013052   0x08013052   0x00000030   Code   RO         6944    x$fpl$trapveneer    fz_wm.l(trapv.o)
    0x08013082   0x08013082   0x00000000   Code   RO         6723    x$fpl$usenofp       fz_wm.l(usenofp.o)
    0x08013082   0x08013082   0x00000002   PAD
    0x08013084   0x08013084   0x00011144   Data   RO          364    .constdata          fonts.o
    0x080241c8   0x080241c8   0x00000194   Data   RO          848    .constdata          main.o
    0x0802435c   0x0802435c   0x00000014   Data   RO         1647    .constdata          sd_diskio.o
    0x08024370   0x08024370   0x00000008   Data   RO         2347    .constdata          stm32f4xx_hal_dma.o
    0x08024378   0x08024378   0x00000018   Data   RO         5686    .constdata          system_stm32f4xx.o
    0x08024390   0x08024390   0x000000aa   Data   RO         5848    .constdata          ff.o
    0x0802443a   0x0802443a   0x000003ae   Data   RO         6260    .constdata          ccsbcs.o
    0x080247e8   0x080247e8   0x00000017   Data   RO         6299    .constdata          retarget_io.o
    0x080247ff   0x080247ff   0x00000001   PAD
    0x08024800   0x08024800   0x00000040   Data   RO         6560    .constdata          m_wm.l(logf.o)
    0x08024840   0x08024840   0x00000088   Data   RO         6574    .constdata          m_wm.l(pow.o)
    0x080248c8   0x080248c8   0x00000008   Data   RO         6756    .constdata          m_wm.l(qnan.o)
    0x080248d0   0x080248d0   0x00000094   Data   RO         6804    .constdata          c_w.l(bigflt0.o)
    0x08024964   0x08024964   0x00000020   Data   RO         6974    Region$$Table       anon$$obj.o
    0x08024984   0x08024984   0x0000001c   Data   RO         6836    locale$$data        c_w.l(lc_numeric_c.o)


    Execution Region RW_IRAM1 (Exec base: 0x20000000, Load base: 0x080249a0, Size: 0x00042aa8, Max: 0x00050000, ABSOLUTE)

    Exec Addr    Load Addr    Size         Type   Attr      Idx    E Section Name        Object

    0x20000000   0x080249a0   0x00000004   Data   RW           23    .data               max86171.o
    0x20000004   0x080249a4   0x00000030   Data   RW          365    .data               fonts.o
    0x20000034   0x080249d4   0x00000004   PAD
    0x20000038   0x080249d8   0x00000080   Data   RW          849    .data               main.o
    0x200000b8   0x08024a58   0x0000000c   Data   RW         1648    .data               sd_diskio.o
    0x200000c4   0x08024a64   0x00000005   Data   RW         1742    .data               fatfs.o
    0x200000c9   0x08024a69   0x00000003   PAD
    0x200000cc   0x08024a6c   0x00000009   Data   RW         2803    .data               stm32f4xx_hal.o
    0x200000d5   0x08024a75   0x00000003   PAD
    0x200000d8   0x08024a78   0x00000004   Data   RW         5687    .data               system_stm32f4xx.o
    0x200000dc   0x08024a7c   0x00000006   Data   RW         5849    .data               ff.o
    0x200000e2   0x08024a82   0x00000002   PAD
    0x200000e4   0x08024a84   0x00000004   Data   RW         6489    .data               c_w.l(strtok.o)
    0x200000e8   0x08024a88   0x00000004   Data   RW         6651    .data               c_w.l(stdio_streams.o)
    0x200000ec   0x08024a8c   0x00000004   Data   RW         6652    .data               c_w.l(stdio_streams.o)
    0x200000f0   0x08024a90   0x00000004   Data   RW         6653    .data               c_w.l(stdio_streams.o)
    0x200000f4        -       0x000225b8   Zero   RW          847    .bss                main.o
    0x200226ac        -       0x00000040   Zero   RW         1481    .bss                stm32f4xx_hal_timebase_tim.o
    0x200226ec        -       0x00000250   Zero   RW         5847    .bss                ff.o
    0x2002293c        -       0x0000000c   Zero   RW         6188    .bss                ff_gen_drv.o
    0x20022948        -       0x00000054   Zero   RW         6648    .bss                c_w.l(stdio_streams.o)
    0x2002299c        -       0x00000054   Zero   RW         6649    .bss                c_w.l(stdio_streams.o)
    0x200229f0        -       0x00000054   Zero   RW         6650    .bss                c_w.l(stdio_streams.o)
    0x20022a44        -       0x00000060   Zero   RW         6760    .bss                c_w.l(libspace.o)
    0x20022aa4   0x08024a94   0x00000004   PAD
    0x20022aa8        -       0x00010000   Zero   RW            2    HEAP                startup_stm32f413xx.o
    0x20032aa8        -       0x00010000   Zero   RW            1    STACK               startup_stm32f413xx.o


==============================================================================

Image component sizes


      Code (inc. data)   RO Data    RW Data    ZI Data      Debug   Object Name

      1742         48          0          0          0       8107   af_detect.o
      1812          6          0          0          0      16054   arm_fir_f32.o
        40          0          0          0          0       1047   arm_fir_init_f32.o
       226         26          0          0          0       6518   bsp_driver_sd.o
       240         24        942          0          0       2255   ccsbcs.o
       208         24          0          0          0       4017   diskio.o
        32         12          0          5          0       1604   fatfs.o
        24          4          0          0          0        589   fatfs_platform.o
      9718        116        170          6        592      59031   ff.o
       102          6          0          0         12       1739   ff_gen_drv.o
         0          0      69956         48          0       1900   fonts.o
      2316         42          0          0          0      32823   lsm6ds.o
     15848       2782        404        128     140728      91836   main.o
       448         14          0          0          0       3188   max17262.o
       770         60          0          0          0       5694   max30003.o
      1244         48          0          4          0     749125   max86171.o
       418         30         23          0          0       7882   retarget_io.o
       542         38         20         12          0       6917   sd_diskio.o
      1520         70          0          0          0      13159   st7789.o
        64         26        472          0     131072        864   startup_stm32f413xx.o
       136         24          0          9          0       8998   stm32f4xx_hal.o
       252         22          0          0          0      33806   stm32f4xx_hal_cortex.o
      1270         16          8          0          0       6993   stm32f4xx_hal_dma.o
       552         44          0          0          0       3718   stm32f4xx_hal_gpio.o
      2844         46          0          0          0      11894   stm32f4xx_hal_i2c.o
        94          0          0          0          0       1811   stm32f4xx_hal_iwdg.o
      2216        170          0          0          0       7432   stm32f4xx_hal_msp.o
        72         16          0          0          0       1792   stm32f4xx_hal_pwr.o
       708         70          0          0          0       4837   stm32f4xx_hal_rcc.o
      2196         60          0          0          0       3440   stm32f4xx_hal_rcc_ex.o
      3618         64          0          0          0      19551   stm32f4xx_hal_sd.o
      2968         48          0          0          0      20091   stm32f4xx_hal_spi.o
      1738        100          0          0          0      12825   stm32f4xx_hal_tim.o
       184         30          0          0          0       2589   stm32f4xx_hal_tim_ex.o
       140         18          0          0         64       1535   stm32f4xx_hal_timebase_tim.o
      2288         20          0          0          0      10307   stm32f4xx_hal_uart.o
       310         96          0          0          0      13808   stm32f4xx_it.o
      2110         46          0          0          0      25063   stm32f4xx_ll_sdmmc.o
         0          0          0          0          0        560   syscall.o
        20          6         24          4          0       1195   system_stm32f4xx.o

    ----------------------------------------------------------------------
     61104       4272      72052        228     272468    1206594   Object Totals
         0          0         32          0          0          0   (incl. Generated)
        74          0          1         12          0          0   (incl. Padding)

    ----------------------------------------------------------------------

      Code (inc. data)   RO Data    RW Data    ZI Data      Debug   Library Member Name

         8          0          0          0          0         68   __main.o
       284          0          0          0          0        156   __printf_wp.o
         0          0          0          0          0          0   __rtentry.o
        12          0          0          0          0          0   __rtentry2.o
         6          0          0          0          0          0   __rtentry4.o
        52          8          0          0          0          0   __scatter.o
        26          0          0          0          0          0   __scatter_copy.o
        28          0          0          0          0          0   __scatter_zi.o
        44          0          0          0          0        108   _printf_char.o
        48          6          0          0          0         96   _printf_char_common.o
        36          4          0          0          0         80   _printf_char_file.o
         6          0          0          0          0          0   _printf_d.o
       120         16          0          0          0         92   _printf_dec.o
         6          0          0          0          0          0   _printf_f.o
      1054          0          0          0          0        216   _printf_fp_dec.o
       128         16          0          0          0         84   _printf_fp_infnan.o
       178          0          0          0          0         88   _printf_intcommon.o
        78          0          0          0          0        108   _printf_pad.o
         0          0          0          0          0          0   _printf_percent.o
         4          0          0          0          0          0   _printf_percent_end.o
         6          0          0          0          0          0   _printf_s.o
        82          0          0          0          0         80   _printf_str.o
        22          0          0          0          0        100   _rserrno.o
        10          0          0          0          0         68   _sputc.o
       228          4        148          0          0         96   bigflt0.o
      1936        128          0          0          0        672   btod.o
        10          0          0          0          0         68   defsig_exit.o
        50          0          0          0          0         88   defsig_general.o
        80         58          0          0          0         76   defsig_rtmem_inner.o
        14          0          0          0          0         80   defsig_rtmem_outer.o
        52         38          0          0          0         76   defsig_rtred_inner.o
        14          0          0          0          0         80   defsig_rtred_outer.o
        18          0          0          0          0         80   exit.o
        76          0          0          0          0         88   fclose.o
         8          0          0          0          0         68   ferror.o
       236          4          0          0          0        128   fopen.o
       248          6          0          0          0         84   fseek.o
        66          0          0          0          0         76   ftell.o
        94          0          0          0          0         80   h1_alloc.o
        52          0          0          0          0         68   h1_extend.o
        78          0          0          0          0         80   h1_free.o
        14          0          0          0          0         84   h1_init.o
         6          0          0          0          0        152   heapauxi.o
         4          0          0          0          0        136   hguard.o
         0          0          0          0          0          0   indicate_semi.o
       138          0          0          0          0        168   init_alloc.o
       312         46          0          0          0        112   initio.o
        44         10         28          0          0         76   lc_numeric_c.o
         2          0          0          0          0          0   libinit.o
        34          0          0          0          0          0   libinit2.o
         2          0          0          0          0          0   libshutdown.o
         6          0          0          0          0          0   libshutdown2.o
         8          4          0          0         96         68   libspace.o
       138          0          0          0          0         80   lludiv10.o
       238          0          0          0          0        100   lludivv7m.o
         0          0          0          0          0          0   maybetermalloc1.o
        24          4          0          0          0         84   noretval__2printf.o
        40          6          0          0          0         84   noretval__2sprintf.o
         8          4          0          0          0         68   rt_errno_addr_intlibspace.o
         8          4          0          0          0         68   rt_heap_descriptor_intlibspace.o
         8          4          0          0          0         68   rt_locale_intlibspace.o
        68          0          0          0          0         68   rt_memclr.o
        78          0          0          0          0         80   rt_memclr_w.o
       138          0          0          0          0         68   rt_memcpy_v6.o
       100          0          0          0          0         80   rt_memcpy_w.o
         2          0          0          0          0          0   rtexit.o
        10          0          0          0          0          0   rtexit2.o
        70          0          0          0          0         80   setvbuf.o
       240          6          0          0          0        156   stdio.o
         0          0          0         12        252          0   stdio_streams.o
        24          0          0          0          0         68   strcat.o
        20          0          0          0          0         68   strchr.o
       128          0          0          0          0         68   strcmpv7m.o
        72          0          0          0          0         80   strcpy.o
        32          0          0          0          0         80   strcspn.o
        62          0          0          0          0         76   strlen.o
       150          0          0          0          0         80   strncmp.o
        86          0          0          0          0         76   strncpy.o
        28          0          0          0          0         80   strspn.o
        36          0          0          0          0         80   strstr.o
        12          6          0          4          0         68   strtok.o
        68          4          0          0          0         84   strtok_int.o
        12          4          0          0          0         68   sys_exit.o
        74          0          0          0          0         80   sys_stackheap_outer.o
        14          0          0          0          0         76   sys_wrch.o
         2          0          0          0          0         68   use_no_semi.o
        24          0          0          0          0        164   basic.o
        98          4          0          0          0        140   d2f.o
       826         16          0          0          0        492   daddsub_clz.o
        16          4          0          0          0        116   dcheck1.o
        24          0          0          0          0        116   dcmpi.o
       688        140          0          0          0        256   ddiv.o
        94          4          0          0          0        140   dfix.o
        90          4          0          0          0        140   dfixu.o
        84          0          0          0          0        232   dflt_clz.o
       120          4          0          0          0        140   dleqf.o
       340         12          0          0          0        152   dmul.o
       156          4          0          0          0        140   dnaninf.o
        12          0          0          0          0        116   dretinf.o
       108          0          0          0          0        128   drleqf.o
       180          4          0          0          0        128   drnd.o
       408         56          0          0          0        168   dsqrt_umaal.o
        86          4          0          0          0        132   f2d.o
       140          4          0          0          0        132   fnaninf.o
        10          0          0          0          0        116   fpinit.o
        10          0          0          0          0        116   fretinf.o
         4          0          0          0          0        116   printf1.o
       100          0          0          0          0        116   retnan.o
        92          0          0          0          0        116   scalbn.o
        48          0          0          0          0        116   trapv.o
         0          0          0          0          0          0   usenofp.o
       164         44          0          0          0        620   dunder.o
        44          0          0          0          0        248   fabs.o
        48          0          0          0          0        124   fpclassify.o
        42         12          0          0          0        348   funder.o
       364         44         64          0          0        140   logf.o
       248          0          0          0          0        152   poly.o
      3152        296        136          0          0        352   pow.o
         0          0          8          0          0          0   qnan.o
       224         30          0          0          0        172   round.o
       232          0          0          0          0        296   sqrt.o

    ----------------------------------------------------------------------
     16380       1080        384         16        352      12592   Library Totals
        46          4          0          0          4          0   (incl. Padding)

    ----------------------------------------------------------------------

      Code (inc. data)   RO Data    RW Data    ZI Data      Debug   Library Name

      8058        390        176         16        348       6412   c_w.l
      3758        260          0          0          0       3728   fz_wm.l
      4518        426        208          0          0       2452   m_wm.l

    ----------------------------------------------------------------------
     16380       1080        384         16        352      12592   Library Totals

    ----------------------------------------------------------------------

==============================================================================


      Code (inc. data)   RO Data    RW Data    ZI Data      Debug   

     77484       5352      72436        244     272820    1171842   Grand Totals
     77484       5352      72436        244     272820    1171842   ELF Image Totals
     77484       5352      72436        244          0          0   ROM Totals

==============================================================================

    Total RO  Size (Code + RO Data)               149920 ( 146.41kB)
    Total RW  Size (RW Data + ZI Data)            273064 ( 266.66kB)
    Total ROM Size (Code + RO Data + RW Data)     150164 ( 146.64kB)

==============================================================================

