Component: ARM Compiler 5.06 update 7 (build 960) Tool: armlink [4d3601]

==============================================================================

Section Cross References

    startup_stm32f413xx.o(STACK) refers (Special) to heapauxi.o(.text) for __use_two_region_memory
    startup_stm32f413xx.o(HEAP) refers (Special) to heapauxi.o(.text) for __use_two_region_memory
    startup_stm32f413xx.o(RESET) refers (Special) to heapauxi.o(.text) for __use_two_region_memory
    startup_stm32f413xx.o(RESET) refers to startup_stm32f413xx.o(STACK) for __initial_sp
    startup_stm32f413xx.o(RESET) refers to startup_stm32f413xx.o(.text) for Reset_Handler
    startup_stm32f413xx.o(RESET) refers to stm32f4xx_it.o(i.NMI_Handler) for NMI_Handler
    startup_stm32f413xx.o(RESET) refers to stm32f4xx_it.o(i.HardFault_Handler) for HardFault_Handler
    startup_stm32f413xx.o(RESET) refers to stm32f4xx_it.o(i.MemManage_Handler) for MemManage_Handler
    startup_stm32f413xx.o(RESET) refers to stm32f4xx_it.o(i.BusFault_Handler) for BusFault_Handler
    startup_stm32f413xx.o(RESET) refers to stm32f4xx_it.o(i.UsageFault_Handler) for UsageFault_Handler
    startup_stm32f413xx.o(RESET) refers to stm32f4xx_it.o(i.SVC_Handler) for SVC_Handler
    startup_stm32f413xx.o(RESET) refers to stm32f4xx_it.o(i.DebugMon_Handler) for DebugMon_Handler
    startup_stm32f413xx.o(RESET) refers to stm32f4xx_it.o(i.PendSV_Handler) for PendSV_Handler
    startup_stm32f413xx.o(RESET) refers to stm32f4xx_it.o(i.SysTick_Handler) for SysTick_Handler
    startup_stm32f413xx.o(RESET) refers to stm32f4xx_it.o(i.EXTI4_IRQHandler) for EXTI4_IRQHandler
    startup_stm32f413xx.o(RESET) refers to stm32f4xx_it.o(i.DMA1_Stream1_IRQHandler) for DMA1_Stream1_IRQHandler
    startup_stm32f413xx.o(RESET) refers to stm32f4xx_it.o(i.DMA1_Stream3_IRQHandler) for DMA1_Stream3_IRQHandler
    startup_stm32f413xx.o(RESET) refers to stm32f4xx_it.o(i.DMA1_Stream4_IRQHandler) for DMA1_Stream4_IRQHandler
    startup_stm32f413xx.o(RESET) refers to stm32f4xx_it.o(i.EXTI9_5_IRQHandler) for EXTI9_5_IRQHandler
    startup_stm32f413xx.o(RESET) refers to stm32f4xx_it.o(i.TIM1_UP_TIM10_IRQHandler) for TIM1_UP_TIM10_IRQHandler
    startup_stm32f413xx.o(RESET) refers to stm32f4xx_it.o(i.SPI2_IRQHandler) for SPI2_IRQHandler
    startup_stm32f413xx.o(RESET) refers to stm32f4xx_it.o(i.SDIO_IRQHandler) for SDIO_IRQHandler
    startup_stm32f413xx.o(RESET) refers to stm32f4xx_it.o(i.TIM6_DAC_IRQHandler) for TIM6_DAC_IRQHandler
    startup_stm32f413xx.o(RESET) refers to stm32f4xx_it.o(i.TIM7_IRQHandler) for TIM7_IRQHandler
    startup_stm32f413xx.o(RESET) refers to stm32f4xx_it.o(i.DMA2_Stream0_IRQHandler) for DMA2_Stream0_IRQHandler
    startup_stm32f413xx.o(RESET) refers to stm32f4xx_it.o(i.DMA2_Stream1_IRQHandler) for DMA2_Stream1_IRQHandler
    startup_stm32f413xx.o(RESET) refers to stm32f4xx_it.o(i.DMA2_Stream3_IRQHandler) for DMA2_Stream3_IRQHandler
    startup_stm32f413xx.o(RESET) refers to stm32f4xx_it.o(i.DMA2_Stream4_IRQHandler) for DMA2_Stream4_IRQHandler
    startup_stm32f413xx.o(RESET) refers to stm32f4xx_it.o(i.DMA2_Stream5_IRQHandler) for DMA2_Stream5_IRQHandler
    startup_stm32f413xx.o(RESET) refers to stm32f4xx_it.o(i.DMA2_Stream6_IRQHandler) for DMA2_Stream6_IRQHandler
    startup_stm32f413xx.o(RESET) refers to stm32f4xx_it.o(i.UART7_IRQHandler) for UART7_IRQHandler
    startup_stm32f413xx.o(RESET) refers to stm32f4xx_it.o(i.SPI4_IRQHandler) for SPI4_IRQHandler
    startup_stm32f413xx.o(RESET) refers to stm32f4xx_it.o(i.SPI5_IRQHandler) for SPI5_IRQHandler
    startup_stm32f413xx.o(.text) refers (Special) to heapauxi.o(.text) for __use_two_region_memory
    startup_stm32f413xx.o(.text) refers to system_stm32f4xx.o(i.SystemInit) for SystemInit
    startup_stm32f413xx.o(.text) refers to __main.o(!!!main) for __main
    startup_stm32f413xx.o(.text) refers to startup_stm32f413xx.o(HEAP) for Heap_Mem
    startup_stm32f413xx.o(.text) refers to startup_stm32f413xx.o(STACK) for Stack_Mem
    max86171.o(i.MAX86171_adjust_clock) refers to _printf_percent.o(.ARM.Collect$$_printf_percent$$00000000) for _printf_percent
    max86171.o(i.MAX86171_adjust_clock) refers to _printf_d.o(.ARM.Collect$$_printf_percent$$00000009) for _printf_d
    max86171.o(i.MAX86171_adjust_clock) refers to _printf_dec.o(.text) for _printf_int_dec
    max86171.o(i.MAX86171_adjust_clock) refers to max86171.o(i.MAX86171_writeReg) for MAX86171_writeReg
    max86171.o(i.MAX86171_adjust_clock) refers to noretval__2printf.o(.text) for __2printf
    max86171.o(i.MAX86171_init) refers to max86171.o(i.MAX86171_init_setup) for MAX86171_init_setup
    max86171.o(i.MAX86171_init) refers to max86171.o(i.MAX86171_read_status_1) for MAX86171_read_status_1
    max86171.o(i.MAX86171_init) refers to stm32f4xx_hal.o(i.HAL_Delay) for HAL_Delay
    max86171.o(i.MAX86171_init) refers to max86171.o(i.MAX86171_read_status_2) for MAX86171_read_status_2
[...]
    screen_status                            0x20000098   Data           1  main.o(.data)
    menu_select                              0x20000099   Data           1  main.o(.data)
    server_select                            0x2000009a   Data           1  main.o(.data)
    screen_flag                              0x2000009b   Data           1  main.o(.data)
    af_select                                0x2000009c   Data           1  main.o(.data)
    firStateF32                              0x200000a0   Data           4  main.o(.data)
    newPpgDataFN                             0x200000a4   Data           4  main.o(.data)
    PPI                                      0x200000a8   Data           4  main.o(.data)
    Peak_Interval                            0x200000ac   Data           4  main.o(.data)
    fft_inputDataF                           0x200000b0   Data           4  main.o(.data)
    fft_outputDataF                          0x200000b4   Data           4  main.o(.data)
    Filter_Idx                               0x200000b8   Data           2  main.o(.data)
    iterator_IMU                             0x200000ba   Data           2  main.o(.data)
    iteratorFifoIMU                          0x200000bc   Data           2  main.o(.data)
    retSD                                    0x200000cc   Data           1  fatfs.o(.data)
    SDPath                                   0x200000cd   Data           4  fatfs.o(.data)
    uwTick                                   0x200000d4   Data           4  stm32f4xx_hal.o(.data)
    uwTickPrio                               0x200000d8   Data           4  stm32f4xx_hal.o(.data)
    uwTickFreq                               0x200000dc   Data           1  stm32f4xx_hal.o(.data)
    SystemCoreClock                          0x200000e0   Data           4  system_stm32f4xx.o(.data)
    __aeabi_stdin                            0x200000f0   Data           4  stdio_streams.o(.data)
    __aeabi_stdout                           0x200000f4   Data           4  stdio_streams.o(.data)
    __aeabi_stderr                           0x200000f8   Data           4  stdio_streams.o(.data)
    disp_buf                                 0x200000fc   Data        2400  st7789.o(.bss)
    hi2c1                                    0x20008fa4   Data          84  main.o(.bss)
    hiwdg                                    0x20008ff8   Data          12  main.o(.bss)
    hsd                                      0x20009004   Data         132  main.o(.bss)
    hdma_sdio_rx                             0x20009088   Data          96  main.o(.bss)
    hdma_sdio_tx                             0x200090e8   Data          96  main.o(.bss)
    hspi2                                    0x20009148   Data          88  main.o(.bss)
    hspi4                                    0x200091a0   Data          88  main.o(.bss)
    hspi5                                    0x200091f8   Data          88  main.o(.bss)
    hdma_spi2_rx                             0x20009250   Data          96  main.o(.bss)
    hdma_spi2_tx                             0x200092b0   Data          96  main.o(.bss)
    hdma_spi4_rx                             0x20009310   Data          96  main.o(.bss)
    hdma_spi4_tx                             0x20009370   Data          96  main.o(.bss)
    hdma_spi5_tx                             0x200093d0   Data          96  main.o(.bss)
    hdma_spi5_rx                             0x20009430   Data          96  main.o(.bss)
    htim3                                    0x20009490   Data          64  main.o(.bss)
    htim6                                    0x200094d0   Data          64  main.o(.bss)
    htim7                                    0x20009510   Data          64  main.o(.bss)
    htim9                                    0x20009550   Data          64  main.o(.bss)
    huart7                                   0x20009590   Data          64  main.o(.bss)
    hdma_uart7_tx                            0x200095d0   Data          96  main.o(.bss)
    max30003_data                            0x20009630   Data         100  main.o(.bss)
    max86171_data                            0x20009694   Data         768  main.o(.bss)
    max86171_buffer                          0x20009994   Data          24  main.o(.bss)
    Rx_Buffer                                0x200099ac   Data          25  main.o(.bss)
    Rx_read_data                             0x200099c5   Data          25  main.o(.bss)
    I2C_Polling_buffer                       0x200099de   Data          12  main.o(.bss)
    error_msg                                0x200099ea   Data          30  main.o(.bss)
    S                                        0x20009a08   Data          12  main.o(.bss)
    S2                                       0x20009a14   Data          24  main.o(.bss)
    bufferACC                                0x20009a2c   Data        2000  main.o(.bss)
    bufferGYRO                               0x2000a1fc   Data        2000  main.o(.bss)
    fifoACC                                  0x2000a9cc   Data        3000  main.o(.bss)
    fifoGYRO                                 0x2000b584   Data        3000  main.o(.bss)
    htim1                                    0x2000c13c   Data          64  stm32f4xx_hal_timebase_tim.o(.bss)
    disk                                     0x2000c3cc   Data          12  ff_gen_drv.o(.bss)
    __stdin                                  0x2000c3d8   Data          84  stdio_streams.o(.bss)
    __stdout                                 0x2000c42c   Data          84  stdio_streams.o(.bss)
    __stderr                                 0x2000c480   Data          84  stdio_streams.o(.bss)
    __libspace_start                         0x2000c4d4   Data          96  libspace.o(.bss)
    __temporary_stack_top$libspace           0x2000c534   Data           0  libspace.o(.bss)



==============================================================================

Memory Map of the image

  Image Entry point : 0x080001d9

  Load Region LR_IROM1 (Base: 0x08000000, Size: 0x00051b8c, Max: 0x00100000, ABSOLUTE)

    Execution Region ER_IROM1 (Exec base: 0x08000000, Load base: 0x08000000, Size: 0x00051a90, Max: 0x00100000, ABSOLUTE)

    Exec Addr    Load Addr    Size         Type   Attr      Idx    E Section Name        Object

    0x08000000   0x08000000   0x000001d8   Data   RO            3    RESET               startup_stm32f413xx.o
    0x080001d8   0x080001d8   0x00000008   Code   RO         7245  * !!!main             c_w.l(__main.o)
    0x080001e0   0x080001e0   0x00000034   Code   RO         7704    !!!scatter          c_w.l(__scatter.o)
    0x08000214   0x08000214   0x0000001a   Code   RO         7706    !!handler_copy      c_w.l(__scatter_copy.o)
    0x0800022e   0x0800022e   0x00000002   PAD
    0x08000230   0x08000230   0x0000001c   Code   RO         7708    !!handler_zi        c_w.l(__scatter_zi.o)
    0x0800024c   0x0800024c   0x00000000   Code   RO         7217    .ARM.Collect$$_printf_percent$$00000000  c_w.l(_printf_percent.o)
    0x0800024c   0x0800024c   0x00000006   Code   RO         7216    .ARM.Collect$$_printf_percent$$00000003  c_w.l(_printf_f.o)
    0x08000252   0x08000252   0x00000006   Code   RO         7215    .ARM.Collect$$_printf_percent$$00000009  c_w.l(_printf_d.o)
    0x08000258   0x08000258   0x00000006   Code   RO         7214    .ARM.Collect$$_printf_percent$$00000014  c_w.l(_printf_s.o)
    0x0800025e   0x0800025e   0x00000004   Code   RO         7379    .ARM.Collect$$_printf_percent$$00000017  c_w.l(_printf_percent_end.o)
    0x08000262   0x08000262   0x00000002   Code   RO         7631    .ARM.Collect$$libinit$$00000000  c_w.l(libinit.o)
    0x08000264   0x08000264   0x00000004   Code   RO         7390    .ARM.Collect$$libinit$$00000001  c_w.l(libinit2.o)
    0x08000268   0x08000268   0x00000000   Code   RO         7393    .ARM.Collect$$libinit$$00000004  c_w.l(libinit2.o)
    0x08000268   0x08000268   0x00000008   Code   RO         7394    .ARM.Collect$$libinit$$00000005  c_w.l(libinit2.o)
    0x08000270   0x08000270   0x00000000   Code   RO         7396    .ARM.Collect$$libinit$$0000000A  c_w.l(libinit2.o)
    0x08000270   0x08000270   0x00000000   Code   RO         7398    .ARM.Collect$$libinit$$0000000C  c_w.l(libinit2.o)
    0x08000270   0x08000270   0x00000000   Code   RO         7400    .ARM.Collect$$libinit$$0000000E  c_w.l(libinit2.o)
    0x08000270   0x08000270   0x00000006   Code   RO         7401    .ARM.Collect$$libinit$$0000000F  c_w.l(libinit2.o)
    0x08000276   0x08000276   0x00000000   Code   RO         7403    .ARM.Collect$$libinit$$00000011  c_w.l(libinit2.o)
    0x08000276   0x08000276   0x00000000   Code   RO         7405    .ARM.Collect$$libinit$$00000013  c_w.l(libinit2.o)
    0x08000276   0x08000276   0x00000000   Code   RO         7407    .ARM.Collect$$libinit$$00000015  c_w.l(libinit2.o)
    0x08000276   0x08000276   0x0000000a   Code   RO         7408    .ARM.Collect$$libinit$$00000016  c_w.l(libinit2.o)
    0x08000280   0x08000280   0x00000000   Code   RO         7409    .ARM.Collect$$libinit$$00000017  c_w.l(libinit2.o)
    0x08000280   0x08000280   0x00000000   Code   RO         7411    .ARM.Collect$$libinit$$00000019  c_w.l(libinit2.o)
    0x08000280   0x08000280   0x00000000   Code   RO         7413    .ARM.Collect$$libinit$$0000001B  c_w.l(libinit2.o)
    0x08000280   0x08000280   0x00000000   Code   RO         7415    .ARM.Collect$$libinit$$0000001D  c_w.l(libinit2.o)
    0x08000280   0x08000280   0x00000000   Code   RO         7417    .ARM.Collect$$libinit$$0000001F  c_w.l(libinit2.o)
    0x08000280   0x08000280   0x00000000   Code   RO         7419    .ARM.Collect$$libinit$$00000021  c_w.l(libinit2.o)
    0x08000280   0x08000280   0x00000000   Code   RO         7421    .ARM.Collect$$libinit$$00000023  c_w.l(libinit2.o)
    0x08000280   0x08000280   0x00000004   Code   RO         7422    .ARM.Collect$$libinit$$00000024  c_w.l(libinit2.o)
    0x08000284   0x08000284   0x00000000   Code   RO         7423    .ARM.Collect$$libinit$$00000025  c_w.l(libinit2.o)
    0x08000284   0x08000284   0x00000000   Code   RO         7427    .ARM.Collect$$libinit$$0000002C  c_w.l(libinit2.o)
    0x08000284   0x08000284   0x00000000   Code   RO         7429    .ARM.Collect$$libinit$$0000002E  c_w.l(libinit2.o)
    0x08000284   0x08000284   0x00000000   Code   RO         7431    .ARM.Collect$$libinit$$00000030  c_w.l(libinit2.o)
    0x08000284   0x08000284   0x00000000   Code   RO         7433    .ARM.Collect$$libinit$$00000032  c_w.l(libinit2.o)
    0x08000284   0x08000284   0x00000002   Code   RO         7434    .ARM.Collect$$libinit$$00000033  c_w.l(libinit2.o)
    0x08000286   0x08000286   0x00000002   Code   RO         7701    .ARM.Collect$$libshutdown$$00000000  c_w.l(libshutdown.o)
    0x08000288   0x08000288   0x00000000   Code   RO         7633    .ARM.Collect$$libshutdown$$00000002  c_w.l(libshutdown2.o)
    0x08000288   0x08000288   0x00000000   Code   RO         7635    .ARM.Collect$$libshutdown$$00000004  c_w.l(libshutdown2.o)
    0x08000288   0x08000288   0x00000004   Code   RO         7636    .ARM.Collect$$libshutdown$$00000005  c_w.l(libshutdown2.o)
    0x0800028c   0x0800028c   0x00000000   Code   RO         7637    .ARM.Collect$$libshutdown$$00000006  c_w.l(libshutdown2.o)
    0x0800028c   0x0800028c   0x00000000   Code   RO         7640    .ARM.Collect$$libshutdown$$00000009  c_w.l(libshutdown2.o)
    0x0800028c   0x0800028c   0x00000000   Code   RO         7643    .ARM.Collect$$libshutdown$$0000000C  c_w.l(libshutdown2.o)
    0x0800028c   0x0800028c   0x00000000   Code   RO         7645    .ARM.Collect$$libshutdown$$0000000E  c_w.l(libshutdown2.o)
    0x0800028c   0x0800028c   0x00000000   Code   RO         7648    .ARM.Collect$$libshutdown$$00000011  c_w.l(libshutdown2.o)
    0x0800028c   0x0800028c   0x00000002   Code   RO         7649    .ARM.Collect$$libshutdown$$00000012  c_w.l(libshutdown2.o)
    0x0800028e   0x0800028e   0x00000000   Code   RO         7335    .ARM.Collect$$rtentry$$00000000  c_w.l(__rtentry.o)
    0x0800028e   0x0800028e   0x00000000   Code   RO         7493    .ARM.Collect$$rtentry$$00000002  c_w.l(__rtentry2.o)
    0x0800028e   0x0800028e   0x00000006   Code   RO         7505    .ARM.Collect$$rtentry$$00000004  c_w.l(__rtentry4.o)
    0x08000294   0x08000294   0x00000000   Code   RO         7495    .ARM.Collect$$rtentry$$00000009  c_w.l(__rtentry2.o)
    0x08000294   0x08000294   0x00000004   Code   RO         7496    .ARM.Collect$$rtentry$$0000000A  c_w.l(__rtentry2.o)
    0x08000298   0x08000298   0x00000000   Code   RO         7498    .ARM.Collect$$rtentry$$0000000C  c_w.l(__rtentry2.o)
    0x08000298   0x08000298   0x00000008   Code   RO         7499    .ARM.Collect$$rtentry$$0000000D  c_w.l(__rtentry2.o)
    0x080002a0   0x080002a0   0x00000002   Code   RO         7654    .ARM.Collect$$rtexit$$00000000  c_w.l(rtexit.o)
    0x080002a2   0x080002a2   0x00000000   Code   RO         7677    .ARM.Collect$$rtexit$$00000002  c_w.l(rtexit2.o)
    0x080002a2   0x080002a2   0x00000004   Code   RO         7678    .ARM.Collect$$rtexit$$00000003  c_w.l(rtexit2.o)
    0x080002a6   0x080002a6   0x00000006   Code   RO         7679    .ARM.Collect$$rtexit$$00000004  c_w.l(rtexit2.o)
    0x080002ac   0x080002ac   0x00000000   Code   RO         7521    .emb_text           c_w.l(maybetermalloc1.o)
    0x080002ac   0x080002ac   0x00000040   Code   RO            4    .text               startup_stm32f413xx.o
    0x080002ec   0x080002ec   0x00000028   Code   RO         7116    .text               c_w.l(calloc.o)
    0x08000314   0x08000314   0x0000005e   Code   RO         7118    .text               c_w.l(h1_alloc.o)
    0x08000372   0x08000372   0x0000004e   Code   RO         7120    .text               c_w.l(h1_free.o)
    0x080003c0   0x080003c0   0x000000ee   Code   RO         7176    .text               c_w.l(lludivv7m.o)
    0x080004ae   0x080004ae   0x00000002   PAD
    0x080004b0   0x080004b0   0x00000018   Code   RO         7182    .text               c_w.l(noretval__2printf.o)
    0x080004c8   0x080004c8   0x00000028   Code   RO         7184    .text               c_w.l(noretval__2sprintf.o)
    0x080004f0   0x080004f0   0x0000004e   Code   RO         7188    .text               c_w.l(_printf_pad.o)
    0x0800053e   0x0800053e   0x00000052   Code   RO         7190    .text               c_w.l(_printf_str.o)
    0x08000590   0x08000590   0x00000078   Code   RO         7192    .text               c_w.l(_printf_dec.o)
    0x08000608   0x08000608   0x00000138   Code   RO         7206    .text               c_w.l(__printf_flags_wp.o)
    0x08000740   0x08000740   0x0000000c   Code   RO         7218    .text               c_w.l(strtok.o)
    0x0800074c   0x0800074c   0x00000014   Code   RO         7221    .text               c_w.l(strchr.o)
    0x08000760   0x08000760   0x00000048   Code   RO         7223    .text               c_w.l(strcpy.o)
    0x080007a8   0x080007a8   0x0000003e   Code   RO         7225    .text               c_w.l(strlen.o)
    0x080007e6   0x080007e6   0x00000096   Code   RO         7227    .text               c_w.l(strncmp.o)
    0x0800087c   0x0800087c   0x00000018   Code   RO         7229    .text               c_w.l(strcat.o)
    0x08000894   0x08000894   0x0000008a   Code   RO         7231    .text               c_w.l(rt_memcpy_v6.o)
    0x0800091e   0x0800091e   0x00000064   Code   RO         7233    .text               c_w.l(rt_memcpy_w.o)
    0x08000982   0x08000982   0x00000010   Code   RO         7235    .text               c_w.l(aeabi_memset.o)
    0x08000992   0x08000992   0x00000044   Code   RO         7237    .text               c_w.l(rt_memclr.o)
    0x080009d6   0x080009d6   0x0000004e   Code   RO         7239    .text               c_w.l(rt_memclr_w.o)
    0x08000a24   0x08000a24   0x00000080   Code   RO         7241    .text               c_w.l(strcmpv7m.o)
    0x08000aa4   0x08000aa4   0x00000006   Code   RO         7243    .text               c_w.l(heapauxi.o)
    0x08000aaa   0x08000aaa   0x00000002   PAD
    0x08000aac   0x08000aac   0x00000008   Code   RO         7343    .text               c_w.l(rt_heap_descriptor_intlibspace.o)
    0x08000ab4   0x08000ab4   0x00000004   Code   RO         7345    .text               c_w.l(hguard.o)
    0x08000ab8   0x08000ab8   0x0000008a   Code   RO         7347    .text               c_w.l(init_alloc.o)
    0x08000b42   0x08000b42   0x0000000e   Code   RO         7351    .text               c_w.l(h1_init.o)
    0x08000b50   0x08000b50   0x00000016   Code   RO         7365    .text               c_w.l(_rserrno.o)
    0x08000b66   0x08000b66   0x000000b2   Code   RO         7367    .text               c_w.l(_printf_intcommon.o)
    0x08000c18   0x08000c18   0x0000041e   Code   RO         7369    .text               c_w.l(_printf_fp_dec.o)
    0x08001036   0x08001036   0x00000002   PAD
    0x08001038   0x08001038   0x00000030   Code   RO         7371    .text               c_w.l(_printf_char_common.o)
    0x08001068   0x08001068   0x0000000a   Code   RO         7373    .text               c_w.l(_sputc.o)
    0x08001072   0x08001072   0x0000002c   Code   RO         7375    .text               c_w.l(_printf_char.o)
    0x0800109e   0x0800109e   0x00000002   PAD
    0x080010a0   0x080010a0   0x00000024   Code   RO         7377    .text               c_w.l(_printf_char_file.o)
    0x080010c4   0x080010c4   0x00000044   Code   RO         7386    .text               c_w.l(strtok_int.o)
    0x08001108   0x08001108   0x00000008   Code   RO         7489    .text               c_w.l(libspace.o)
    0x08001110   0x08001110   0x00000008   Code   RO         7512    .text               c_w.l(rt_locale_intlibspace.o)
    0x08001118   0x08001118   0x00000008   Code   RO         7517    .text               c_w.l(rt_errno_addr_intlibspace.o)
    0x08001120   0x08001120   0x00000034   Code   RO         7523    .text               c_w.l(h1_extend.o)
    0x08001154   0x08001154   0x0000008a   Code   RO         7527    .text               c_w.l(lludiv10.o)
    0x080011de   0x080011de   0x00000002   PAD
    0x080011e0   0x080011e0   0x00000080   Code   RO         7529    .text               c_w.l(_printf_fp_infnan.o)
    0x08001260   0x08001260   0x000000e4   Code   RO         7533    .text               c_w.l(bigflt0.o)
    0x08001344   0x08001344   0x00000008   Code   RO         7558    .text               c_w.l(ferror.o)
    0x0800134c   0x0800134c   0x00000138   Code   RO         7560    .text               c_w.l(initio.o)
    0x08001484   0x08001484   0x0000000e   Code   RO         7569    .text               c_w.l(defsig_rtmem_outer.o)
    0x08001492   0x08001492   0x00000020   Code   RO         7573    .text               c_w.l(strcspn.o)
    0x080014b2   0x080014b2   0x0000001c   Code   RO         7575    .text               c_w.l(strspn.o)
    0x080014ce   0x080014ce   0x00000002   Code   RO         7588    .text               c_w.l(use_no_semi.o)
    0x080014d0   0x080014d0   0x00000000   Code   RO         7590    .text               c_w.l(indicate_semi.o)
    0x080014d0   0x080014d0   0x0000004a   Code   RO         7591    .text               c_w.l(sys_stackheap_outer.o)
    0x0800151a   0x0800151a   0x00000046   Code   RO         7597    .text               c_w.l(setvbuf.o)
    0x08001560   0x08001560   0x000000ec   Code   RO         7600    .text               c_w.l(fopen.o)
    0x0800164c   0x0800164c   0x0000004c   Code   RO         7602    .text               c_w.l(fclose.o)
    0x08001698   0x08001698   0x00000012   Code   RO         7608    .text               c_w.l(exit.o)
    0x080016aa   0x080016aa   0x0000000a   Code   RO         7610    .text               c_w.l(defsig_exit.o)
    0x080016b4   0x080016b4   0x0000000e   Code   RO         7616    .text               c_w.l(defsig_rtred_outer.o)
    0x080016c2   0x080016c2   0x00000002   PAD
    0x080016c4   0x080016c4   0x00000050   Code   RO         7620    .text               c_w.l(defsig_rtmem_inner.o)
    0x08001714   0x08001714   0x0000000c   Code   RO         7652    .text               c_w.l(sys_exit.o)
    0x08001720   0x08001720   0x000000f8   Code   RO         7660    .text               c_w.l(fseek.o)
    0x08001818   0x08001818   0x000000f0   Code   RO         7662    .text               c_w.l(stdio.o)
    0x08001908   0x08001908   0x00000032   Code   RO         7666    .text               c_w.l(defsig_general.o)
    0x0800193a   0x0800193a   0x00000002   PAD
    0x0800193c   0x0800193c   0x00000034   Code   RO         7670    .text               c_w.l(defsig_rtred_inner.o)
    0x08001970   0x08001970   0x0000000e   Code   RO         7674    .text               c_w.l(sys_wrch.o)
    0x0800197e   0x0800197e   0x00000042   Code   RO         7683    .text               c_w.l(ftell.o)
    0x080019c0   0x080019c0   0x0000003e   Code   RO         7536    CL$$btod_d2e        c_w.l(btod.o)
    0x080019fe   0x080019fe   0x00000046   Code   RO         7538    CL$$btod_d2e_denorm_low  c_w.l(btod.o)
    0x08001a44   0x08001a44   0x00000060   Code   RO         7537    CL$$btod_d2e_norm_op1  c_w.l(btod.o)
    0x08001aa4   0x08001aa4   0x00000338   Code   RO         7546    CL$$btod_div_common  c_w.l(btod.o)
    0x08001ddc   0x08001ddc   0x000000dc   Code   RO         7543    CL$$btod_e2e        c_w.l(btod.o)
    0x08001eb8   0x08001eb8   0x0000002a   Code   RO         7540    CL$$btod_ediv       c_w.l(btod.o)
    0x08001ee2   0x08001ee2   0x0000002a   Code   RO         7539    CL$$btod_emul       c_w.l(btod.o)
    0x08001f0c   0x08001f0c   0x00000244   Code   RO         7545    CL$$btod_mult_common  c_w.l(btod.o)
    0x08002150   0x08002150   0x00000f04   Code   RO         1128    i.AF_Algorithm      main.o
    0x08003054   0x08003054   0x000000f8   Code   RO          655    i.AF_Normlaized_RMSSD  af_detect.o
    0x0800314c   0x0800314c   0x00000190   Code   RO          656    i.AF_Peak_detection  af_detect.o
    0x080032dc   0x080032dc   0x00000278   Code   RO          657    i.AF_Sample_Entropy  af_detect.o
    0x08003554   0x08003554   0x00000150   Code   RO          658    i.AF_Shannon_Entropy  af_detect.o
    0x080036a4   0x080036a4   0x00000018   Code   RO         1951    i.BSP_PlatformIsDetected  fatfs_platform.o
    0x080036bc   0x080036bc   0x00000002   Code   RO         1732    i.BSP_SD_AbortCallback  bsp_driver_sd.o
    0x080036be   0x080036be   0x00000002   PAD
    0x080036c0   0x080036c0   0x00000014   Code   RO         1735    i.BSP_SD_GetCardInfo  bsp_driver_sd.o
    0x080036d4   0x080036d4   0x00000018   Code   RO         1736    i.BSP_SD_GetCardState  bsp_driver_sd.o
    0x080036ec   0x080036ec   0x00000030   Code   RO         1738    i.BSP_SD_Init       bsp_driver_sd.o
    0x0800371c   0x0800371c   0x00000016   Code   RO         1739    i.BSP_SD_IsDetected  bsp_driver_sd.o
    0x08003732   0x08003732   0x00000002   PAD
    0x08003734   0x08003734   0x00000028   Code   RO         1741    i.BSP_SD_ReadBlocks_DMA  bsp_driver_sd.o
    0x0800375c   0x0800375c   0x0000000c   Code   RO         1859    i.BSP_SD_ReadCpltCallback  sd_diskio.o
    0x08003768   0x08003768   0x00000028   Code   RO         1744    i.BSP_SD_WriteBlocks_DMA  bsp_driver_sd.o
    0x08003790   0x08003790   0x0000000c   Code   RO         1860    i.BSP_SD_WriteCpltCallback  sd_diskio.o
    0x0800379c   0x0800379c   0x000002d4   Code   RO         1129    i.Bluetooth_init    main.o
    0x08003a70   0x08003a70   0x00000004   Code   RO         1400    i.BusFault_Handler  stm32f4xx_it.o
    0x08003a74   0x08003a74   0x00000010   Code   RO         1401    i.DMA1_Stream1_IRQHandler  stm32f4xx_it.o
    0x08003a84   0x08003a84   0x00000010   Code   RO         1402    i.DMA1_Stream3_IRQHandler  stm32f4xx_it.o
    0x08003a94   0x08003a94   0x00000010   Code   RO         1403    i.DMA1_Stream4_IRQHandler  stm32f4xx_it.o
    0x08003aa4   0x08003aa4   0x00000010   Code   RO         1404    i.DMA2_Stream0_IRQHandler  stm32f4xx_it.o
    0x08003ab4   0x08003ab4   0x00000010   Code   RO         1405    i.DMA2_Stream1_IRQHandler  stm32f4xx_it.o
    0x08003ac4   0x08003ac4   0x00000010   Code   RO         1406    i.DMA2_Stream3_IRQHandler  stm32f4xx_it.o
    0x08003ad4   0x08003ad4   0x00000010   Code   RO         1407    i.DMA2_Stream4_IRQHandler  stm32f4xx_it.o
    0x08003ae4   0x08003ae4   0x00000010   Code   RO         1408    i.DMA2_Stream5_IRQHandler  stm32f4xx_it.o
    0x08003af4   0x08003af4   0x00000010   Code   RO         1409    i.DMA2_Stream6_IRQHandler  stm32f4xx_it.o
    0x08003b04   0x08003b04   0x00000034   Code   RO         2572    i.DMA_CalcBaseAndBitshift  stm32f4xx_hal_dma.o
    0x08003b38   0x08003b38   0x000000aa   Code   RO         2573    i.DMA_CheckFifoParam  stm32f4xx_hal_dma.o
    0x08003be2   0x08003be2   0x0000002c   Code   RO         2574    i.DMA_SetConfig     stm32f4xx_hal_dma.o
    0x08003c0e   0x08003c0e   0x00000002   PAD
    0x08003c10   0x08003c10   0x00000108   Code   RO         1130    i.Data_Send         main.o
    0x08003d18   0x08003d18   0x0000004c   Code   RO         1131    i.Data_Update       main.o
    0x08003d64   0x08003d64   0x00000002   Code   RO         1410    i.DebugMon_Handler  stm32f4xx_it.o
    0x08003d66   0x08003d66   0x00000002   PAD
    0x08003d68   0x08003d68   0x0000017c   Code   RO          825    i.Directory_check   fifo.o
    0x08003ee4   0x08003ee4   0x00000038   Code   RO         1132    i.ECG_PPG_IMU_reset  main.o
    0x08003f1c   0x08003f1c   0x00000060   Code   RO         1133    i.ECG_Update        main.o
    0x08003f7c   0x08003f7c   0x0000000a   Code   RO         1411    i.EXTI4_IRQHandler  stm32f4xx_it.o
    0x08003f86   0x08003f86   0x00000010   Code   RO         1412    i.EXTI9_5_IRQHandler  stm32f4xx_it.o
    0x08003f96   0x08003f96   0x00000002   PAD
    0x08003f98   0x08003f98   0x00000154   Code   RO         1134    i.Error_Handler     main.o
    0x080040ec   0x080040ec   0x00000012   Code   RO         6912    i.FATFS_LinkDriver  ff_gen_drv.o
    0x080040fe   0x080040fe   0x00000002   PAD
    0x08004100   0x08004100   0x00000054   Code   RO         6913    i.FATFS_LinkDriverEx  ff_gen_drv.o
    0x08004154   0x08004154   0x00000034   Code   RO          826    i.FIFO_Close        fifo.o
    0x08004188   0x08004188   0x000000fc   Code   RO          827    i.FIFO_Init_W       fifo.o
    0x08004284   0x08004284   0x00000028   Code   RO         2576    i.HAL_DMA_Abort_IT  stm32f4xx_hal_dma.o
    0x080042ac   0x080042ac   0x00000006   Code   RO         2578    i.HAL_DMA_GetError  stm32f4xx_hal_dma.o
    0x080042b2   0x080042b2   0x00000002   PAD
    0x080042b4   0x080042b4   0x00000240   Code   RO         2580    i.HAL_DMA_IRQHandler  stm32f4xx_hal_dma.o
    0x080044f4   0x080044f4   0x000000ec   Code   RO         2581    i.HAL_DMA_Init      stm32f4xx_hal_dma.o
    0x080045e0   0x080045e0   0x00000092   Code   RO         2585    i.HAL_DMA_Start_IT  stm32f4xx_hal_dma.o
    0x08004672   0x08004672   0x00000002   PAD
    0x08004674   0x08004674   0x00000028   Code   RO         3023    i.HAL_Delay         stm32f4xx_hal.o
    0x0800469c   0x0800469c   0x0000003c   Code   RO         1135    i.HAL_GPIO_EXTI_Callback  main.o
    0x080046d8   0x080046d8   0x0000001c   Code   RO         2467    i.HAL_GPIO_EXTI_IRQHandler  stm32f4xx_hal_gpio.o
    0x080046f4   0x080046f4   0x000001f0   Code   RO         2468    i.HAL_GPIO_Init     stm32f4xx_hal_gpio.o
    0x080048e4   0x080048e4   0x00000010   Code   RO         2470    i.HAL_GPIO_ReadPin  stm32f4xx_hal_gpio.o
    0x080048f4   0x080048f4   0x0000000c   Code   RO         2472    i.HAL_GPIO_WritePin  stm32f4xx_hal_gpio.o
    0x08004900   0x08004900   0x0000000c   Code   RO         3029    i.HAL_GetTick       stm32f4xx_hal.o
    0x0800490c   0x0800490c   0x000001d0   Code   RO         3285    i.HAL_I2C_Init      stm32f4xx_hal_i2c.o
    0x08004adc   0x08004adc   0x000002f4   Code   RO         3303    i.HAL_I2C_Mem_Read  stm32f4xx_hal_i2c.o
    0x08004dd0   0x08004dd0   0x00000164   Code   RO         3306    i.HAL_I2C_Mem_Write  stm32f4xx_hal_i2c.o
    0x08004f34   0x08004f34   0x00000088   Code   RO         1591    i.HAL_I2C_MspInit   stm32f4xx_hal_msp.o
    0x08004fbc   0x08004fbc   0x00000050   Code   RO         3771    i.HAL_IWDG_Init     stm32f4xx_hal_iwdg.o
    0x0800500c   0x0800500c   0x0000000e   Code   RO         3772    i.HAL_IWDG_Refresh  stm32f4xx_hal_iwdg.o
    0x0800501a   0x0800501a   0x00000002   PAD
    0x0800501c   0x0800501c   0x00000018   Code   RO         3035    i.HAL_IncTick       stm32f4xx_hal.o
    0x08005034   0x08005034   0x0000003c   Code   RO         3036    i.HAL_Init          stm32f4xx_hal.o
    0x08005070   0x08005070   0x0000008c   Code   RO         1693    i.HAL_InitTick      stm32f4xx_hal_timebase_tim.o
    0x080050fc   0x080050fc   0x00000048   Code   RO         1592    i.HAL_MspInit       stm32f4xx_hal_msp.o
    0x08005144   0x08005144   0x00000020   Code   RO         2881    i.HAL_NVIC_EnableIRQ  stm32f4xx_hal_cortex.o
    0x08005164   0x08005164   0x0000007c   Code   RO         2887    i.HAL_NVIC_SetPriority  stm32f4xx_hal_cortex.o
    0x080051e0   0x080051e0   0x00000028   Code   RO         2888    i.HAL_NVIC_SetPriorityGrouping  stm32f4xx_hal_cortex.o
    0x08005208   0x08005208   0x00000010   Code   RO         2684    i.HAL_PWR_DisableWakeUpPin  stm32f4xx_hal_pwr.o
    0x08005218   0x08005218   0x00000010   Code   RO         2689    i.HAL_PWR_EnableWakeUpPin  stm32f4xx_hal_pwr.o
    0x08005228   0x08005228   0x00000028   Code   RO         2691    i.HAL_PWR_EnterSTANDBYMode  stm32f4xx_hal_pwr.o
    0x08005250   0x08005250   0x0000044c   Code   RO         2122    i.HAL_RCCEx_PeriphCLKConfig  stm32f4xx_hal_rcc_ex.o
    0x0800569c   0x0800569c   0x00000184   Code   RO         2017    i.HAL_RCC_ClockConfig  stm32f4xx_hal_rcc.o
    0x08005820   0x08005820   0x00000044   Code   RO         2021    i.HAL_RCC_GetClockConfig  stm32f4xx_hal_rcc.o
    0x08005864   0x08005864   0x0000000c   Code   RO         2022    i.HAL_RCC_GetHCLKFreq  stm32f4xx_hal_rcc.o
    0x08005870   0x08005870   0x00000020   Code   RO         2024    i.HAL_RCC_GetPCLK1Freq  stm32f4xx_hal_rcc.o
    0x08005890   0x08005890   0x00000020   Code   RO         2025    i.HAL_RCC_GetPCLK2Freq  stm32f4xx_hal_rcc.o
    0x080058b0   0x080058b0   0x000000b0   Code   RO         2026    i.HAL_RCC_GetSysClockFreq  stm32f4xx_hal_rcc.o
    0x08005960   0x08005960   0x00000448   Code   RO         2126    i.HAL_RCC_OscConfig  stm32f4xx_hal_rcc_ex.o
    0x08005da8   0x08005da8   0x0000000a   Code   RO         1746    i.HAL_SD_AbortCallback  bsp_driver_sd.o
    0x08005db2   0x08005db2   0x00000002   PAD
    0x08005db4   0x08005db4   0x000000a8   Code   RO         4080    i.HAL_SD_ConfigWideBusOperation  stm32f4xx_hal_sd.o
    0x08005e5c   0x08005e5c   0x00000002   Code   RO         4083    i.HAL_SD_ErrorCallback  stm32f4xx_hal_sd.o
    0x08005e5e   0x08005e5e   0x00000002   PAD
    0x08005e60   0x08005e60   0x000001c8   Code   RO         4085    i.HAL_SD_GetCardCSD  stm32f4xx_hal_sd.o
    0x08006028   0x08006028   0x00000026   Code   RO         4086    i.HAL_SD_GetCardInfo  stm32f4xx_hal_sd.o
    0x0800604e   0x0800604e   0x00000024   Code   RO         4087    i.HAL_SD_GetCardState  stm32f4xx_hal_sd.o
    0x08006072   0x08006072   0x00000002   PAD
    0x08006074   0x08006074   0x00000204   Code   RO         4091    i.HAL_SD_IRQHandler  stm32f4xx_hal_sd.o
    0x08006278   0x08006278   0x0000003c   Code   RO         4092    i.HAL_SD_Init       stm32f4xx_hal_sd.o
    0x080062b4   0x080062b4   0x00000084   Code   RO         4093    i.HAL_SD_InitCard   stm32f4xx_hal_sd.o
    0x08006338   0x08006338   0x000001a8   Code   RO         1594    i.HAL_SD_MspInit    stm32f4xx_hal_msp.o
    0x080064e0   0x080064e0   0x00000150   Code   RO         4097    i.HAL_SD_ReadBlocks_DMA  stm32f4xx_hal_sd.o
    0x08006630   0x08006630   0x0000000a   Code   RO         1747    i.HAL_SD_RxCpltCallback  bsp_driver_sd.o
    0x0800663a   0x0800663a   0x0000000a   Code   RO         1748    i.HAL_SD_TxCpltCallback  bsp_driver_sd.o
    0x08006644   0x08006644   0x00000154   Code   RO         4102    i.HAL_SD_WriteBlocks_DMA  stm32f4xx_hal_sd.o
    0x08006798   0x08006798   0x00000002   Code   RO         4339    i.HAL_SPI_ErrorCallback  stm32f4xx_hal_spi.o
    0x0800679a   0x0800679a   0x00000008   Code   RO         4341    i.HAL_SPI_GetState  stm32f4xx_hal_spi.o
    0x080067a2   0x080067a2   0x00000002   PAD
    0x080067a4   0x080067a4   0x0000015c   Code   RO         4342    i.HAL_SPI_IRQHandler  stm32f4xx_hal_spi.o
    0x08006900   0x08006900   0x0000008c   Code   RO         4343    i.HAL_SPI_Init      stm32f4xx_hal_spi.o
    0x0800698c   0x0800698c   0x000003c4   Code   RO         1596    i.HAL_SPI_MspInit   stm32f4xx_hal_msp.o
    0x08006d50   0x08006d50   0x00000002   Code   RO         4349    i.HAL_SPI_RxCpltCallback  stm32f4xx_hal_spi.o
    0x08006d52   0x08006d52   0x00000002   Code   RO         4350    i.HAL_SPI_RxHalfCpltCallback  stm32f4xx_hal_spi.o
    0x08006d54   0x08006d54   0x000001a2   Code   RO         4351    i.HAL_SPI_Transmit  stm32f4xx_hal_spi.o
    0x08006ef6   0x08006ef6   0x0000022a   Code   RO         4352    i.HAL_SPI_TransmitReceive  stm32f4xx_hal_spi.o
    0x08007120   0x08007120   0x0000016c   Code   RO         4353    i.HAL_SPI_TransmitReceive_DMA  stm32f4xx_hal_spi.o
    0x0800728c   0x0800728c   0x000000f0   Code   RO         4355    i.HAL_SPI_Transmit_DMA  stm32f4xx_hal_spi.o
    0x0800737c   0x0800737c   0x00000002   Code   RO         4357    i.HAL_SPI_TxCpltCallback  stm32f4xx_hal_spi.o
    0x0800737e   0x0800737e   0x00000002   Code   RO         4358    i.HAL_SPI_TxHalfCpltCallback  stm32f4xx_hal_spi.o
    0x08007380   0x08007380   0x00000002   Code   RO         4359    i.HAL_SPI_TxRxCpltCallback  stm32f4xx_hal_spi.o
    0x08007382   0x08007382   0x00000002   Code   RO         4360    i.HAL_SPI_TxRxHalfCpltCallback  stm32f4xx_hal_spi.o
    0x08007384   0x08007384   0x00000002   Code   RO         5342    i.HAL_TIMEx_BreakCallback  stm32f4xx_hal_tim_ex.o
    0x08007386   0x08007386   0x00000002   Code   RO         5343    i.HAL_TIMEx_CommutCallback  stm32f4xx_hal_tim_ex.o
    0x08007388   0x08007388   0x000000b4   Code   RO         5360    i.HAL_TIMEx_MasterConfigSynchronization  stm32f4xx_hal_tim_ex.o
    0x0800743c   0x0800743c   0x00000034   Code   RO         4656    i.HAL_TIM_Base_Init  stm32f4xx_hal_tim.o
    0x08007470   0x08007470   0x00000084   Code   RO         1598    i.HAL_TIM_Base_MspInit  stm32f4xx_hal_msp.o
    0x080074f4   0x080074f4   0x0000002a   Code   RO         4661    i.HAL_TIM_Base_Start_IT  stm32f4xx_hal_tim.o
    0x0800751e   0x0800751e   0x00000002   Code   RO         4685    i.HAL_TIM_IC_CaptureCallback  stm32f4xx_hal_tim.o
    0x08007520   0x08007520   0x00000196   Code   RO         4699    i.HAL_TIM_IRQHandler  stm32f4xx_hal_tim.o
    0x080076b6   0x080076b6   0x00000002   PAD
    0x080076b8   0x080076b8   0x000000ac   Code   RO         1599    i.HAL_TIM_MspPostInit  stm32f4xx_hal_msp.o
    0x08007764   0x08007764   0x00000002   Code   RO         4702    i.HAL_TIM_OC_DelayElapsedCallback  stm32f4xx_hal_tim.o
    0x08007766   0x08007766   0x00000108   Code   RO         4723    i.HAL_TIM_PWM_ConfigChannel  stm32f4xx_hal_tim.o
    0x0800786e   0x0800786e   0x00000034   Code   RO         4726    i.HAL_TIM_PWM_Init  stm32f4xx_hal_tim.o
    0x080078a2   0x080078a2   0x00000002   PAD
    0x080078a4   0x080078a4   0x00000064   Code   RO         1601    i.HAL_TIM_PWM_MspInit  stm32f4xx_hal_msp.o
    0x08007908   0x08007908   0x00000002   Code   RO         4729    i.HAL_TIM_PWM_PulseFinishedCallback  stm32f4xx_hal_tim.o
    0x0800790a   0x0800790a   0x00000002   PAD
    0x0800790c   0x0800790c   0x00000058   Code   RO         4731    i.HAL_TIM_PWM_Start  stm32f4xx_hal_tim.o
    0x08007964   0x08007964   0x00000088   Code   RO         4734    i.HAL_TIM_PWM_Stop  stm32f4xx_hal_tim.o
    0x080079ec   0x080079ec   0x00000238   Code   RO         1136    i.HAL_TIM_PeriodElapsedCallback  main.o
    0x08007c24   0x08007c24   0x00000002   Code   RO         4742    i.HAL_TIM_TriggerCallback  stm32f4xx_hal_tim.o
    0x08007c26   0x08007c26   0x00000002   Code   RO         5614    i.HAL_UART_ErrorCallback  stm32f4xx_hal_uart.o
    0x08007c28   0x08007c28   0x00000154   Code   RO         5617    i.HAL_UART_IRQHandler  stm32f4xx_hal_uart.o
    0x08007d7c   0x08007d7c   0x00000072   Code   RO         5618    i.HAL_UART_Init     stm32f4xx_hal_uart.o
    0x08007dee   0x08007dee   0x00000002   PAD
    0x08007df0   0x08007df0   0x00000118   Code   RO         1603    i.HAL_UART_MspInit  stm32f4xx_hal_msp.o
    0x08007f08   0x08007f08   0x00000070   Code   RO         5623    i.HAL_UART_Receive_IT  stm32f4xx_hal_uart.o
    0x08007f78   0x08007f78   0x00000078   Code   RO         1137    i.HAL_UART_RxCpltCallback  main.o
    0x08007ff0   0x08007ff0   0x000000d8   Code   RO         5626    i.HAL_UART_Transmit  stm32f4xx_hal_uart.o
    0x080080c8   0x080080c8   0x00000002   Code   RO         5629    i.HAL_UART_TxCpltCallback  stm32f4xx_hal_uart.o
    0x080080ca   0x080080ca   0x00000004   Code   RO         1413    i.HardFault_Handler  stm32f4xx_it.o
    0x080080ce   0x080080ce   0x0000003e   Code   RO         3328    i.I2C_IsAcknowledgeFailed  stm32f4xx_hal_i2c.o
    0x0800810c   0x0800810c   0x00000158   Code   RO         3339    i.I2C_RequestMemoryRead  stm32f4xx_hal_i2c.o
    0x08008264   0x08008264   0x000000dc   Code   RO         3340    i.I2C_RequestMemoryWrite  stm32f4xx_hal_i2c.o
    0x08008340   0x08008340   0x0000005c   Code   RO         3348    i.I2C_WaitOnBTFFlagUntilTimeout  stm32f4xx_hal_i2c.o
    0x0800839c   0x0800839c   0x00000086   Code   RO         3349    i.I2C_WaitOnFlagUntilTimeout  stm32f4xx_hal_i2c.o
    0x08008422   0x08008422   0x000000c4   Code   RO         3350    i.I2C_WaitOnMasterAddressFlagUntilTimeout  stm32f4xx_hal_i2c.o
    0x080084e6   0x080084e6   0x00000080   Code   RO         3351    i.I2C_WaitOnRXNEFlagUntilTimeout  stm32f4xx_hal_i2c.o
    0x08008566   0x08008566   0x0000005c   Code   RO         3353    i.I2C_WaitOnTXEFlagUntilTimeout  stm32f4xx_hal_i2c.o
    0x080085c2   0x080085c2   0x00000002   PAD
    0x080085c4   0x080085c4   0x00000030   Code   RO         7016    i.ITM_SendChar      retarget_io.o
    0x080085f4   0x080085f4   0x00000040   Code   RO          386    i.LSM6DS_GetAccelDataX  lsm6ds.o
    0x08008634   0x08008634   0x00000040   Code   RO          387    i.LSM6DS_GetAccelDataY  lsm6ds.o
    0x08008674   0x08008674   0x00000040   Code   RO          388    i.LSM6DS_GetAccelDataZ  lsm6ds.o
    0x080086b4   0x080086b4   0x00000340   Code   RO          390    i.LSM6DS_GetBeing_polling  lsm6ds.o
    0x080089f4   0x080089f4   0x0000004e   Code   RO          391    i.LSM6DS_GetGyroAccAll  lsm6ds.o
    0x08008a42   0x08008a42   0x00000002   PAD
    0x08008a44   0x08008a44   0x00000040   Code   RO          392    i.LSM6DS_GetGyroDataX  lsm6ds.o
    0x08008a84   0x08008a84   0x00000040   Code   RO          393    i.LSM6DS_GetGyroDataY  lsm6ds.o
    0x08008ac4   0x08008ac4   0x00000040   Code   RO          394    i.LSM6DS_GetGyroDataZ  lsm6ds.o
    0x08008b04   0x08008b04   0x00000034   Code   RO          396    i.LSM6DS_Reset      lsm6ds.o
    0x08008b38   0x08008b38   0x00000040   Code   RO          230    i.MAX17262_GetData  max17262.o
    0x08008b78   0x08008b78   0x00000048   Code   RO          231    i.MAX17262_Get_BatPercent  max17262.o
    0x08008bc0   0x08008bc0   0x00000074   Code   RO          232    i.MAX17262_SetData  max17262.o
    0x08008c34   0x08008c34   0x000000c4   Code   RO          233    i.MAX17262_init     max17262.o
    0x08008cf8   0x08008cf8   0x00000094   Code   RO          590    i.MAX30003_init     max30003.o
    0x08008d8c   0x08008d8c   0x00000088   Code   RO           13    i.MAX86171_adjust_clock  max86171.o
    0x08008e14   0x08008e14   0x000000b6   Code   RO           14    i.MAX86171_decode_fifo  max86171.o
    0x08008eca   0x08008eca   0x0000004a   Code   RO           15    i.MAX86171_init     max86171.o
    0x08008f14   0x08008f14   0x0000017c   Code   RO           16    i.MAX86171_init_setup  max86171.o
    0x08009090   0x08009090   0x0000006c   Code   RO           17    i.MAX86171_readReg  max86171.o
    0x080090fc   0x080090fc   0x000000a0   Code   RO           18    i.MAX86171_read_fifo  max86171.o
    0x0800919c   0x0800919c   0x0000002c   Code   RO           19    i.MAX86171_read_status_1  max86171.o
    0x080091c8   0x080091c8   0x0000002c   Code   RO           20    i.MAX86171_read_status_2  max86171.o
    0x080091f4   0x080091f4   0x00000018   Code   RO           21    i.MAX86171_read_status_3  max86171.o
    0x0800920c   0x0800920c   0x00000070   Code   RO           22    i.MAX86171_writeReg  max86171.o
    0x0800927c   0x0800927c   0x000000d8   Code   RO         1139    i.MX_DMA_Init       main.o
    0x08009354   0x08009354   0x0000001c   Code   RO         1975    i.MX_FATFS_Init     fatfs.o
    0x08009370   0x08009370   0x0000016c   Code   RO         1140    i.MX_GPIO_Init      main.o
    0x080094dc   0x080094dc   0x0000003c   Code   RO         1141    i.MX_I2C1_Init      main.o
    0x08009518   0x08009518   0x00000028   Code   RO         1142    i.MX_IWDG_Init      main.o
    0x08009540   0x08009540   0x00000024   Code   RO         1143    i.MX_SDIO_SD_Init   main.o
    0x08009564   0x08009564   0x00000044   Code   RO         1144    i.MX_SPI2_Init      main.o
    0x080095a8   0x080095a8   0x00000044   Code   RO         1145    i.MX_SPI4_Init      main.o
    0x080095ec   0x080095ec   0x00000048   Code   RO         1146    i.MX_SPI5_Init      main.o
    0x08009634   0x08009634   0x00000078   Code   RO         1147    i.MX_TIM3_Init      main.o
    0x080096ac   0x080096ac   0x0000004c   Code   RO         1148    i.MX_TIM6_Init      main.o
    0x080096f8   0x080096f8   0x0000004c   Code   RO         1149    i.MX_TIM7_Init      main.o
    0x08009744   0x08009744   0x00000060   Code   RO         1150    i.MX_TIM9_Init      main.o
    0x080097a4   0x080097a4   0x0000003c   Code   RO         1151    i.MX_UART7_Init     main.o
    0x080097e0   0x080097e0   0x00000004   Code   RO         1414    i.MemManage_Handler  stm32f4xx_it.o
    0x080097e4   0x080097e4   0x00000004   Code   RO         1415    i.NMI_Handler       stm32f4xx_it.o
    0x080097e8   0x080097e8   0x00000044   Code   RO         1152    i.PPG_Update        main.o
    0x0800982c   0x0800982c   0x00000002   Code   RO         1416    i.PendSV_Handler    stm32f4xx_it.o
    0x0800982e   0x0800982e   0x0000002c   Code   RO         3801    i.SDIO_ConfigData   stm32f4xx_ll_sdmmc.o
    0x0800985a   0x0800985a   0x00000008   Code   RO         3802    i.SDIO_GetCommandResponse  stm32f4xx_ll_sdmmc.o
    0x08009862   0x08009862   0x0000000a   Code   RO         3805    i.SDIO_GetPowerState  stm32f4xx_ll_sdmmc.o
    0x0800986c   0x0800986c   0x0000000c   Code   RO         3806    i.SDIO_GetResponse  stm32f4xx_ll_sdmmc.o
    0x08009878   0x08009878   0x00000010   Code   RO         1417    i.SDIO_IRQHandler   stm32f4xx_it.o
    0x08009888   0x08009888   0x00000034   Code   RO         3807    i.SDIO_Init         stm32f4xx_ll_sdmmc.o
    0x080098bc   0x080098bc   0x00000012   Code   RO         3809    i.SDIO_PowerState_ON  stm32f4xx_ll_sdmmc.o
    0x080098ce   0x080098ce   0x00000008   Code   RO         3810    i.SDIO_ReadFIFO     stm32f4xx_ll_sdmmc.o
    0x080098d6   0x080098d6   0x00000028   Code   RO         3811    i.SDIO_SendCommand  stm32f4xx_ll_sdmmc.o
    0x080098fe   0x080098fe   0x0000000c   Code   RO         3813    i.SDIO_WriteFIFO    stm32f4xx_ll_sdmmc.o
    0x0800990a   0x0800990a   0x00000038   Code   RO         3814    i.SDMMC_CmdAppCommand  stm32f4xx_ll_sdmmc.o
    0x08009942   0x08009942   0x00000002   PAD
    0x08009944   0x08009944   0x0000003c   Code   RO         3815    i.SDMMC_CmdAppOperCommand  stm32f4xx_ll_sdmmc.o
    0x08009980   0x08009980   0x00000038   Code   RO         3816    i.SDMMC_CmdBlockLength  stm32f4xx_ll_sdmmc.o
    0x080099b8   0x080099b8   0x00000038   Code   RO         3817    i.SDMMC_CmdBusWidth  stm32f4xx_ll_sdmmc.o
    0x080099f0   0x080099f0   0x0000002c   Code   RO         3821    i.SDMMC_CmdGoIdleState  stm32f4xx_ll_sdmmc.o
    0x08009a1c   0x08009a1c   0x00000034   Code   RO         3823    i.SDMMC_CmdOperCond  stm32f4xx_ll_sdmmc.o
    0x08009a50   0x08009a50   0x00000038   Code   RO         3824    i.SDMMC_CmdReadMultiBlock  stm32f4xx_ll_sdmmc.o
    0x08009a88   0x08009a88   0x00000038   Code   RO         3825    i.SDMMC_CmdReadSingleBlock  stm32f4xx_ll_sdmmc.o
    0x08009ac0   0x08009ac0   0x0000003a   Code   RO         3828    i.SDMMC_CmdSelDesel  stm32f4xx_ll_sdmmc.o
    0x08009afa   0x08009afa   0x00000032   Code   RO         3829    i.SDMMC_CmdSendCID  stm32f4xx_ll_sdmmc.o
    0x08009b2c   0x08009b2c   0x00000032   Code   RO         3830    i.SDMMC_CmdSendCSD  stm32f4xx_ll_sdmmc.o
    0x08009b5e   0x08009b5e   0x00000038   Code   RO         3831    i.SDMMC_CmdSendSCR  stm32f4xx_ll_sdmmc.o
    0x08009b96   0x08009b96   0x00000038   Code   RO         3832    i.SDMMC_CmdSendStatus  stm32f4xx_ll_sdmmc.o
    0x08009bce   0x08009bce   0x00000038   Code   RO         3833    i.SDMMC_CmdSetRelAdd  stm32f4xx_ll_sdmmc.o
    0x08009c06   0x08009c06   0x00000002   PAD
    0x08009c08   0x08009c08   0x0000003c   Code   RO         3835    i.SDMMC_CmdStopTransfer  stm32f4xx_ll_sdmmc.o
    0x08009c44   0x08009c44   0x00000038   Code   RO         3837    i.SDMMC_CmdWriteMultiBlock  stm32f4xx_ll_sdmmc.o
    0x08009c7c   0x08009c7c   0x00000038   Code   RO         3838    i.SDMMC_CmdWriteSingleBlock  stm32f4xx_ll_sdmmc.o
    0x08009cb4   0x08009cb4   0x00000040   Code   RO         3839    i.SDMMC_GetCmdError  stm32f4xx_ll_sdmmc.o
    0x08009cf4   0x08009cf4   0x000001ac   Code   RO         3840    i.SDMMC_GetCmdResp1  stm32f4xx_ll_sdmmc.o
    0x08009ea0   0x08009ea0   0x00000064   Code   RO         3841    i.SDMMC_GetCmdResp2  stm32f4xx_ll_sdmmc.o
    0x08009f04   0x08009f04   0x00000058   Code   RO         3842    i.SDMMC_GetCmdResp3  stm32f4xx_ll_sdmmc.o
    0x08009f5c   0x08009f5c   0x000000b8   Code   RO         3843    i.SDMMC_GetCmdResp6  stm32f4xx_ll_sdmmc.o
    0x0800a014   0x0800a014   0x0000006c   Code   RO         3844    i.SDMMC_GetCmdResp7  stm32f4xx_ll_sdmmc.o
    0x0800a080   0x0800a080   0x00000028   Code   RO         1861    i.SD_CheckStatus    sd_diskio.o
    0x0800a0a8   0x0800a0a8   0x00000026   Code   RO         1862    i.SD_CheckStatusWithTimeout  sd_diskio.o
    0x0800a0ce   0x0800a0ce   0x00000002   PAD
    0x0800a0d0   0x0800a0d0   0x00000074   Code   RO         4104    i.SD_DMAError       stm32f4xx_hal_sd.o
    0x0800a144   0x0800a144   0x00000048   Code   RO         4105    i.SD_DMAReceiveCplt  stm32f4xx_hal_sd.o
    0x0800a18c   0x0800a18c   0x00000048   Code   RO         4106    i.SD_DMARxAbort     stm32f4xx_hal_sd.o
    0x0800a1d4   0x0800a1d4   0x00000012   Code   RO         4107    i.SD_DMATransmitCplt  stm32f4xx_hal_sd.o
    0x0800a1e6   0x0800a1e6   0x00000048   Code   RO         4108    i.SD_DMATxAbort     stm32f4xx_hal_sd.o
    0x0800a22e   0x0800a22e   0x00000134   Code   RO         4109    i.SD_FindSCR        stm32f4xx_hal_sd.o
    0x0800a362   0x0800a362   0x00000102   Code   RO         4110    i.SD_InitCard       stm32f4xx_hal_sd.o
    0x0800a464   0x0800a464   0x000000cc   Code   RO         4112    i.SD_PowerON        stm32f4xx_hal_sd.o
    0x0800a530   0x0800a530   0x0000004a   Code   RO         4113    i.SD_Read_IT        stm32f4xx_hal_sd.o
    0x0800a57a   0x0800a57a   0x00000030   Code   RO         4115    i.SD_SendStatus     stm32f4xx_hal_sd.o
    0x0800a5aa   0x0800a5aa   0x00000068   Code   RO         4116    i.SD_WideBus_Disable  stm32f4xx_hal_sd.o
    0x0800a612   0x0800a612   0x00000068   Code   RO         4117    i.SD_WideBus_Enable  stm32f4xx_hal_sd.o
    0x0800a67a   0x0800a67a   0x00000054   Code   RO         4118    i.SD_Write_IT       stm32f4xx_hal_sd.o
    0x0800a6ce   0x0800a6ce   0x00000002   PAD
    0x0800a6d0   0x0800a6d0   0x00000020   Code   RO         1863    i.SD_initialize     sd_diskio.o
    0x0800a6f0   0x0800a6f0   0x0000006c   Code   RO         1864    i.SD_ioctl          sd_diskio.o
    0x0800a75c   0x0800a75c   0x00000090   Code   RO         1865    i.SD_read           sd_diskio.o
    0x0800a7ec   0x0800a7ec   0x0000000c   Code   RO         1866    i.SD_status         sd_diskio.o
    0x0800a7f8   0x0800a7f8   0x00000090   Code   RO         1867    i.SD_write          sd_diskio.o
    0x0800a888   0x0800a888   0x00000010   Code   RO         1418    i.SPI2_IRQHandler   stm32f4xx_it.o
    0x0800a898   0x0800a898   0x00000010   Code   RO         1419    i.SPI4_IRQHandler   stm32f4xx_it.o
    0x0800a8a8   0x0800a8a8   0x00000010   Code   RO         1420    i.SPI5_IRQHandler   stm32f4xx_it.o
    0x0800a8b8   0x0800a8b8   0x00000014   Code   RO         4370    i.SPI_DMAAbortOnError  stm32f4xx_hal_spi.o
    0x0800a8cc   0x0800a8cc   0x00000028   Code   RO         4371    i.SPI_DMAError      stm32f4xx_hal_spi.o
    0x0800a8f4   0x0800a8f4   0x0000000e   Code   RO         4372    i.SPI_DMAHalfReceiveCplt  stm32f4xx_hal_spi.o
    0x0800a902   0x0800a902   0x0000000e   Code   RO         4373    i.SPI_DMAHalfTransmitCplt  stm32f4xx_hal_spi.o
    0x0800a910   0x0800a910   0x0000000e   Code   RO         4374    i.SPI_DMAHalfTransmitReceiveCplt  stm32f4xx_hal_spi.o
    0x0800a91e   0x0800a91e   0x0000007c   Code   RO         4375    i.SPI_DMAReceiveCplt  stm32f4xx_hal_spi.o
    0x0800a99a   0x0800a99a   0x00000080   Code   RO         4377    i.SPI_DMATransmitCplt  stm32f4xx_hal_spi.o
    0x0800aa1a   0x0800aa1a   0x00000068   Code   RO         4378    i.SPI_DMATransmitReceiveCplt  stm32f4xx_hal_spi.o
    0x0800aa82   0x0800aa82   0x00000094   Code   RO         4380    i.SPI_EndRxTransaction  stm32f4xx_hal_spi.o
    0x0800ab16   0x0800ab16   0x00000002   PAD
    0x0800ab18   0x0800ab18   0x0000006c   Code   RO         4381    i.SPI_EndRxTxTransaction  stm32f4xx_hal_spi.o
    0x0800ab84   0x0800ab84   0x000000a8   Code   RO         4386    i.SPI_WaitFlagStateUntilTimeout  stm32f4xx_hal_spi.o
    0x0800ac2c   0x0800ac2c   0x00000054   Code   RO          498    i.ST7789_DrawImage  st7789.o
    0x0800ac80   0x0800ac80   0x000000c6   Code   RO          499    i.ST7789_DrawLine   st7789.o
    0x0800ad46   0x0800ad46   0x00000036   Code   RO          500    i.ST7789_DrawPixel  st7789.o
    0x0800ad7c   0x0800ad7c   0x00000074   Code   RO          501    i.ST7789_Fill_Color  st7789.o
    0x0800adf0   0x0800adf0   0x0000014c   Code   RO          502    i.ST7789_Init       st7789.o
    0x0800af3c   0x0800af3c   0x00000082   Code   RO          503    i.ST7789_SetAddressWindow  st7789.o
    0x0800afbe   0x0800afbe   0x00000040   Code   RO          504    i.ST7789_SetRotation  st7789.o
    0x0800affe   0x0800affe   0x00000002   PAD
    0x0800b000   0x0800b000   0x00000048   Code   RO          505    i.ST7789_WriteCommand  st7789.o
    0x0800b048   0x0800b048   0x0000006c   Code   RO          506    i.ST7789_WriteData  st7789.o
    0x0800b0b4   0x0800b0b4   0x0000002c   Code   RO          507    i.ST7789_WriteSmallData  st7789.o
    0x0800b0e0   0x0800b0e0   0x000000f4   Code   RO          508    i.ST7789_WriteString  st7789.o
    0x0800b1d4   0x0800b1d4   0x00000002   Code   RO         1421    i.SVC_Handler       stm32f4xx_it.o
    0x0800b1d6   0x0800b1d6   0x00000002   PAD
    0x0800b1d8   0x0800b1d8   0x00000070   Code   RO         1153    i.Set_StandbyMod    main.o
    0x0800b248   0x0800b248   0x00000634   Code   RO         1154    i.SwitchFunction    main.o
    0x0800b87c   0x0800b87c   0x00000002   Code   RO         1422    i.SysTick_Handler   stm32f4xx_it.o
    0x0800b87e   0x0800b87e   0x00000002   PAD
    0x0800b880   0x0800b880   0x000000b4   Code   RO         1155    i.SystemClock_Config  main.o
    0x0800b934   0x0800b934   0x00000014   Code   RO         6359    i.SystemInit        system_stm32f4xx.o
    0x0800b948   0x0800b948   0x00000010   Code   RO         1423    i.TIM1_UP_TIM10_IRQHandler  stm32f4xx_it.o
    0x0800b958   0x0800b958   0x00000010   Code   RO         1424    i.TIM6_DAC_IRQHandler  stm32f4xx_it.o
    0x0800b968   0x0800b968   0x00000010   Code   RO         1425    i.TIM7_IRQHandler   stm32f4xx_it.o
    0x0800b978   0x0800b978   0x000000d8   Code   RO         4744    i.TIM_Base_SetConfig  stm32f4xx_hal_tim.o
    0x0800ba50   0x0800ba50   0x00000022   Code   RO         4745    i.TIM_CCxChannelCmd  stm32f4xx_hal_tim.o
    0x0800ba72   0x0800ba72   0x00000002   PAD
    0x0800ba74   0x0800ba74   0x00000070   Code   RO         4757    i.TIM_OC1_SetConfig  stm32f4xx_hal_tim.o
    0x0800bae4   0x0800bae4   0x0000007c   Code   RO         4758    i.TIM_OC2_SetConfig  stm32f4xx_hal_tim.o
    0x0800bb60   0x0800bb60   0x00000078   Code   RO         4759    i.TIM_OC3_SetConfig  stm32f4xx_hal_tim.o
    0x0800bbd8   0x0800bbd8   0x00000054   Code   RO         4760    i.TIM_OC4_SetConfig  stm32f4xx_hal_tim.o
    0x0800bc2c   0x0800bc2c   0x00000010   Code   RO         1426    i.UART7_IRQHandler  stm32f4xx_it.o
    0x0800bc3c   0x0800bc3c   0x00000014   Code   RO         5631    i.UART_DMAAbortOnError  stm32f4xx_hal_uart.o
    0x0800bc50   0x0800bc50   0x00000020   Code   RO         5641    i.UART_EndRxTransfer  stm32f4xx_hal_uart.o
    0x0800bc70   0x0800bc70   0x00000020   Code   RO         5642    i.UART_EndTransmit_IT  stm32f4xx_hal_uart.o
    0x0800bc90   0x0800bc90   0x000000a6   Code   RO         5644    i.UART_Receive_IT   stm32f4xx_hal_uart.o
    0x0800bd36   0x0800bd36   0x00000002   PAD
    0x0800bd38   0x0800bd38   0x00000410   Code   RO         5645    i.UART_SetConfig    stm32f4xx_hal_uart.o
    0x0800c148   0x0800c148   0x00000068   Code   RO         5646    i.UART_Transmit_IT  stm32f4xx_hal_uart.o
    0x0800c1b0   0x0800c1b0   0x0000006c   Code   RO         5647    i.UART_WaitOnFlagUntilTimeout  stm32f4xx_hal_uart.o
    0x0800c21c   0x0800c21c   0x0000001c   Code   RO         1156    i.UF_speaker_OFF    main.o
    0x0800c238   0x0800c238   0x00000024   Code   RO         1157    i.UF_speaker_ON     main.o
    0x0800c25c   0x0800c25c   0x00000004   Code   RO         1427    i.UsageFault_Handler  stm32f4xx_it.o
    0x0800c260   0x0800c260   0x00000030   Code   RO         7468    i.__ARM_fpclassify  m_wm.l(fpclassify.o)
    0x0800c290   0x0800c290   0x00000010   Code   RO         2894    i.__NVIC_GetPriorityGrouping  stm32f4xx_hal_cortex.o
    0x0800c2a0   0x0800c2a0   0x00000028   Code   RO         2895    i.__NVIC_SetPriority  stm32f4xx_hal_cortex.o
    0x0800c2c8   0x0800c2c8   0x00000040   Code   RO          962    i.__NVIC_SystemReset  lcdscreen.o
    0x0800c308   0x0800c308   0x00000040   Code   RO         1158    i.__NVIC_SystemReset  main.o
    0x0800c348   0x0800c348   0x00000014   Code   RO         7283    i.__hardfp_fabs     m_wm.l(fabs.o)
    0x0800c35c   0x0800c35c   0x0000016c   Code   RO         7289    i.__hardfp_logf     m_wm.l(logf.o)
    0x0800c4c8   0x0800c4c8   0x00000c50   Code   RO         7303    i.__hardfp_pow      m_wm.l(pow.o)
    0x0800d118   0x0800d118   0x000000e0   Code   RO         7317    i.__hardfp_round    m_wm.l(round.o)
    0x0800d1f8   0x0800d1f8   0x0000007a   Code   RO         7321    i.__hardfp_sqrt     m_wm.l(sqrt.o)
    0x0800d272   0x0800d272   0x000000f8   Code   RO         7484    i.__kernel_poly     m_wm.l(poly.o)
    0x0800d36a   0x0800d36a   0x00000006   PAD
    0x0800d370   0x0800d370   0x00000030   Code   RO         7454    i.__mathlib_dbl_divzero  m_wm.l(dunder.o)
    0x0800d3a0   0x0800d3a0   0x00000014   Code   RO         7456    i.__mathlib_dbl_infnan2  m_wm.l(dunder.o)
    0x0800d3b4   0x0800d3b4   0x00000004   PAD
    0x0800d3b8   0x0800d3b8   0x00000020   Code   RO         7457    i.__mathlib_dbl_invalid  m_wm.l(dunder.o)
    0x0800d3d8   0x0800d3d8   0x00000020   Code   RO         7458    i.__mathlib_dbl_overflow  m_wm.l(dunder.o)
    0x0800d3f8   0x0800d3f8   0x00000020   Code   RO         7460    i.__mathlib_dbl_underflow  m_wm.l(dunder.o)
    0x0800d418   0x0800d418   0x00000014   Code   RO         7470    i.__mathlib_flt_divzero  m_wm.l(funder.o)
    0x0800d42c   0x0800d42c   0x00000006   Code   RO         7471    i.__mathlib_flt_infnan  m_wm.l(funder.o)
    0x0800d432   0x0800d432   0x00000002   PAD
    0x0800d434   0x0800d434   0x00000010   Code   RO         7473    i.__mathlib_flt_invalid  m_wm.l(funder.o)
    0x0800d444   0x0800d444   0x0000000e   Code   RO         7204    i._is_digit         c_w.l(__printf_wp.o)
    0x0800d452   0x0800d452   0x00000026   Code   RO         7017    i._sys_close        retarget_io.o
    0x0800d478   0x0800d478   0x00000024   Code   RO         7018    i._sys_flen         retarget_io.o
    0x0800d49c   0x0800d49c   0x00000024   Code   RO         7019    i._sys_istty        retarget_io.o
    0x0800d4c0   0x0800d4c0   0x00000068   Code   RO         7020    i._sys_open         retarget_io.o
    0x0800d528   0x0800d528   0x0000002c   Code   RO         7022    i._sys_seek         retarget_io.o
    0x0800d554   0x0800d554   0x00000058   Code   RO         7023    i._sys_write        retarget_io.o
    0x0800d5ac   0x0800d5ac   0x00000046   Code   RO         6306    i.arm_bitreversal_32  bitreversal.o
    0x0800d5f2   0x0800d5f2   0x000000f0   Code   RO         6210    i.arm_cfft_f32      arm_cfft_f32.o
    0x0800d6e2   0x0800d6e2   0x0000030a   Code   RO         6211    i.arm_cfft_radix8by2_f32  arm_cfft_f32.o
    0x0800d9ec   0x0800d9ec   0x000007b2   Code   RO         6212    i.arm_cfft_radix8by4_f32  arm_cfft_f32.o
    0x0800e19e   0x0800e19e   0x00000002   PAD
    0x0800e1a0   0x0800e1a0   0x0000016c   Code   RO         5924    i.arm_cmplx_mag_f32  arm_cmplx_mag_f32.o
    0x0800e30c   0x0800e30c   0x00000714   Code   RO         5951    i.arm_fir_f32       arm_fir_f32.o
    0x0800ea20   0x0800ea20   0x00000028   Code   RO         5978    i.arm_fir_init_f32  arm_fir_init_f32.o
    0x0800ea48   0x0800ea48   0x000000ae   Code   RO         6098    i.arm_max_f32       arm_max_f32.o
    0x0800eaf6   0x0800eaf6   0x00000002   PAD
    0x0800eaf8   0x0800eaf8   0x00000074   Code   RO         6002    i.arm_mean_f32      arm_mean_f32.o
    0x0800eb6c   0x0800eb6c   0x000000ae   Code   RO         6074    i.arm_min_f32       arm_min_f32.o
    0x0800ec1a   0x0800ec1a   0x00000072   Code   RO         6425    i.arm_mult_f32      arm_mult_f32.o
    0x0800ec8c   0x0800ec8c   0x0000007c   Code   RO         6395    i.arm_offset_f32    arm_offset_f32.o
    0x0800ed08   0x0800ed08   0x00000b08   Code   RO         6246    i.arm_radix8_butterfly_f32  arm_cfft_radix8_f32.o
    0x0800f810   0x0800f810   0x0000007c   Code   RO         6026    i.arm_scale_f32     arm_scale_f32.o
    0x0800f88c   0x0800f88c   0x00000072   Code   RO         6050    i.arm_sub_f32       arm_sub_f32.o
    0x0800f8fe   0x0800f8fe   0x00000002   PAD
    0x0800f900   0x0800f900   0x0000003c   Code   RO         1159    i.btn_flag_reset    main.o
    0x0800f93c   0x0800f93c   0x0000007c   Code   RO         6504    i.check_fs          ff.o
    0x0800f9b8   0x0800f9b8   0x00000014   Code   RO         6505    i.chk_chr           ff.o
    0x0800f9cc   0x0800f9cc   0x0000007c   Code   RO         6506    i.chk_lock          ff.o
    0x0800fa48   0x0800fa48   0x00000028   Code   RO         6507    i.clear_lock        ff.o
    0x0800fa70   0x0800fa70   0x00000036   Code   RO         6508    i.clmt_clust        ff.o
    0x0800faa6   0x0800faa6   0x0000001a   Code   RO         6509    i.clust2sect        ff.o
    0x0800fac0   0x0800fac0   0x00000098   Code   RO         6510    i.cmp_lfn           ff.o
    0x0800fb58   0x0800fb58   0x000000de   Code   RO         6511    i.create_chain      ff.o
    0x0800fc36   0x0800fc36   0x00000002   PAD
    0x0800fc38   0x0800fc38   0x00000230   Code   RO         6512    i.create_name       ff.o
    0x0800fe68   0x0800fe68   0x000002b4   Code   RO         1160    i.data_fifo         main.o
    0x0801011c   0x0801011c   0x00000044   Code   RO         6513    i.dec_lock          ff.o
    0x08010160   0x08010160   0x00000434   Code   RO          963    i.diagnose_screen   lcdscreen.o
    0x08010594   0x08010594   0x00000060   Code   RO         6514    i.dir_alloc         ff.o
    0x080105f4   0x080105f4   0x000000fc   Code   RO         6515    i.dir_find          ff.o
    0x080106f0   0x080106f0   0x0000011a   Code   RO         6516    i.dir_next          ff.o
    0x0801080a   0x0801080a   0x000000d2   Code   RO         6517    i.dir_read          ff.o
    0x080108dc   0x080108dc   0x00000142   Code   RO         6518    i.dir_register      ff.o
    0x08010a1e   0x08010a1e   0x00000060   Code   RO         6519    i.dir_remove        ff.o
    0x08010a7e   0x08010a7e   0x000000a6   Code   RO         6520    i.dir_sdi           ff.o
    0x08010b24   0x08010b24   0x0000002c   Code   RO         6449    i.disk_initialize   diskio.o
    0x08010b50   0x08010b50   0x00000028   Code   RO         6450    i.disk_ioctl        diskio.o
    0x08010b78   0x08010b78   0x00000030   Code   RO         6451    i.disk_read         diskio.o
    0x08010ba8   0x08010ba8   0x0000001c   Code   RO         6452    i.disk_status       diskio.o
    0x08010bc4   0x08010bc4   0x00000030   Code   RO         6453    i.disk_write        diskio.o
    0x08010bf4   0x08010bf4   0x000000e4   Code   RO          964    i.dot_screen_moving  lcdscreen.o
    0x08010cd8   0x08010cd8   0x0000005c   Code   RO          828    i.ecg_openR         fifo.o
    0x08010d34   0x08010d34   0x0000011c   Code   RO          965    i.ecg_screen        lcdscreen.o
    0x08010e50   0x08010e50   0x00000028   Code   RO         6521    i.enq_lock          ff.o
    0x08010e78   0x08010e78   0x0000002c   Code   RO         6522    i.f_close           ff.o
    0x08010ea4   0x08010ea4   0x00000026   Code   RO         6523    i.f_closedir        ff.o
    0x08010eca   0x08010eca   0x00000036   Code   RO         6525    i.f_findnext        ff.o
    0x08010f00   0x08010f00   0x00000162   Code   RO         6529    i.f_mkdir           ff.o
    0x08011062   0x08011062   0x00000002   PAD
    0x08011064   0x08011064   0x00000060   Code   RO         6531    i.f_mount           ff.o
    0x080110c4   0x080110c4   0x00000242   Code   RO         6532    i.f_open            ff.o
    0x08011306   0x08011306   0x0000008e   Code   RO         6533    i.f_opendir         ff.o
    0x08011394   0x08011394   0x0000002c   Code   RO         6536    i.f_puts            ff.o
    0x080113c0   0x080113c0   0x000001de   Code   RO         6537    i.f_read            ff.o
    0x0801159e   0x0801159e   0x0000004e   Code   RO         6538    i.f_readdir         ff.o
    0x080115ec   0x080115ec   0x0000011c   Code   RO         6539    i.f_rename          ff.o
    0x08011708   0x08011708   0x000000a0   Code   RO         6541    i.f_sync            ff.o
    0x080117a8   0x080117a8   0x00000224   Code   RO         6544    i.f_write           ff.o
    0x080119cc   0x080119cc   0x00000018   Code   RO         7285    i.fabs              m_wm.l(fabs.o)
    0x080119e4   0x080119e4   0x0000004c   Code   RO         6986    i.ff_convert        ccsbcs.o
    0x08011a30   0x08011a30   0x000000a4   Code   RO         6987    i.ff_wtoupper       ccsbcs.o
    0x08011ad4   0x08011ad4   0x0000002c   Code   RO          829    i.fifo_ecg          fifo.o
    0x08011b00   0x08011b00   0x00000050   Code   RO          831    i.fifo_imu2         fifo.o
    0x08011b50   0x08011b50   0x0000002c   Code   RO          832    i.fifo_ppg          fifo.o
    0x08011b7c   0x08011b7c   0x0000003c   Code   RO          833    i.fifo_ppg2         fifo.o
    0x08011bb8   0x08011bb8   0x00000354   Code   RO         6545    i.find_volume       ff.o
    0x08011f0c   0x08011f0c   0x00000378   Code   RO          834    i.folder_WR         fifo.o
    0x08012284   0x08012284   0x000000ae   Code   RO         6546    i.follow_path       ff.o
    0x08012332   0x08012332   0x00000002   PAD
    0x08012334   0x08012334   0x00000028   Code   RO         1161    i.fputc             main.o
    0x0801235c   0x0801235c   0x000000b4   Code   RO         6547    i.gen_numname       ff.o
    0x08012410   0x08012410   0x0000002c   Code   RO         6548    i.get_achar         ff.o
    0x0801243c   0x0801243c   0x00000132   Code   RO         6549    i.get_fat           ff.o
    0x0801256e   0x0801256e   0x00000004   Code   RO         1976    i.get_fattime       fatfs.o
    0x08012572   0x08012572   0x00000142   Code   RO         6550    i.get_fileinfo      ff.o
    0x080126b4   0x080126b4   0x0000000c   Code   RO          835    i.get_folderN       fifo.o
    0x080126c0   0x080126c0   0x00000048   Code   RO         6551    i.get_ldnumber      ff.o
    0x08012708   0x08012708   0x0000005c   Code   RO          836    i.imu_openR         fifo.o
    0x08012764   0x08012764   0x000000bc   Code   RO         6552    i.inc_lock          ff.o
    0x08012820   0x08012820   0x00000026   Code   RO         6553    i.ld_clust          ff.o
    0x08012846   0x08012846   0x00000018   Code   RO         6554    i.ld_dword          ff.o
    0x0801285e   0x0801285e   0x0000000c   Code   RO         6555    i.ld_word           ff.o
    0x0801286a   0x0801286a   0x00000002   PAD
    0x0801286c   0x0801286c   0x00000358   Code   RO         1162    i.main              main.o
    0x08012bc4   0x08012bc4   0x000002e8   Code   RO          966    i.main_screen       lcdscreen.o
    0x08012eac   0x08012eac   0x00000060   Code   RO          591    i.max30003_RegRead  max30003.o
    0x08012f0c   0x08012f0c   0x00000074   Code   RO          592    i.max30003_RegWrite  max30003.o
    0x08012f80   0x08012f80   0x00000012   Code   RO          593    i.max30003_SwReset  max30003.o
    0x08012f92   0x08012f92   0x0000000c   Code   RO          594    i.max30003_Synch    max30003.o
    0x08012f9e   0x08012f9e   0x00000002   PAD
    0x08012fa0   0x08012fa0   0x0000017c   Code   RO          596    i.max30003_getEcgSamples_burst  max30003.o
    0x0801311c   0x0801311c   0x00000024   Code   RO         6556    i.mem_cmp           ff.o
    0x08013140   0x08013140   0x0000001a   Code   RO         6557    i.mem_cpy           ff.o
    0x0801315a   0x0801315a   0x00000012   Code   RO         6558    i.mem_set           ff.o
    0x0801316c   0x0801316c   0x00000224   Code   RO          967    i.menu_screen       lcdscreen.o
    0x08013390   0x08013390   0x00000034   Code   RO         6559    i.move_window       ff.o
    0x080133c4   0x080133c4   0x000000c4   Code   RO         6560    i.pattern_matching  ff.o
    0x08013488   0x08013488   0x00000088   Code   RO         6561    i.pick_lfn          ff.o
    0x08013510   0x08013510   0x0000005c   Code   RO          837    i.ppg_openR         fifo.o
    0x0801356c   0x0801356c   0x00000218   Code   RO          968    i.ppg_screen        lcdscreen.o
    0x08013784   0x08013784   0x00000190   Code   RO         6562    i.put_fat           ff.o
    0x08013914   0x08013914   0x00000080   Code   RO         6563    i.put_lfn           ff.o
    0x08013994   0x08013994   0x0000004e   Code   RO         6564    i.putc_bfd          ff.o
    0x080139e2   0x080139e2   0x0000002c   Code   RO         6565    i.putc_flush        ff.o
    0x08013a0e   0x08013a0e   0x0000000a   Code   RO         6566    i.putc_init         ff.o
    0x08013a18   0x08013a18   0x0000009a   Code   RO         6567    i.remove_chain      ff.o
    0x08013ab2   0x08013ab2   0x00000002   PAD
    0x08013ab4   0x08013ab4   0x0000002c   Code   RO          969    i.reset_line        lcdscreen.o
    0x08013ae0   0x08013ae0   0x0000017c   Code   RO          970    i.reset_screen      lcdscreen.o
    0x08013c5c   0x08013c5c   0x000000a0   Code   RO         1163    i.save_algorithm    main.o
    0x08013cfc   0x08013cfc   0x0000018c   Code   RO          971    i.save_screen       lcdscreen.o
    0x08013e88   0x08013e88   0x00000068   Code   RO          972    i.screen_init       lcdscreen.o
    0x08013ef0   0x08013ef0   0x00000058   Code   RO          838    i.sd_init           fifo.o
    0x08013f48   0x08013f48   0x000000c4   Code   RO         1164    i.server_algorithm  main.o
    0x0801400c   0x0801400c   0x0000027c   Code   RO          973    i.server_screen     lcdscreen.o
    0x08014288   0x08014288   0x000001dc   Code   RO          974    i.showAFdata        lcdscreen.o
    0x08014464   0x08014464   0x0000006e   Code   RO         7323    i.sqrt              m_wm.l(sqrt.o)
    0x080144d2   0x080144d2   0x00000024   Code   RO         6568    i.st_clust          ff.o
    0x080144f6   0x080144f6   0x00000018   Code   RO         6569    i.st_dword          ff.o
    0x0801450e   0x0801450e   0x0000000c   Code   RO         6570    i.st_word           ff.o
    0x0801451a   0x0801451a   0x0000000c   Code   RO         7024    i.stderr_putchar    retarget_io.o
    0x08014526   0x08014526   0x0000000c   Code   RO         7026    i.stdout_putchar    retarget_io.o
    0x08014532   0x08014532   0x00000020   Code   RO         6571    i.sum_sfn           ff.o
    0x08014552   0x08014552   0x00000002   PAD
    0x08014554   0x08014554   0x00000090   Code   RO         6572    i.sync_fs           ff.o
    0x080145e4   0x080145e4   0x00000052   Code   RO         6573    i.sync_window       ff.o
    0x08014636   0x08014636   0x0000003c   Code   RO         6574    i.validate          ff.o
    0x08014672   0x08014672   0x00000002   PAD
    0x08014674   0x08014674   0x0000002c   Code   RO         7567    locale$$code        c_w.l(lc_numeric_c.o)
    0x080146a0   0x080146a0   0x00000018   Code   RO         7435    x$fpl$basic         fz_wm.l(basic.o)
    0x080146b8   0x080146b8   0x00000062   Code   RO         7247    x$fpl$d2f           fz_wm.l(d2f.o)
    0x0801471a   0x0801471a   0x00000002   PAD
    0x0801471c   0x0801471c   0x00000150   Code   RO         7249    x$fpl$dadd          fz_wm.l(daddsub_clz.o)
    0x0801486c   0x0801486c   0x00000010   Code   RO         7582    x$fpl$dcheck1       fz_wm.l(dcheck1.o)
    0x0801487c   0x0801487c   0x00000018   Code   RO         7437    x$fpl$dcmpinf       fz_wm.l(dcmpi.o)
    0x08014894   0x08014894   0x000002b0   Code   RO         7256    x$fpl$ddiv          fz_wm.l(ddiv.o)
    0x08014b44   0x08014b44   0x0000005e   Code   RO         7259    x$fpl$dfix          fz_wm.l(dfix.o)
    0x08014ba2   0x08014ba2   0x00000002   PAD
    0x08014ba4   0x08014ba4   0x0000005a   Code   RO         7263    x$fpl$dfixu         fz_wm.l(dfixu.o)
    0x08014bfe   0x08014bfe   0x0000002e   Code   RO         7268    x$fpl$dflt          fz_wm.l(dflt_clz.o)
    0x08014c2c   0x08014c2c   0x00000026   Code   RO         7267    x$fpl$dfltu         fz_wm.l(dflt_clz.o)
    0x08014c52   0x08014c52   0x00000002   PAD
    0x08014c54   0x08014c54   0x00000078   Code   RO         7273    x$fpl$dleqf         fz_wm.l(dleqf.o)
    0x08014ccc   0x08014ccc   0x00000154   Code   RO         7275    x$fpl$dmul          fz_wm.l(dmul.o)
    0x08014e20   0x08014e20   0x0000009c   Code   RO         7439    x$fpl$dnaninf       fz_wm.l(dnaninf.o)
    0x08014ebc   0x08014ebc   0x0000000c   Code   RO         7441    x$fpl$dretinf       fz_wm.l(dretinf.o)
    0x08014ec8   0x08014ec8   0x0000006c   Code   RO         7277    x$fpl$drleqf        fz_wm.l(drleqf.o)
    0x08014f34   0x08014f34   0x000000b4   Code   RO         7443    x$fpl$drnd          fz_wm.l(drnd.o)
    0x08014fe8   0x08014fe8   0x00000016   Code   RO         7250    x$fpl$drsb          fz_wm.l(daddsub_clz.o)
    0x08014ffe   0x08014ffe   0x00000002   PAD
    0x08015000   0x08015000   0x00000198   Code   RO         7445    x$fpl$dsqrt         fz_wm.l(dsqrt_umaal.o)
    0x08015198   0x08015198   0x000001d4   Code   RO         7251    x$fpl$dsub          fz_wm.l(daddsub_clz.o)
    0x0801536c   0x0801536c   0x00000056   Code   RO         7279    x$fpl$f2d           fz_wm.l(f2d.o)
    0x080153c2   0x080153c2   0x0000008c   Code   RO         7447    x$fpl$fnaninf       fz_wm.l(fnaninf.o)
    0x0801544e   0x0801544e   0x0000000a   Code   RO         7584    x$fpl$fpinit        fz_wm.l(fpinit.o)
    0x08015458   0x08015458   0x0000000a   Code   RO         7449    x$fpl$fretinf       fz_wm.l(fretinf.o)
    0x08015462   0x08015462   0x00000004   Code   RO         7281    x$fpl$printf1       fz_wm.l(printf1.o)
    0x08015466   0x08015466   0x00000064   Code   RO         7650    x$fpl$retnan        fz_wm.l(retnan.o)
    0x080154ca   0x080154ca   0x0000005c   Code   RO         7451    x$fpl$scalbn        fz_wm.l(scalbn.o)
    0x08015526   0x08015526   0x00000030   Code   RO         7672    x$fpl$trapveneer    fz_wm.l(trapv.o)
    0x08015556   0x08015556   0x00000000   Code   RO         7453    x$fpl$usenofp       fz_wm.l(usenofp.o)
    0x08015556   0x08015556   0x000060bc   Data   RO          481    .constdata          fonts.o
    0x0801b612   0x0801b612   0x00000002   PAD
    0x0801b614   0x0801b614   0x00000da8   Data   RO         1166    .constdata          main.o
    0x0801c3bc   0x0801c3bc   0x00000014   Data   RO         1868    .constdata          sd_diskio.o
    0x0801c3d0   0x0801c3d0   0x00000008   Data   RO         2587    .constdata          stm32f4xx_hal_dma.o
    0x0801c3d8   0x0801c3d8   0x00034eca   Data   RO         6186    .constdata          arm_common_tables.o
    0x080512a2   0x080512a2   0x00000002   PAD
    0x080512a4   0x080512a4   0x000001b0   Data   RO         6334    .constdata          arm_const_structs.o
    0x08051454   0x08051454   0x00000018   Data   RO         6360    .constdata          system_stm32f4xx.o
    0x0805146c   0x0805146c   0x000000aa   Data   RO         6576    .constdata          ff.o
    0x08051516   0x08051516   0x000003ae   Data   RO         6988    .constdata          ccsbcs.o
    0x080518c4   0x080518c4   0x00000017   Data   RO         7027    .constdata          retarget_io.o
    0x080518db   0x080518db   0x00000011   Data   RO         7207    .constdata          c_w.l(__printf_flags_wp.o)
    0x080518ec   0x080518ec   0x00000040   Data   RO         7292    .constdata          m_wm.l(logf.o)
    0x0805192c   0x0805192c   0x00000004   PAD
    0x08051930   0x08051930   0x00000088   Data   RO         7306    .constdata          m_wm.l(pow.o)
    0x080519b8   0x080519b8   0x00000008   Data   RO         7486    .constdata          m_wm.l(qnan.o)
    0x080519c0   0x080519c0   0x00000094   Data   RO         7534    .constdata          c_w.l(bigflt0.o)
    0x08051a54   0x08051a54   0x00000020   Data   RO         7702    Region$$Table       anon$$obj.o
    0x08051a74   0x08051a74   0x0000001c   Data   RO         7566    locale$$data        c_w.l(lc_numeric_c.o)


    Execution Region RW_IRAM1 (Exec base: 0x20000000, Load base: 0x08051a90, Size: 0x0002c538, Max: 0x00050000, ABSOLUTE)

    Exec Addr    Load Addr    Size         Type   Attr      Idx    E Section Name        Object

    0x20000000   0x08051a90   0x00000004   Data   RW           23    .data               max86171.o
    0x20000004   0x08051a94   0x00000018   Data   RW          482    .data               fonts.o
    0x2000001c   0x08051aac   0x00000002   Data   RW          510    .data               st7789.o
    0x2000001e   0x08051aae   0x00000005   Data   RW          840    .data               fifo.o
    0x20000023   0x08051ab3   0x00000001   PAD
    0x20000024   0x08051ab4   0x00000018   Data   RW          976    .data               lcdscreen.o
    0x2000003c   0x08051acc   0x00000082   Data   RW         1167    .data               main.o
    0x200000be   0x08051b4e   0x00000002   PAD
    0x200000c0   0x08051b50   0x0000000c   Data   RW         1869    .data               sd_diskio.o
    0x200000cc   0x08051b5c   0x00000005   Data   RW         1978    .data               fatfs.o
    0x200000d1   0x08051b61   0x00000003   PAD
    0x200000d4   0x08051b64   0x00000009   Data   RW         3043    .data               stm32f4xx_hal.o
    0x200000dd   0x08051b6d   0x00000003   PAD
    0x200000e0   0x08051b70   0x00000004   Data   RW         6361    .data               system_stm32f4xx.o
    0x200000e4   0x08051b74   0x00000006   Data   RW         6577    .data               ff.o
    0x200000ea   0x08051b7a   0x00000002   PAD
    0x200000ec   0x08051b7c   0x00000004   Data   RW         7219    .data               c_w.l(strtok.o)
    0x200000f0   0x08051b80   0x00000004   Data   RW         7383    .data               c_w.l(stdio_streams.o)
    0x200000f4   0x08051b84   0x00000004   Data   RW         7384    .data               c_w.l(stdio_streams.o)
    0x200000f8   0x08051b88   0x00000004   Data   RW         7385    .data               c_w.l(stdio_streams.o)
    0x200000fc        -       0x00000960   Zero   RW          509    .bss                st7789.o
    0x20000a5c        -       0x0000427c   Zero   RW          839    .bss                fifo.o
    0x20004cd8        -       0x00000028   Zero   RW          975    .bss                lcdscreen.o
    0x20004d00        -       0x0000743c   Zero   RW         1165    .bss                main.o
    0x2000c13c        -       0x00000040   Zero   RW         1696    .bss                stm32f4xx_hal_timebase_tim.o
    0x2000c17c        -       0x00000250   Zero   RW         6575    .bss                ff.o
    0x2000c3cc        -       0x0000000c   Zero   RW         6916    .bss                ff_gen_drv.o
    0x2000c3d8        -       0x00000054   Zero   RW         7380    .bss                c_w.l(stdio_streams.o)
    0x2000c42c        -       0x00000054   Zero   RW         7381    .bss                c_w.l(stdio_streams.o)
    0x2000c480        -       0x00000054   Zero   RW         7382    .bss                c_w.l(stdio_streams.o)
    0x2000c4d4        -       0x00000060   Zero   RW         7490    .bss                c_w.l(libspace.o)
    0x2000c534   0x08051b8c   0x00000004   PAD
    0x2000c538        -       0x00010000   Zero   RW            2    HEAP                startup_stm32f413xx.o
    0x2001c538        -       0x00010000   Zero   RW            1    STACK               startup_stm32f413xx.o


==============================================================================

Image component sizes


      Code (inc. data)   RO Data    RW Data    ZI Data      Debug   Object Name

      1616         52          0          0          0      18431   af_detect.o
      2988          0          0          0          0       4821   arm_cfft_f32.o
      2824          8          0          0          0       3371   arm_cfft_radix8_f32.o
       364          4          0          0          0      14820   arm_cmplx_mag_f32.o
         0          0     216778          0          0       4740   arm_common_tables.o
         0          0        432          0          0       2295   arm_const_structs.o
      1812          6          0          0          0      16194   arm_fir_f32.o
        40          0          0          0          0       1187   arm_fir_init_f32.o
       174          0          0          0          0       1354   arm_max_f32.o
       116          4          0          0          0        887   arm_mean_f32.o
       174          0          0          0          0       1354   arm_min_f32.o
       114          0          0          0          0       1091   arm_mult_f32.o
       124          0          0          0          0      14281   arm_offset_f32.o
       124          0          0          0          0        912   arm_scale_f32.o
       114          0          0          0          0        986   arm_sub_f32.o
        70          0          0          0          0       1313   bitreversal.o
       226         26          0          0          0       6450   bsp_driver_sd.o
       240         24        942          0          0       2231   ccsbcs.o
       208         24          0          0          0       3981   diskio.o
        32         12          0          5          0       1584   fatfs.o
        24          4          0          0          0        581   fatfs_platform.o
      9632        116        170          6        592      57738   ff.o
       102          6          0          0         12       1719   ff_gen_drv.o
      2176        434          0          5      17020      12591   fifo.o
         0          0      24764         24          0       1609   fonts.o
      5516       1066          0         24         40      11243   lcdscreen.o
      1346         46          0          0          0      32851   lsm6ds.o
     11580       1516       3496        130      29756      71308   main.o
       448         14          0          0          0     732208   max17262.o
       770         60          0          0          0       5570   max30003.o
      1264         50          0          4          0     745841   max86171.o
       418         30         23          0          0       7882   retarget_io.o
       542         38         20         12          0      11353   sd_diskio.o
      1446         82          0          2       2400       9803   st7789.o
        64         26        472          0     131072        860   startup_stm32f413xx.o
       136         24          0          9          0       8958   stm32f4xx_hal.o
       252         22          0          0          0      33770   stm32f4xx_hal_cortex.o
      1270         16          8          0          0       6945   stm32f4xx_hal_dma.o
       552         44          0          0          0       3690   stm32f4xx_hal_gpio.o
      2844         46          0          0          0      11834   stm32f4xx_hal_i2c.o
        94          0          0          0          0       1791   stm32f4xx_hal_iwdg.o
      2280        174          0          0          0       7453   stm32f4xx_hal_msp.o
        72         16          0          0          0       1776   stm32f4xx_hal_pwr.o
       708         70          0          0          0       4797   stm32f4xx_hal_rcc.o
      2196         60          0          0          0       3416   stm32f4xx_hal_rcc_ex.o
      3618         64          0          0          0      19399   stm32f4xx_hal_sd.o
      2968         48          0          0          0      19939   stm32f4xx_hal_spi.o
      1738        100          0          0          0      12709   stm32f4xx_hal_tim.o
       184         30          0          0          0       2561   stm32f4xx_hal_tim_ex.o
       140         18          0          0         64       1511   stm32f4xx_hal_timebase_tim.o
      2288         20          0          0          0      10247   stm32f4xx_hal_uart.o
       326        102          0          0          0      14142   stm32f4xx_it.o
      2110         46          0          0          0      24871   stm32f4xx_ll_sdmmc.o
         0          0          0          0          0        556   syscall.o
        20          6         24          4          0       1175   system_stm32f4xx.o

    ----------------------------------------------------------------------
     70564       4554     247165        236     180956    1996980   Object Totals
         0          0         32          0          0          0   (incl. Generated)
        80          0          4         11          0          0   (incl. Padding)

    ----------------------------------------------------------------------

      Code (inc. data)   RO Data    RW Data    ZI Data      Debug   Library Member Name

         8          0          0          0          0         68   __main.o
       312          4         17          0          0         92   __printf_flags_wp.o
        14          0          0          0          0         68   __printf_wp.o
         0          0          0          0          0          0   __rtentry.o
        12          0          0          0          0          0   __rtentry2.o
         6          0          0          0          0          0   __rtentry4.o
        52          8          0          0          0          0   __scatter.o
        26          0          0          0          0          0   __scatter_copy.o
        28          0          0          0          0          0   __scatter_zi.o
        44          0          0          0          0        108   _printf_char.o
        48          6          0          0          0         96   _printf_char_common.o
        36          4          0          0          0         80   _printf_char_file.o
         6          0          0          0          0          0   _printf_d.o
       120         16          0          0          0         92   _printf_dec.o
         6          0          0          0          0          0   _printf_f.o
      1054          0          0          0          0        216   _printf_fp_dec.o
       128         16          0          0          0         84   _printf_fp_infnan.o
       178          0          0          0          0         88   _printf_intcommon.o
        78          0          0          0          0        108   _printf_pad.o
         0          0          0          0          0          0   _printf_percent.o
         4          0          0          0          0          0   _printf_percent_end.o
         6          0          0          0          0          0   _printf_s.o
        82          0          0          0          0         80   _printf_str.o
        22          0          0          0          0        100   _rserrno.o
        10          0          0          0          0         68   _sputc.o
        16          0          0          0          0         68   aeabi_memset.o
       228          4        148          0          0         96   bigflt0.o
      1936        128          0          0          0        672   btod.o
        40          0          0          0          0         80   calloc.o
        10          0          0          0          0         68   defsig_exit.o
        50          0          0          0          0         88   defsig_general.o
        80         58          0          0          0         76   defsig_rtmem_inner.o
        14          0          0          0          0         80   defsig_rtmem_outer.o
        52         38          0          0          0         76   defsig_rtred_inner.o
        14          0          0          0          0         80   defsig_rtred_outer.o
        18          0          0          0          0         80   exit.o
        76          0          0          0          0         88   fclose.o
         8          0          0          0          0         68   ferror.o
       236          4          0          0          0        128   fopen.o
       248          6          0          0          0         84   fseek.o
        66          0          0          0          0         76   ftell.o
        94          0          0          0          0         80   h1_alloc.o
        52          0          0          0          0         68   h1_extend.o
        78          0          0          0          0         80   h1_free.o
        14          0          0          0          0         84   h1_init.o
         6          0          0          0          0        152   heapauxi.o
         4          0          0          0          0        136   hguard.o
         0          0          0          0          0          0   indicate_semi.o
       138          0          0          0          0        168   init_alloc.o
       312         46          0          0          0        112   initio.o
        44         10         28          0          0         76   lc_numeric_c.o
         2          0          0          0          0          0   libinit.o
        34          0          0          0          0          0   libinit2.o
         2          0          0          0          0          0   libshutdown.o
         6          0          0          0          0          0   libshutdown2.o
         8          4          0          0         96         68   libspace.o
       138          0          0          0          0         80   lludiv10.o
       238          0          0          0          0        100   lludivv7m.o
         0          0          0          0          0          0   maybetermalloc1.o
        24          4          0          0          0         84   noretval__2printf.o
        40          6          0          0          0         84   noretval__2sprintf.o
         8          4          0          0          0         68   rt_errno_addr_intlibspace.o
         8          4          0          0          0         68   rt_heap_descriptor_intlibspace.o
         8          4          0          0          0         68   rt_locale_intlibspace.o
        68          0          0          0          0         68   rt_memclr.o
        78          0          0          0          0         80   rt_memclr_w.o
       138          0          0          0          0         68   rt_memcpy_v6.o
       100          0          0          0          0         80   rt_memcpy_w.o
         2          0          0          0          0          0   rtexit.o
        10          0          0          0          0          0   rtexit2.o
        70          0          0          0          0         80   setvbuf.o
       240          6          0          0          0        156   stdio.o
         0          0          0         12        252          0   stdio_streams.o
        24          0          0          0          0         68   strcat.o
        20          0          0          0          0         68   strchr.o
       128          0          0          0          0         68   strcmpv7m.o
        72          0          0          0          0         80   strcpy.o
        32          0          0          0          0         80   strcspn.o
        62          0          0          0          0         76   strlen.o
       150          0          0          0          0         80   strncmp.o
        28          0          0          0          0         80   strspn.o
        12          6          0          4          0         68   strtok.o
        68          4          0          0          0         84   strtok_int.o
        12          4          0          0          0         68   sys_exit.o
        74          0          0          0          0         80   sys_stackheap_outer.o
        14          0          0          0          0         76   sys_wrch.o
         2          0          0          0          0         68   use_no_semi.o
        24          0          0          0          0        164   basic.o
        98          4          0          0          0        140   d2f.o
       826         16          0          0          0        492   daddsub_clz.o
        16          4          0          0          0        116   dcheck1.o
        24          0          0          0          0        116   dcmpi.o
       688        140          0          0          0        256   ddiv.o
        94          4          0          0          0        140   dfix.o
        90          4          0          0          0        140   dfixu.o
        84          0          0          0          0        232   dflt_clz.o
       120          4          0          0          0        140   dleqf.o
       340         12          0          0          0        152   dmul.o
       156          4          0          0          0        140   dnaninf.o
        12          0          0          0          0        116   dretinf.o
       108          0          0          0          0        128   drleqf.o
       180          4          0          0          0        128   drnd.o
       408         56          0          0          0        168   dsqrt_umaal.o
        86          4          0          0          0        132   f2d.o
       140          4          0          0          0        132   fnaninf.o
        10          0          0          0          0        116   fpinit.o
        10          0          0          0          0        116   fretinf.o
         4          0          0          0          0        116   printf1.o
       100          0          0          0          0        116   retnan.o
        92          0          0          0          0        116   scalbn.o
        48          0          0          0          0        116   trapv.o
         0          0          0          0          0          0   usenofp.o
       164         44          0          0          0        620   dunder.o
        44          0          0          0          0        248   fabs.o
        48          0          0          0          0        124   fpclassify.o
        42         12          0          0          0        348   funder.o
       364         44         64          0          0        140   logf.o
       248          0          0          0          0        152   poly.o
      3152        296        136          0          0        352   pow.o
         0          0          8          0          0          0   qnan.o
       224         30          0          0          0        172   round.o
       232          0          0          0          0        296   sqrt.o

    ----------------------------------------------------------------------
     16346       1080        405         16        352      12588   Library Totals
        36          0          4          0          4          0   (incl. Padding)

    ----------------------------------------------------------------------

      Code (inc. data)   RO Data    RW Data    ZI Data      Debug   Library Name

      8034        394        193         16        348       6408   c_w.l
      3758        260          0          0          0       3728   fz_wm.l
      4518        426        208          0          0       2452   m_wm.l

    ----------------------------------------------------------------------
     16346       1080        405         16        352      12588   Library Totals

    ----------------------------------------------------------------------

==============================================================================


      Code (inc. data)   RO Data    RW Data    ZI Data      Debug   

     86910       5634     247570        252     181308    1960924   Grand Totals
     86910       5634     247570        252     181308    1960924   ELF Image Totals
     86910       5634     247570        252          0          0   ROM Totals

==============================================================================

    Total RO  Size (Code + RO Data)               334480 ( 326.64kB)
    Total RW  Size (RW Data + ZI Data)            181560 ( 177.30kB)
    Total ROM Size (Code + RO Data + RW Data)     334732 ( 326.89kB)

==============================================================================

